Archive member included because of file (symbol)

c:/infineon/tools/dave ide/4.5.0.202105191637/eclipse/arm-gcc-49/bin/../lib/gcc/arm-none-eabi/4.9.3/armv7e-m/softfp\libgcc.a(_lshrdi3.o)
                              ./Dave/Generated/TIMER/timer.o (__aeabi_llsr)
c:/infineon/tools/dave ide/4.5.0.202105191637/eclipse/arm-gcc-49/bin/../lib/gcc/arm-none-eabi/4.9.3/armv7e-m/softfp\libgcc.a(_aeabi_uldivmod.o)
                              ./Dave/Generated/TIMER/timer.o (__aeabi_uldivmod)
c:/infineon/tools/dave ide/4.5.0.202105191637/eclipse/arm-gcc-49/bin/../lib/gcc/arm-none-eabi/4.9.3/armv7e-m/softfp\libgcc.a(bpabi.o)
                              c:/infineon/tools/dave ide/4.5.0.202105191637/eclipse/arm-gcc-49/bin/../lib/gcc/arm-none-eabi/4.9.3/armv7e-m/softfp\libgcc.a(_aeabi_uldivmod.o) (__gnu_uldivmod_helper)
c:/infineon/tools/dave ide/4.5.0.202105191637/eclipse/arm-gcc-49/bin/../lib/gcc/arm-none-eabi/4.9.3/armv7e-m/softfp\libgcc.a(_dvmd_tls.o)
                              c:/infineon/tools/dave ide/4.5.0.202105191637/eclipse/arm-gcc-49/bin/../lib/gcc/arm-none-eabi/4.9.3/armv7e-m/softfp\libgcc.a(_aeabi_uldivmod.o) (__aeabi_ldiv0)
c:/infineon/tools/dave ide/4.5.0.202105191637/eclipse/arm-gcc-49/bin/../lib/gcc/arm-none-eabi/4.9.3/armv7e-m/softfp\libgcc.a(_divdi3.o)
                              c:/infineon/tools/dave ide/4.5.0.202105191637/eclipse/arm-gcc-49/bin/../lib/gcc/arm-none-eabi/4.9.3/armv7e-m/softfp\libgcc.a(bpabi.o) (__divdi3)
c:/infineon/tools/dave ide/4.5.0.202105191637/eclipse/arm-gcc-49/bin/../lib/gcc/arm-none-eabi/4.9.3/armv7e-m/softfp\libgcc.a(_udivdi3.o)
                              c:/infineon/tools/dave ide/4.5.0.202105191637/eclipse/arm-gcc-49/bin/../lib/gcc/arm-none-eabi/4.9.3/armv7e-m/softfp\libgcc.a(bpabi.o) (__udivdi3)
c:/infineon/tools/dave ide/4.5.0.202105191637/eclipse/arm-gcc-49/bin/../lib/gcc/arm-none-eabi/4.9.3/../../../../arm-none-eabi/lib/armv7e-m/softfp\libc_nano.a(lib_a-errno.o)
                              ./Libraries/Newlib/syscalls.o (__errno)
c:/infineon/tools/dave ide/4.5.0.202105191637/eclipse/arm-gcc-49/bin/../lib/gcc/arm-none-eabi/4.9.3/../../../../arm-none-eabi/lib/armv7e-m/softfp\libc_nano.a(lib_a-impure.o)
                              c:/infineon/tools/dave ide/4.5.0.202105191637/eclipse/arm-gcc-49/bin/../lib/gcc/arm-none-eabi/4.9.3/../../../../arm-none-eabi/lib/armv7e-m/softfp\libc_nano.a(lib_a-errno.o) (_impure_ptr)
c:/infineon/tools/dave ide/4.5.0.202105191637/eclipse/arm-gcc-49/bin/../lib/gcc/arm-none-eabi/4.9.3/../../../../arm-none-eabi/lib/armv7e-m/softfp\libc_nano.a(lib_a-init.o)
                              ./Startup/startup_XMC4800.o (__libc_init_array)
c:/infineon/tools/dave ide/4.5.0.202105191637/eclipse/arm-gcc-49/bin/../lib/gcc/arm-none-eabi/4.9.3/../../../../arm-none-eabi/lib/armv7e-m/softfp\libc_nano.a(lib_a-malloc.o)
                              ./SSC/Src/ecatcoe.o (malloc)
c:/infineon/tools/dave ide/4.5.0.202105191637/eclipse/arm-gcc-49/bin/../lib/gcc/arm-none-eabi/4.9.3/../../../../arm-none-eabi/lib/armv7e-m/softfp\libc_nano.a(lib_a-memcmp.o)
                              ./Dave/Generated/E_EEPROM_XMC4/e_eeprom_xmc4.o (memcmp)
c:/infineon/tools/dave ide/4.5.0.202105191637/eclipse/arm-gcc-49/bin/../lib/gcc/arm-none-eabi/4.9.3/../../../../arm-none-eabi/lib/armv7e-m/softfp\libc_nano.a(lib_a-memcpy.o)
                              ./SSC/Src/coeappl.o (memcpy)
c:/infineon/tools/dave ide/4.5.0.202105191637/eclipse/arm-gcc-49/bin/../lib/gcc/arm-none-eabi/4.9.3/../../../../arm-none-eabi/lib/armv7e-m/softfp\libc_nano.a(lib_a-memset.o)
                              ./SSC/Src/mailbox.o (memset)
c:/infineon/tools/dave ide/4.5.0.202105191637/eclipse/arm-gcc-49/bin/../lib/gcc/arm-none-eabi/4.9.3/../../../../arm-none-eabi/lib/armv7e-m/softfp\libc_nano.a(lib_a-nano-freer.o)
                              c:/infineon/tools/dave ide/4.5.0.202105191637/eclipse/arm-gcc-49/bin/../lib/gcc/arm-none-eabi/4.9.3/../../../../arm-none-eabi/lib/armv7e-m/softfp\libc_nano.a(lib_a-malloc.o) (_free_r)
c:/infineon/tools/dave ide/4.5.0.202105191637/eclipse/arm-gcc-49/bin/../lib/gcc/arm-none-eabi/4.9.3/../../../../arm-none-eabi/lib/armv7e-m/softfp\libc_nano.a(lib_a-nano-mallocr.o)
                              c:/infineon/tools/dave ide/4.5.0.202105191637/eclipse/arm-gcc-49/bin/../lib/gcc/arm-none-eabi/4.9.3/../../../../arm-none-eabi/lib/armv7e-m/softfp\libc_nano.a(lib_a-malloc.o) (_malloc_r)
c:/infineon/tools/dave ide/4.5.0.202105191637/eclipse/arm-gcc-49/bin/../lib/gcc/arm-none-eabi/4.9.3/../../../../arm-none-eabi/lib/armv7e-m/softfp\libc_nano.a(lib_a-sbrkr.o)
                              c:/infineon/tools/dave ide/4.5.0.202105191637/eclipse/arm-gcc-49/bin/../lib/gcc/arm-none-eabi/4.9.3/../../../../arm-none-eabi/lib/armv7e-m/softfp\libc_nano.a(lib_a-nano-mallocr.o) (_sbrk_r)
c:/infineon/tools/dave ide/4.5.0.202105191637/eclipse/arm-gcc-49/bin/../lib/gcc/arm-none-eabi/4.9.3/../../../../arm-none-eabi/lib/armv7e-m/softfp\libc_nano.a(lib_a-strlen.o)
[...]
Memory Configuration

Name             Origin             Length             Attributes
FLASH_0_cached   0x08000000         0x00010000         xr
FLASH_0_uncached 0x0c000000         0x00010000         xr
FLASH_1_cached   0x08020000         0x001e0000         xr
FLASH_1_uncached 0x0c020000         0x001e0000         xr
PSRAM_1          0x1ffe8000         0x00018000         !xr
DSRAM_1_system   0x20000000         0x00020000         !xr
DSRAM_2_comm     0x20020000         0x00020000         !xr
SRAM_combined    0x1ffe8000         0x00058000         !xr
*default*        0x00000000         0xffffffff

Linker script and memory map

LOAD ./Startup/startup_XMC4800.o
LOAD ./Startup/system_XMC4800.o
LOAD ./SSC/Src/XMC_ESC.o
LOAD ./SSC/Src/coeappl.o
LOAD ./SSC/Src/ecatappl.o
LOAD ./SSC/Src/ecatcoe.o
LOAD ./SSC/Src/ecatslv.o
LOAD ./SSC/Src/mailbox.o
LOAD ./SSC/Src/objdef.o
LOAD ./SSC/Src/sdoserv.o
LOAD ./Libraries/XMCLib/src/xmc4_eru.o
LOAD ./Libraries/XMCLib/src/xmc4_flash.o
LOAD ./Libraries/XMCLib/src/xmc4_gpio.o
LOAD ./Libraries/XMCLib/src/xmc4_rtc.o
LOAD ./Libraries/XMCLib/src/xmc4_scu.o
LOAD ./Libraries/XMCLib/src/xmc_can.o
LOAD ./Libraries/XMCLib/src/xmc_ccu4.o
LOAD ./Libraries/XMCLib/src/xmc_ccu8.o
LOAD ./Libraries/XMCLib/src/xmc_common.o
LOAD ./Libraries/XMCLib/src/xmc_dac.o
LOAD ./Libraries/XMCLib/src/xmc_dma.o
LOAD ./Libraries/XMCLib/src/xmc_dsd.o
LOAD ./Libraries/XMCLib/src/xmc_ebu.o
LOAD ./Libraries/XMCLib/src/xmc_ecat.o
LOAD ./Libraries/XMCLib/src/xmc_eru.o
LOAD ./Libraries/XMCLib/src/xmc_eth_mac.o
LOAD ./Libraries/XMCLib/src/xmc_eth_phy_dp83848.o
LOAD ./Libraries/XMCLib/src/xmc_eth_phy_ksz8031rnl.o
LOAD ./Libraries/XMCLib/src/xmc_eth_phy_ksz8081rnb.o
LOAD ./Libraries/XMCLib/src/xmc_fce.o
LOAD ./Libraries/XMCLib/src/xmc_gpio.o
LOAD ./Libraries/XMCLib/src/xmc_hrpwm.o
LOAD ./Libraries/XMCLib/src/xmc_i2c.o
LOAD ./Libraries/XMCLib/src/xmc_i2s.o
LOAD ./Libraries/XMCLib/src/xmc_ledts.o
LOAD ./Libraries/XMCLib/src/xmc_posif.o
LOAD ./Libraries/XMCLib/src/xmc_rtc.o
LOAD ./Libraries/XMCLib/src/xmc_sdmmc.o
LOAD ./Libraries/XMCLib/src/xmc_spi.o
LOAD ./Libraries/XMCLib/src/xmc_uart.o
LOAD ./Libraries/XMCLib/src/xmc_usbd.o
LOAD ./Libraries/XMCLib/src/xmc_usbh.o
LOAD ./Libraries/XMCLib/src/xmc_usic.o
LOAD ./Libraries/XMCLib/src/xmc_vadc.o
LOAD ./Libraries/XMCLib/src/xmc_wdt.o
LOAD ./Libraries/Newlib/syscalls.o
LOAD ./Dave/Generated/TIMER/timer.o
LOAD ./Dave/Generated/TIMER/timer_conf.o
LOAD ./Dave/Generated/SYSTIMER/systimer.o
LOAD ./Dave/Generated/SYSTIMER/systimer_conf.o
LOAD ./Dave/Generated/PWM_CCU8/pwm_ccu8.o
LOAD ./Dave/Generated/PWM_CCU8/pwm_ccu8_conf.o
LOAD ./Dave/Generated/INTERRUPT/interrupt.o
LOAD ./Dave/Generated/INTERRUPT/interrupt_conf.o
LOAD ./Dave/Generated/GLOBAL_CCU8/global_ccu8.o
LOAD ./Dave/Generated/GLOBAL_CCU8/global_ccu8_conf.o
LOAD ./Dave/Generated/GLOBAL_CCU4/global_ccu4.o
LOAD ./Dave/Generated/GLOBAL_CCU4/global_ccu4_conf.o
LOAD ./Dave/Generated/E_EEPROM_XMC4/e_eeprom_xmc4.o
LOAD ./Dave/Generated/E_EEPROM_XMC4/e_eeprom_xmc4_conf.o
LOAD ./Dave/Generated/EVENT_GENERATOR/event_generator.o
LOAD ./Dave/Generated/EVENT_GENERATOR/event_generator_conf.o
LOAD ./Dave/Generated/EVENT_DETECTOR/event_detector.o
LOAD ./Dave/Generated/EVENT_DETECTOR/event_detector_conf.o
LOAD ./Dave/Generated/ECAT_SSC/ecat_ssc.o
LOAD ./Dave/Generated/ECAT_SSC/ecat_ssc_conf.o
LOAD ./Dave/Generated/ECAT_SSC/xmc_eschw.o
LOAD ./Dave/Generated/DIGITAL_IO/digital_io.o
LOAD ./Dave/Generated/DIGITAL_IO/digital_io_conf.o
LOAD ./Dave/Generated/CPU_CTRL_XMC4/cpu_ctrl_xmc4.o
LOAD ./Dave/Generated/CPU_CTRL_XMC4/cpu_ctrl_xmc4_conf.o
LOAD ./Dave/Generated/CLOCK_XMC4/clock_xmc4.o
LOAD ./Dave/Generated/CLOCK_XMC4/clock_xmc4_conf.o
LOAD ./Dave/Generated/DAVE.o
LOAD ./main.o
LOAD c:/infineon/tools/dave ide/4.5.0.202105191637/eclipse/arm-gcc-49/bin/../lib/gcc/arm-none-eabi/4.9.3/../../../../arm-none-eabi/lib/armv7e-m/softfp\libm.a
START GROUP
LOAD c:/infineon/tools/dave ide/4.5.0.202105191637/eclipse/arm-gcc-49/bin/../lib/gcc/arm-none-eabi/4.9.3/armv7e-m/softfp\libgcc.a
LOAD c:/infineon/tools/dave ide/4.5.0.202105191637/eclipse/arm-gcc-49/bin/../lib/gcc/arm-none-eabi/4.9.3/../../../../arm-none-eabi/lib/armv7e-m/softfp\libc_nano.a
END GROUP
START GROUP
LOAD c:/infineon/tools/dave ide/4.5.0.202105191637/eclipse/arm-gcc-49/bin/../lib/gcc/arm-none-eabi/4.9.3/armv7e-m/softfp\libgcc.a
LOAD c:/infineon/tools/dave ide/4.5.0.202105191637/eclipse/arm-gcc-49/bin/../lib/gcc/arm-none-eabi/4.9.3/../../../../arm-none-eabi/lib/armv7e-m/softfp\libc_nano.a
LOAD c:/infineon/tools/dave ide/4.5.0.202105191637/eclipse/arm-gcc-49/bin/../lib/gcc/arm-none-eabi/4.9.3/../../../../arm-none-eabi/lib/armv7e-m/softfp\libnosys.a
END GROUP
START GROUP
LOAD c:/infineon/tools/dave ide/4.5.0.202105191637/eclipse/arm-gcc-49/bin/../lib/gcc/arm-none-eabi/4.9.3/armv7e-m/softfp\libgcc.a
LOAD c:/infineon/tools/dave ide/4.5.0.202105191637/eclipse/arm-gcc-49/bin/../lib/gcc/arm-none-eabi/4.9.3/../../../../arm-none-eabi/lib/armv7e-m/softfp\libc_nano.a
LOAD c:/infineon/tools/dave ide/4.5.0.202105191637/eclipse/arm-gcc-49/bin/../lib/gcc/arm-none-eabi/4.9.3/../../../../arm-none-eabi/lib/armv7e-m/softfp\libnosys.a
END GROUP
                0x00000800                stack_size = DEFINED (stack_size)?stack_size:0x800
                0x00000040                no_init_size = 0x40

.reset          0x08000000      0x29c load address 0x0c000000
 *(.reset)
 .reset         0x08000000      0x29c ./Startup/startup_XMC4800.o
                0x08000000                __Vectors
                0x08000200                Reset_Handler
                0x08000298                DSD0_7_IRQHandler
                0x08000298                DebugMon_Handler
                0x08000298                VADC0_C0_0_IRQHandler
                0x08000298                CAN0_4_IRQHandler
                0x08000298                VADC0_G2_0_IRQHandler
                0x08000298                USIC0_5_IRQHandler
                0x08000298                POSIF0_0_IRQHandler
                0x08000298                POSIF1_0_IRQHandler
                0x08000298                HardFault_Handler
                0x08000298                VADC0_G1_1_IRQHandler
                0x08000298                PendSV_Handler
                0x08000298                NMI_Handler
                0x08000298                USIC1_3_IRQHandler
                0x08000298                CCU40_2_IRQHandler
                0x08000298                SCU_0_IRQHandler
                0x08000298                ERU0_0_IRQHandler
                0x08000298                CCU41_0_IRQHandler
                0x08000298                USIC1_5_IRQHandler
                0x08000298                DSD0_4_IRQHandler
                0x08000298                CCU80_1_IRQHandler
                0x08000298                CCU81_0_IRQHandler
                0x08000298                UsageFault_Handler
                0x08000298                USIC0_0_IRQHandler
                0x08000298                POSIF1_1_IRQHandler
                0x08000298                ERU0_2_IRQHandler
                0x08000298                CCU81_1_IRQHandler
                0x08000298                ERU1_1_IRQHandler
                0x08000298                VADC0_G2_3_IRQHandler
                0x08000298                VADC0_G2_2_IRQHandler
                0x08000298                CCU42_3_IRQHandler
                0x08000298                ERU0_3_IRQHandler
                0x08000298                DSD0_5_IRQHandler
                0x08000298                VADC0_C0_3_IRQHandler
                0x08000298                CAN0_6_IRQHandler
                0x08000298                CCU43_0_IRQHandler
                0x08000298                VADC0_G0_1_IRQHandler
                0x08000298                CCU81_2_IRQHandler
                0x08000298                USIC2_4_IRQHandler
                0x08000298                CCU81_3_IRQHandler
                0x08000298                CCU42_1_IRQHandler
                0x08000298                USIC1_1_IRQHandler
                0x08000298                USIC2_5_IRQHandler
                0x08000298                CCU40_0_IRQHandler
                0x08000298                CAN0_0_IRQHandler
                0x08000298                CCU42_2_IRQHandler
                0x08000298                Default_Handler
                0x08000298                USIC1_4_IRQHandler
                0x08000298                USIC1_0_IRQHandler
                0x08000298                POSIF0_1_IRQHandler
                0x08000298                VADC0_G0_0_IRQHandler
                0x08000298                DSD0_2_IRQHandler
                0x08000298                CCU80_3_IRQHandler
                0x08000298                CCU41_3_IRQHandler
                0x08000298                CCU80_2_IRQHandler
                0x08000298                VADC0_G1_3_IRQHandler
                0x08000298                VADC0_G0_3_IRQHandler
                0x08000298                GPDMA0_0_IRQHandler
                0x08000298                PMU0_0_IRQHandler
                0x08000298                CAN0_7_IRQHandler
                0x08000298                DSD0_1_IRQHandler
                0x08000298                CCU41_2_IRQHandler
                0x08000298                VADC0_C0_1_IRQHandler
                0x08000298                CCU43_2_IRQHandler
                0x08000298                USIC2_2_IRQHandler
                0x08000298                MemManage_Handler
                0x08000298                VADC0_G3_1_IRQHandler
                0x08000298                DAC0_0_IRQHandler
                0x08000298                SVC_Handler
                0x08000298                VADC0_G3_3_IRQHandler
                0x08000298                ERU1_2_IRQHandler
                0x08000298                CCU41_1_IRQHandler
                0x08000298                DSD0_6_IRQHandler
                0x08000298                VADC0_G1_2_IRQHandler
                0x08000298                USIC2_3_IRQHandler
                0x08000298                CAN0_2_IRQHandler
                0x08000298                USIC2_0_IRQHandler
                0x08000298                VADC0_G0_2_IRQHandler
                0x08000298                VADC0_G2_1_IRQHandler
                0x08000298                CAN0_3_IRQHandler
                0x08000298                ETH0_0_IRQHandler
                0x08000298                USIC0_3_IRQHandler
                0x08000298                DSD0_0_IRQHandler
                0x08000298                VADC0_C0_2_IRQHandler
                0x08000298                CCU42_0_IRQHandler
                0x08000298                FCE0_0_IRQHandler
                0x08000298                VADC0_G1_0_IRQHandler
                0x08000298                USB0_0_IRQHandler
                0x08000298                CAN0_5_IRQHandler
                0x08000298                CCU80_0_IRQHandler
                0x08000298                CCU40_1_IRQHandler
                0x08000298                USIC2_1_IRQHandler
                0x08000298                USIC0_1_IRQHandler
                0x08000298                VADC0_G3_2_IRQHandler
                0x08000298                CCU40_3_IRQHandler
                0x08000298                BusFault_Handler
                0x08000298                LEDTS0_0_IRQHandler
                0x08000298                USIC0_4_IRQHandler
                0x08000298                CCU43_3_IRQHandler
                0x08000298                ERU0_1_IRQHandler
                0x08000298                VADC0_G3_0_IRQHandler
                0x08000298                USIC1_2_IRQHandler
                0x08000298                DSD0_3_IRQHandler
                0x08000298                SDMMC0_0_IRQHandler
                0x08000298                CAN0_1_IRQHandler
                0x08000298                USIC0_2_IRQHandler
                0x08000298                DAC0_1_IRQHandler
                0x08000298                GPDMA1_0_IRQHandler

.text           0x08020000     0x64b4 load address 0x0c020000
                0x08020000                sText = .
 *(.text .text.* .gnu.linkonce.t.*)
 .text.SystemCoreClockUpdate
                0x08020000       0x88 ./Startup/system_XMC4800.o
                0x08020000                SystemCoreClockUpdate
 .text.SystemInit
                0x08020088       0x30 ./Startup/system_XMC4800.o
                0x08020088                SystemInit
 .text.APPL_AckErrorInd
                0x080200b8        0x2 ./SSC/Src/XMC_ESC.o
                0x080200b8                APPL_AckErrorInd
 .text.APPL_StartMailboxHandler
                0x080200ba        0x4 ./SSC/Src/XMC_ESC.o
                0x080200ba                APPL_StartMailboxHandler
 .text.APPL_StopMailboxHandler
                0x080200be        0x4 ./SSC/Src/XMC_ESC.o
                0x080200be                APPL_StopMailboxHandler
 .text.APPL_StartInputHandler
                0x080200c2        0x4 ./SSC/Src/XMC_ESC.o
                0x080200c2                APPL_StartInputHandler
 .text.APPL_StopInputHandler
                0x080200c6        0x4 ./SSC/Src/XMC_ESC.o
                0x080200c6                APPL_StopInputHandler
 .text.APPL_StartOutputHandler
                0x080200ca        0x4 ./SSC/Src/XMC_ESC.o
                0x080200ca                APPL_StartOutputHandler
 .text.APPL_StopOutputHandler
                0x080200ce        0x4 ./SSC/Src/XMC_ESC.o
                0x080200ce                APPL_StopOutputHandler
 *fill*         0x080200d2        0x2 
 .text.APPL_GenerateMapping
                0x080200d4       0xec ./SSC/Src/XMC_ESC.o
                0x080200d4                APPL_GenerateMapping
 .text.APPL_InputMapping
                0x080201c0       0x30 ./SSC/Src/XMC_ESC.o
                0x080201c0                APPL_InputMapping
 .text.APPL_OutputMapping
                0x080201f0       0x30 ./SSC/Src/XMC_ESC.o
                0x080201f0                APPL_OutputMapping
 .text.APPL_Application
                0x08020220       0x14 ./SSC/Src/XMC_ESC.o
                0x08020220                APPL_Application
 .text.COE_SyncTimeStamp
                0x08020234       0x54 ./SSC/Src/coeappl.o
                0x08020234                COE_SyncTimeStamp
 .text.Read0x10F8
                0x08020288       0x44 ./SSC/Src/coeappl.o
                0x08020288                Read0x10F8
 .text.COE_GetObjectDictionary
                0x080202cc        0xc ./SSC/Src/coeappl.o
                0x080202cc                COE_GetObjectDictionary
 .text.COE_UpdateSyncErrorStatus
                0x080202d8       0x4c ./SSC/Src/coeappl.o
                0x080202d8                COE_UpdateSyncErrorStatus
 .text.COE_AddObjectToDic
                0x08020324       0x58 ./SSC/Src/coeappl.o
                0x08020324                COE_AddObjectToDic
 .text.COE_RemoveDicEntry
                0x0802037c       0x38 ./SSC/Src/coeappl.o
                0x0802037c                COE_RemoveDicEntry
 .text.COE_ClearObjDictionary
                0x080203b4       0x1c ./SSC/Src/coeappl.o
                0x080203b4                COE_ClearObjDictionary
 .text.AddObjectsToObjDictionary
                0x080203d0       0x1e ./SSC/Src/coeappl.o
                0x080203d0                AddObjectsToObjDictionary
 *fill*         0x080203ee        0x2 
 .text.COE_ObjDictionaryInit
                0x080203f0       0x28 ./SSC/Src/coeappl.o
                0x080203f0                COE_ObjDictionaryInit
 .text.COE_ObjInit
                0x08020418       0xdc ./SSC/Src/coeappl.o
                0x08020418                COE_ObjInit
 .text.COE_Main
                0x080204f4       0xac ./SSC/Src/coeappl.o
                0x080204f4                COE_Main
 .text.ECAT_CheckTimer
                0x080205a0       0xa4 ./SSC/Src/ecatappl.o
                0x080205a0                ECAT_CheckTimer
 .text.GetSystemTimeDelay
                0x08020644       0x34 ./SSC/Src/ecatappl.o
                0x08020644                GetSystemTimeDelay
 .text.PDO_InputMapping
                0x08020678       0x78 ./SSC/Src/ecatappl.o
                0x08020678                PDO_InputMapping
 .text.HandleCycleTimeMeasurement
                0x080206f0       0x48 ./SSC/Src/ecatappl.o
                0x080206f0                HandleCycleTimeMeasurement
 .text.PDO_OutputMapping
                0x08020738       0x8c ./SSC/Src/ecatappl.o
                0x08020738                PDO_OutputMapping
 .text.Sync1_Isr
                0x080207c4       0x48 ./SSC/Src/ecatappl.o
                0x080207c4                Sync1_Isr
 .text.MainInit
                0x0802080c       0xc8 ./SSC/Src/ecatappl.o
                0x0802080c                MainInit
 .text.ECAT_Application
                0x080208d4       0x30 ./SSC/Src/ecatappl.o
                0x080208d4                ECAT_Application
 .text.Sync0_Isr
                0x08020904       0xf8 ./SSC/Src/ecatappl.o
                0x08020904                Sync0_Isr
 .text.PDI_Isr  0x080209fc      0x13c ./SSC/Src/ecatappl.o
                0x080209fc                PDI_Isr
 .text.MainLoop
                0x08020b38       0xbc ./SSC/Src/ecatappl.o
                0x08020b38                MainLoop
 .text.EEPROM_CommandHandler
                0x08020bf4      0x14c ./SSC/Src/ecatappl.o
                0x08020bf4                EEPROM_CommandHandler
 .text.COE_Init
                0x08020d40       0x14 ./SSC/Src/ecatcoe.o
                0x08020d40                COE_Init
 .text.COE_ServiceInd
                0x08020d54       0x26 ./SSC/Src/ecatcoe.o
                0x08020d54                COE_ServiceInd
 *fill*         0x08020d7a        0x2 
 .text.COE_ContinueInd
                0x08020d7c       0x44 ./SSC/Src/ecatcoe.o
                0x08020d7c                COE_ContinueInd
 .text.ResetALEventMask
                0x08020dc0       0x1c ./SSC/Src/ecatslv.o
                0x08020dc0                ResetALEventMask
 .text.SetALEventMask
                0x08020ddc       0x1c ./SSC/Src/ecatslv.o
                0x08020ddc                SetALEventMask
 .text.UpdateEEPROMLoadedState
                0x08020df8       0x24 ./SSC/Src/ecatslv.o
                0x08020df8                UpdateEEPROMLoadedState
 .text.GetSyncMan
                0x08020e1c       0x1c ./SSC/Src/ecatslv.o
                0x08020e1c                GetSyncMan
 .text.DisableSyncManChannel
                0x08020e38       0x30 ./SSC/Src/ecatslv.o
                0x08020e38                DisableSyncManChannel
 .text.EnableSyncManChannel
                0x08020e68       0x30 ./SSC/Src/ecatslv.o
                0x08020e68                EnableSyncManChannel
 .text.CheckSmSettings
                0x08020e98      0x1a4 ./SSC/Src/ecatslv.o
                0x08020e98                CheckSmSettings
 .text.StartInputHandler
                0x0802103c      0x4d8 ./SSC/Src/ecatslv.o
                0x0802103c                StartInputHandler
 .text.StartOutputHandler
                0x08021514       0x60 ./SSC/Src/ecatslv.o
                0x08021514                StartOutputHandler
 .text.StopOutputHandler
                0x08021574       0x14 ./SSC/Src/ecatslv.o
                0x08021574                StopOutputHandler
 .text.StopInputHandler
                0x08021588       0xd4 ./SSC/Src/ecatslv.o
                0x08021588                StopInputHandler
 .text.SetALStatus
                0x0802165c       0x70 ./SSC/Src/ecatslv.o
                0x0802165c                SetALStatus
 .text.AL_ControlInd
                0x080216cc      0x48c ./SSC/Src/ecatslv.o
                0x080216cc                AL_ControlInd
 .text.AL_ControlRes
                0x08021b58      0x238 ./SSC/Src/ecatslv.o
                0x08021b58                AL_ControlRes
 .text.DC_CheckWatchdog
                0x08021d90       0xd0 ./SSC/Src/ecatslv.o
                0x08021d90                DC_CheckWatchdog
 .text.CheckIfEcatError
                0x08021e60       0x6c ./SSC/Src/ecatslv.o
                0x08021e60                CheckIfEcatError
 .text.ECAT_Init
                0x08021ecc      0x108 ./SSC/Src/ecatslv.o
                0x08021ecc                ECAT_Init
 .text.ECAT_Main
                0x08021fd4      0x124 ./SSC/Src/ecatslv.o
                0x08021fd4                ECAT_Main
 .text.PutInMbxQueue
                0x080220f8       0x26 ./SSC/Src/mailbox.o
                0x080220f8                PutInMbxQueue
 .text.GetOutOfMbxQueue
                0x0802211e       0x26 ./SSC/Src/mailbox.o
                0x0802211e                GetOutOfMbxQueue
 .text.MBX_Init
                0x08022144       0xac ./SSC/Src/mailbox.o
                0x08022144                MBX_Init
 .text.MBX_StartMailboxHandler
                0x080221f0       0xa4 ./SSC/Src/mailbox.o
                0x080221f0                MBX_StartMailboxHandler
 .text.MBX_StopMailboxHandler
                0x08022294       0xcc ./SSC/Src/mailbox.o
                0x08022294                MBX_StopMailboxHandler
 .text.MailboxServiceInd
                0x08022360       0x12 ./SSC/Src/mailbox.o
                0x08022360                MailboxServiceInd
 *fill*         0x08022372        0x2 
 .text.MBX_CopyToSendMailbox
                0x08022374       0xec ./SSC/Src/mailbox.o
                0x08022374                MBX_CopyToSendMailbox
 .text.MBX_MailboxReadInd
                0x08022460       0x84 ./SSC/Src/mailbox.o
                0x08022460                MBX_MailboxReadInd
 .text.MBX_MailboxRepeatReq
                0x080224e4       0x5c ./SSC/Src/mailbox.o
                0x080224e4                MBX_MailboxRepeatReq
 .text.MBX_MailboxSendReq
                0x08022540       0x74 ./SSC/Src/mailbox.o
                0x08022540                MBX_MailboxSendReq
 .text.MBX_MailboxWriteInd
                0x080225b4       0x6c ./SSC/Src/mailbox.o
                0x080225b4                MBX_MailboxWriteInd
 .text.MBX_CheckAndCopyMailbox
                0x08022620       0xf4 ./SSC/Src/mailbox.o
                0x08022620                MBX_CheckAndCopyMailbox
 .text.MBX_Main
                0x08022714       0x48 ./SSC/Src/mailbox.o
                0x08022714                MBX_Main
 .text.OBJ_GetObjectHandle
                0x0802275c       0x16 ./SSC/Src/objdef.o
                0x0802275c                OBJ_GetObjectHandle
 .text.OBJ_GetObjectLength
                0x08022772       0x7e ./SSC/Src/objdef.o
                0x08022772                OBJ_GetObjectLength
 .text.OBJ_CopyNumberToString
                0x080227f0       0x2a ./SSC/Src/objdef.o
                0x080227f0                OBJ_CopyNumberToString
 *fill*         0x0802281a        0x2 
 .text.OBJ_GetDesc
                0x0802281c       0xd4 ./SSC/Src/objdef.o
                0x0802281c                OBJ_GetDesc
 .text.OBJ_GetEntryDesc
                0x080228f0       0x1c ./SSC/Src/objdef.o
                0x080228f0                OBJ_GetEntryDesc
 .text.OBJ_GetNoOfObjects
                0x0802290c       0x5e ./SSC/Src/objdef.o
                0x0802290c                OBJ_GetNoOfObjects
 *fill*         0x0802296a        0x2 
 .text.OBJ_GetObjectList
                0x0802296c       0xb0 ./SSC/Src/objdef.o
                0x0802296c                OBJ_GetObjectList
 .text.OBJ_GetObjDesc
                0x08022a1c        0x4 ./SSC/Src/objdef.o
                0x08022a1c                OBJ_GetObjDesc
 .text.OBJ_GetEntryOffset
                0x08022a20       0xe4 ./SSC/Src/objdef.o
                0x08022a20                OBJ_GetEntryOffset
 .text.CheckSyncTypeValue
                0x08022b04       0xc8 ./SSC/Src/objdef.o
                0x08022b04                CheckSyncTypeValue
 .text.OBJ_Read
                0x08022bcc      0x348 ./SSC/Src/objdef.o
                0x08022bcc                OBJ_Read
 .text.OBJ_Write
                0x08022f14      0x448 ./SSC/Src/objdef.o
                0x08022f14                OBJ_Write
 .text.SdoRes   0x0802335c       0xc4 ./SSC/Src/sdoserv.o
                0x0802335c                SdoRes
 .text.SDOS_SdoInd
                0x08023420      0x61c ./SSC/Src/sdoserv.o
                0x08023420                SDOS_SdoInd
 .text.SDOS_SdoRes
                0x08023a3c       0xc8 ./SSC/Src/sdoserv.o
                0x08023a3c                SDOS_SdoRes
 .text.SDOS_ClearPendingResponse
                0x08023b04       0x98 ./SSC/Src/sdoserv.o
                0x08023b04                SDOS_ClearPendingResponse
 .text.SDOS_SdoInfoInd
                0x08023b9c      0x2a4 ./SSC/Src/sdoserv.o
                0x08023b9c                SDOS_SdoInfoInd
 .text.XMC_ERU_Enable
                0x08023e40       0x24 ./Libraries/XMCLib/src/xmc4_eru.o
                0x08023e40                XMC_ERU_Enable
 .text.XMC_FLASH_lWritePageCommand
                0x08023e64       0x20 ./Libraries/XMCLib/src/xmc4_flash.o
                0x08023e64                XMC_FLASH_lWritePageCommand
 .text.XMC_FLASH_lEraseSectorCommand
                0x08023e84       0x24 ./Libraries/XMCLib/src/xmc4_flash.o
                0x08023e84                XMC_FLASH_lEraseSectorCommand
 .text.XMC_FLASH_ClearStatus
                0x08023ea8        0xc ./Libraries/XMCLib/src/xmc4_flash.o
                0x08023ea8                XMC_FLASH_ClearStatus
 .text.XMC_FLASH_GetStatus
                0x08023eb4       0x10 ./Libraries/XMCLib/src/xmc4_flash.o
                0x08023eb4                XMC_FLASH_GetStatus
 .text.XMC_FLASH_ProgramPage
                0x08023ec4       0x3c ./Libraries/XMCLib/src/xmc4_flash.o
                0x08023ec4                XMC_FLASH_ProgramPage
 .text.XMC_FLASH_EraseSector
                0x08023f00       0x20 ./Libraries/XMCLib/src/xmc4_flash.o
                0x08023f00                XMC_FLASH_EraseSector
 .text.XMC_GPIO_Init
                0x08023f20       0x88 ./Libraries/XMCLib/src/xmc4_gpio.o
                0x08023f20                XMC_GPIO_Init
 .text.XMC_SCU_lDelay
                0x08023fa8       0x2c ./Libraries/XMCLib/src/xmc4_scu.o
 .text.XMC_SCU_INTERRUPT_EnableNmiRequest
                0x08023fd4       0x10 ./Libraries/XMCLib/src/xmc4_scu.o
                0x08023fd4                XMC_SCU_INTERRUPT_EnableNmiRequest
 .text.XMC_SCU_RESET_DeassertPeripheralReset
                0x08023fe4       0x14 ./Libraries/XMCLib/src/xmc4_scu.o
                0x08023fe4                XMC_SCU_RESET_DeassertPeripheralReset
 .text.XMC_SCU_RESET_IsPeripheralResetAsserted
                0x08023ff8       0x1e ./Libraries/XMCLib/src/xmc4_scu.o
                0x08023ff8                XMC_SCU_RESET_IsPeripheralResetAsserted
 *fill*         0x08024016        0x2 
 .text.XMC_SCU_CLOCK_SetSystemClockSource
                0x08024018       0x14 ./Libraries/XMCLib/src/xmc4_scu.o
                0x08024018                XMC_SCU_CLOCK_SetSystemClockSource
 .text.XMC_SCU_CLOCK_SetUsbClockSource
                0x0802402c       0x14 ./Libraries/XMCLib/src/xmc4_scu.o
                0x0802402c                XMC_SCU_CLOCK_SetUsbClockSource
 .text.XMC_SCU_CLOCK_SetWdtClockSource
                0x08024040       0x14 ./Libraries/XMCLib/src/xmc4_scu.o
                0x08024040                XMC_SCU_CLOCK_SetWdtClockSource
 .text.XMC_SCU_CLOCK_SetSystemPllClockSource
                0x08024054       0x20 ./Libraries/XMCLib/src/xmc4_scu.o
                0x08024054                XMC_SCU_CLOCK_SetSystemPllClockSource
 .text.XMC_SCU_HIB_SetRtcClockSource
                0x08024074       0x20 ./Libraries/XMCLib/src/xmc4_scu.o
                0x08024074                XMC_SCU_HIB_SetRtcClockSource
 .text.XMC_SCU_HIB_SetStandbyClockSource
                0x08024094       0x20 ./Libraries/XMCLib/src/xmc4_scu.o
                0x08024094                XMC_SCU_HIB_SetStandbyClockSource
 .text.XMC_SCU_CLOCK_SetSystemClockDivider
                0x080240b4       0x14 ./Libraries/XMCLib/src/xmc4_scu.o
                0x080240b4                XMC_SCU_CLOCK_SetSystemClockDivider
 .text.XMC_SCU_CLOCK_SetCcuClockDivider
                0x080240c8       0x14 ./Libraries/XMCLib/src/xmc4_scu.o
                0x080240c8                XMC_SCU_CLOCK_SetCcuClockDivider
 .text.XMC_SCU_CLOCK_SetCpuClockDivider
                0x080240dc       0x14 ./Libraries/XMCLib/src/xmc4_scu.o
                0x080240dc                XMC_SCU_CLOCK_SetCpuClockDivider
 .text.XMC_SCU_CLOCK_SetPeripheralClockDivider
                0x080240f0       0x14 ./Libraries/XMCLib/src/xmc4_scu.o
                0x080240f0                XMC_SCU_CLOCK_SetPeripheralClockDivider
 .text.XMC_SCU_CLOCK_SetUsbClockDivider
                0x08024104       0x14 ./Libraries/XMCLib/src/xmc4_scu.o
                0x08024104                XMC_SCU_CLOCK_SetUsbClockDivider
 .text.XMC_SCU_CLOCK_SetEbuClockDivider
                0x08024118       0x14 ./Libraries/XMCLib/src/xmc4_scu.o
                0x08024118                XMC_SCU_CLOCK_SetEbuClockDivider
 .text.XMC_SCU_CLOCK_SetWdtClockDivider
                0x0802412c       0x14 ./Libraries/XMCLib/src/xmc4_scu.o
                0x0802412c                XMC_SCU_CLOCK_SetWdtClockDivider
 .text.XMC_SCU_CLOCK_SetECATClockDivider
                0x08024140       0x14 ./Libraries/XMCLib/src/xmc4_scu.o
                0x08024140                XMC_SCU_CLOCK_SetECATClockDivider
 .text.XMC_SCU_CLOCK_EnableClock
                0x08024154        0xc ./Libraries/XMCLib/src/xmc4_scu.o
                0x08024154                XMC_SCU_CLOCK_EnableClock
 .text.XMC_SCU_CLOCK_UngatePeripheralClock
                0x08024160       0x14 ./Libraries/XMCLib/src/xmc4_scu.o
                0x08024160                XMC_SCU_CLOCK_UngatePeripheralClock
 .text.XMC_SCU_CLOCK_StartUsbPll
                0x08024174       0x44 ./Libraries/XMCLib/src/xmc4_scu.o
                0x08024174                XMC_SCU_CLOCK_StartUsbPll
 .text.XMC_SCU_CLOCK_SetBackupClockCalibrationMode
                0x080241b8       0x34 ./Libraries/XMCLib/src/xmc4_scu.o
                0x080241b8                XMC_SCU_CLOCK_SetBackupClockCalibrationMode
 .text.XMC_SCU_HIB_EnableHibernateDomain
                0x080241ec       0x34 ./Libraries/XMCLib/src/xmc4_scu.o
                0x080241ec                XMC_SCU_HIB_EnableHibernateDomain
 .text.XMC_SCU_CLOCK_IsLowPowerOscillatorStable
                0x08024220       0x14 ./Libraries/XMCLib/src/xmc4_scu.o
                0x08024220                XMC_SCU_CLOCK_IsLowPowerOscillatorStable
 .text.XMC_SCU_CLOCK_EnableLowPowerOscillator
                0x08024234       0x4c ./Libraries/XMCLib/src/xmc4_scu.o
                0x08024234                XMC_SCU_CLOCK_EnableLowPowerOscillator
 .text.XMC_SCU_CLOCK_EnableHighPerformanceOscillator
                0x08024280       0x40 ./Libraries/XMCLib/src/xmc4_scu.o
                0x08024280                XMC_SCU_CLOCK_EnableHighPerformanceOscillator
 .text.XMC_SCU_CLOCK_IsHighPerformanceOscillatorStable
                0x080242c0       0x18 ./Libraries/XMCLib/src/xmc4_scu.o
                0x080242c0                XMC_SCU_CLOCK_IsHighPerformanceOscillatorStable
 .text.XMC_SCU_CLOCK_EnableSystemPll
                0x080242d8       0x14 ./Libraries/XMCLib/src/xmc4_scu.o
                0x080242d8                XMC_SCU_CLOCK_EnableSystemPll
 .text.XMC_SCU_CLOCK_DisableSystemPll
                0x080242ec       0x14 ./Libraries/XMCLib/src/xmc4_scu.o
                0x080242ec                XMC_SCU_CLOCK_DisableSystemPll
 .text.XMC_SCU_CLOCK_StepSystemPllFrequency
                0x08024300       0x1c ./Libraries/XMCLib/src/xmc4_scu.o
                0x08024300                XMC_SCU_CLOCK_StepSystemPllFrequency
 .text.XMC_SCU_CLOCK_StartSystemPll
                0x0802431c       0xe8 ./Libraries/XMCLib/src/xmc4_scu.o
                0x0802431c                XMC_SCU_CLOCK_StartSystemPll
 .text.XMC_SCU_CLOCK_Init
                0x08024404       0x9c ./Libraries/XMCLib/src/xmc4_scu.o
                0x08024404                XMC_SCU_CLOCK_Init
 .text.XMC_CCU4_EnableModule
                0x080244a0       0x68 ./Libraries/XMCLib/src/xmc_ccu4.o
                0x080244a0                XMC_CCU4_EnableModule
 .text.XMC_CCU4_Init
                0x08024508       0x1e ./Libraries/XMCLib/src/xmc_ccu4.o
                0x08024508                XMC_CCU4_Init
 .text.XMC_CCU4_SLICE_CompareInit
                0x08024526       0x2e ./Libraries/XMCLib/src/xmc_ccu4.o
                0x08024526                XMC_CCU4_SLICE_CompareInit
 .text.XMC_CCU4_SLICE_SetInterruptNode
                0x08024554       0x34 ./Libraries/XMCLib/src/xmc_ccu4.o
                0x08024554                XMC_CCU4_SLICE_SetInterruptNode
 .text.XMC_CCU8_EnableModule
                0x08024588       0x40 ./Libraries/XMCLib/src/xmc_ccu8.o
                0x08024588                XMC_CCU8_EnableModule
 .text.XMC_CCU8_Init
                0x080245c8       0x1e ./Libraries/XMCLib/src/xmc_ccu8.o
                0x080245c8                XMC_CCU8_Init
 .text.XMC_CCU8_SLICE_CompareInit
                0x080245e6       0x36 ./Libraries/XMCLib/src/xmc_ccu8.o
                0x080245e6                XMC_CCU8_SLICE_CompareInit
 .text.XMC_CCU8_SetMultiChannelShadowTransferMode
                0x0802461c        0xe ./Libraries/XMCLib/src/xmc_ccu8.o
                0x0802461c                XMC_CCU8_SetMultiChannelShadowTransferMode
 .text.XMC_CCU8_SLICE_StartConfig
                0x0802462a       0x1c ./Libraries/XMCLib/src/xmc_ccu8.o
                0x0802462a                XMC_CCU8_SLICE_StartConfig
 .text.XMC_CCU8_SLICE_StopConfig
                0x08024646       0x1a ./Libraries/XMCLib/src/xmc_ccu8.o
                0x08024646                XMC_CCU8_SLICE_StopConfig
 .text.XMC_CCU8_SLICE_LoadConfig
                0x08024660        0xe ./Libraries/XMCLib/src/xmc_ccu8.o
                0x08024660                XMC_CCU8_SLICE_LoadConfig
 .text.XMC_CCU8_SLICE_LoadSelector
                0x0802466e        0xe ./Libraries/XMCLib/src/xmc_ccu8.o
                0x0802466e                XMC_CCU8_SLICE_LoadSelector
 .text.XMC_CCU8_SLICE_ModulationConfig
                0x0802467c       0x38 ./Libraries/XMCLib/src/xmc_ccu8.o
                0x0802467c                XMC_CCU8_SLICE_ModulationConfig
 .text.XMC_CCU8_SLICE_CountConfig
                0x080246b4        0xe ./Libraries/XMCLib/src/xmc_ccu8.o
                0x080246b4                XMC_CCU8_SLICE_CountConfig
 .text.XMC_CCU8_SLICE_GateConfig
                0x080246c2        0xe ./Libraries/XMCLib/src/xmc_ccu8.o
                0x080246c2                XMC_CCU8_SLICE_GateConfig
 .text.XMC_CCU8_SLICE_DirectionConfig
                0x080246d0        0xe ./Libraries/XMCLib/src/xmc_ccu8.o
                0x080246d0                XMC_CCU8_SLICE_DirectionConfig
 .text.XMC_CCU8_SLICE_StatusBitOverrideConfig
                0x080246de        0xa ./Libraries/XMCLib/src/xmc_ccu8.o
                0x080246de                XMC_CCU8_SLICE_StatusBitOverrideConfig
 .text.XMC_CCU8_SLICE_TrapConfig
                0x080246e8       0x26 ./Libraries/XMCLib/src/xmc_ccu8.o
                0x080246e8                XMC_CCU8_SLICE_TrapConfig
 .text.XMC_CCU8_SLICE_ConfigureStatusBitOverrideEvent
                0x0802470e       0x58 ./Libraries/XMCLib/src/xmc_ccu8.o
                0x0802470e                XMC_CCU8_SLICE_ConfigureStatusBitOverrideEvent
 .text.XMC_CCU8_SLICE_ConfigureEvent
                0x08024766       0x66 ./Libraries/XMCLib/src/xmc_ccu8.o
                0x08024766                XMC_CCU8_SLICE_ConfigureEvent
 .text.XMC_CCU8_SLICE_SetTimerPeriodMatch
                0x080247cc        0x4 ./Libraries/XMCLib/src/xmc_ccu8.o
                0x080247cc                XMC_CCU8_SLICE_SetTimerPeriodMatch
 .text.XMC_CCU8_SLICE_SetTimerCompareMatch
                0x080247d0        0xa ./Libraries/XMCLib/src/xmc_ccu8.o
                0x080247d0                XMC_CCU8_SLICE_SetTimerCompareMatch
 *fill*         0x080247da        0x2 
 .text.XMC_CCU8_SLICE_SetInterruptNode
                0x080247dc       0x34 ./Libraries/XMCLib/src/xmc_ccu8.o
                0x080247dc                XMC_CCU8_SLICE_SetInterruptNode
 .text.XMC_CCU8_SLICE_DeadTimeInit
                0x08024810        0xe ./Libraries/XMCLib/src/xmc_ccu8.o
                0x08024810                XMC_CCU8_SLICE_DeadTimeInit
 *fill*         0x0802481e        0x2 
 .text.XMC_ECAT_Enable
                0x08024820       0x20 ./Libraries/XMCLib/src/xmc_ecat.o
                0x08024820                XMC_ECAT_Enable
 .text.XMC_ECAT_Init
                0x08024840       0x4c ./Libraries/XMCLib/src/xmc_ecat.o
                0x08024840                XMC_ECAT_Init
 .text.XMC_ECAT_DisableEvent
                0x0802488c       0x14 ./Libraries/XMCLib/src/xmc_ecat.o
                0x0802488c                XMC_ECAT_DisableEvent
 .text.XMC_ECAT_DisableSyncManChannel
                0x080248a0       0x14 ./Libraries/XMCLib/src/xmc_ecat.o
                0x080248a0                XMC_ECAT_DisableSyncManChannel
 .text.XMC_ERU_ETL_Init
                0x080248b4       0x2a ./Libraries/XMCLib/src/xmc_eru.o
                0x080248b4                XMC_ERU_ETL_Init
 .text.XMC_ERU_OGU_Init
                0x080248de       0x16 ./Libraries/XMCLib/src/xmc_eru.o
                0x080248de                XMC_ERU_OGU_Init
 .text.XMC_FCE_Init
                0x080248f4        0xe ./Libraries/XMCLib/src/xmc_fce.o
                0x080248f4                XMC_FCE_Init
 *fill*         0x08024902        0x2 
 .text.XMC_FCE_Enable
                0x08024904       0x24 ./Libraries/XMCLib/src/xmc_fce.o
                0x08024904                XMC_FCE_Enable
 .text.XMC_FCE_CalculateCRC32
                0x08024928       0x22 ./Libraries/XMCLib/src/xmc_fce.o
                0x08024928                XMC_FCE_CalculateCRC32
 .text.XMC_GPIO_SetMode
                0x0802494a       0x24 ./Libraries/XMCLib/src/xmc_gpio.o
                0x0802494a                XMC_GPIO_SetMode
 .text.XMC_GPIO_SetHardwareControl
                0x0802496e       0x1a ./Libraries/XMCLib/src/xmc_gpio.o
                0x0802496e                XMC_GPIO_SetHardwareControl
 .text._sbrk    0x08024988       0x40 ./Libraries/Newlib/syscalls.o
                0x08024988                _sbrk
 .text._init    0x080249c8        0x2 ./Libraries/Newlib/syscalls.o
                0x080249c8                _init
 .text.TIMER_Start
                0x080249ca       0x1c ./Dave/Generated/TIMER/timer.o
                0x080249ca                TIMER_Start
 .text.TIMER_CCU4_lShadowTransfer
                0x080249e6       0x14 ./Dave/Generated/TIMER/timer.o
                0x080249e6                TIMER_CCU4_lShadowTransfer
 .text.TIMER_CCU4_lInit
                0x080249fa       0x5e ./Dave/Generated/TIMER/timer.o
                0x080249fa                TIMER_CCU4_lInit
 .text.TIMER_Init
                0x08024a58       0x14 ./Dave/Generated/TIMER/timer.o
                0x08024a58                TIMER_Init
 .text.SYSTIMER_lInsertTimerList
                0x08024a6c       0x94 ./Dave/Generated/SYSTIMER/systimer.o
 .text.SYSTIMER_lRemoveTimerList
                0x08024b00       0x4c ./Dave/Generated/SYSTIMER/systimer.o
 .text.SysTick_Handler
                0x08024b4c       0x94 ./Dave/Generated/SYSTIMER/systimer.o
                0x08024b4c                SysTick_Handler
 .text.SYSTIMER_Init
                0x08024be0       0x6c ./Dave/Generated/SYSTIMER/systimer.o
                0x08024be0                SYSTIMER_Init
 .text.PWM_CCU8_Start
                0x08024c4c       0x2c ./Dave/Generated/PWM_CCU8/pwm_ccu8.o
                0x08024c4c                PWM_CCU8_Start
 .text.PWM_CCU8_Init
                0x08024c78      0x306 ./Dave/Generated/PWM_CCU8/pwm_ccu8.o
                0x08024c78                PWM_CCU8_Init
 *fill*         0x08024f7e        0x2 
 .text.INTERRUPT_Init
                0x08024f80       0x90 ./Dave/Generated/INTERRUPT/interrupt.o
                0x08024f80                INTERRUPT_Init
 .text.GLOBAL_CCU8_Init
                0x08025010       0x20 ./Dave/Generated/GLOBAL_CCU8/global_ccu8.o
                0x08025010                GLOBAL_CCU8_Init
 .text.GLOBAL_CCU4_Init
                0x08025030       0x20 ./Dave/Generated/GLOBAL_CCU4/global_ccu4.o
                0x08025030                GLOBAL_CCU4_Init
 .text.E_EEPROM_XMC4_lInitEraseStateMachine
                0x08025050       0x4c ./Dave/Generated/E_EEPROM_XMC4/e_eeprom_xmc4.o
 .text.E_EEPROM_XMC4_Init
                0x0802509c      0x144 ./Dave/Generated/E_EEPROM_XMC4/e_eeprom_xmc4.o
                0x0802509c                E_EEPROM_XMC4_Init
 .text.E_EEPROM_XMC4_WriteArray
                0x080251e0       0x2c ./Dave/Generated/E_EEPROM_XMC4/e_eeprom_xmc4.o
                0x080251e0                E_EEPROM_XMC4_WriteArray
 .text.E_EEPROM_XMC4_ReadArray
                0x0802520c       0x1c ./Dave/Generated/E_EEPROM_XMC4/e_eeprom_xmc4.o
                0x0802520c                E_EEPROM_XMC4_ReadArray
 .text.E_EEPROM_XMC4_UpdateFlashContents
                0x08025228       0xb8 ./Dave/Generated/E_EEPROM_XMC4/e_eeprom_xmc4.o
                0x08025228                E_EEPROM_XMC4_UpdateFlashContents
 .text.E_EEPROM_XMC4_IsFlashEmpty
                0x080252e0       0x10 ./Dave/Generated/E_EEPROM_XMC4/e_eeprom_xmc4.o
                0x080252e0                E_EEPROM_XMC4_IsFlashEmpty
 .text.EVENT_GENERATOR_Init
                0x080252f0       0x20 ./Dave/Generated/EVENT_GENERATOR/event_generator.o
                0x080252f0                EVENT_GENERATOR_Init
 .text.EVENT_DETECTOR_Init
                0x08025310       0x1a ./Dave/Generated/EVENT_DETECTOR/event_detector.o
                0x08025310                EVENT_DETECTOR_Init
 *fill*         0x0802532a        0x2 
 .text.ECAT_SSC_Init
                0x0802532c       0x84 ./Dave/Generated/ECAT_SSC/ecat_ssc.o
                0x0802532c                ECAT_SSC_Init
 .text.HW_EepromWrite
                0x080253b0       0x60 ./Dave/Generated/ECAT_SSC/xmc_eschw.o
                0x080253b0                HW_EepromWrite
 .text.HW_EepromReload
                0x08025410       0x50 ./Dave/Generated/ECAT_SSC/xmc_eschw.o
                0x08025410                HW_EepromReload
 .text.ECAT0_0_IRQHandler
                0x08025460        0x4 ./Dave/Generated/ECAT_SSC/xmc_eschw.o
                0x08025460                ECAT0_0_IRQHandler
 .text.CCU43_1_IRQHandler
                0x08025464       0x10 ./Dave/Generated/ECAT_SSC/xmc_eschw.o
                0x08025464                CCU43_1_IRQHandler
 .text.ENABLE_ESC_INT
                0x08025474       0x34 ./Dave/Generated/ECAT_SSC/xmc_eschw.o
                0x08025474                ENABLE_ESC_INT
 .text.HW_Init  0x080254a8      0x344 ./Dave/Generated/ECAT_SSC/xmc_eschw.o
                0x080254a8                HW_Init
 .text.DISABLE_ESC_INT
                0x080257ec       0x50 ./Dave/Generated/ECAT_SSC/xmc_eschw.o
                0x080257ec                DISABLE_ESC_INT
 .text.DIGITAL_IO_Init
                0x0802583c       0x1c ./Dave/Generated/DIGITAL_IO/digital_io.o
                0x0802583c                DIGITAL_IO_Init
 .text.SystemCoreSetup
                0x08025858       0x78 ./Dave/Generated/CPU_CTRL_XMC4/cpu_ctrl_xmc4_conf.o
                0x08025858                SystemCoreSetup
 .text.CLOCK_XMC4_Init
                0x080258d0        0x8 ./Dave/Generated/CLOCK_XMC4/clock_xmc4.o
                0x080258d0                CLOCK_XMC4_Init
 .text.OSCHP_GetFrequency
                0x080258d8        0x8 ./Dave/Generated/CLOCK_XMC4/clock_xmc4.o
                0x080258d8                OSCHP_GetFrequency
 .text.SystemCoreClockSetup
                0x080258e0       0x60 ./Dave/Generated/CLOCK_XMC4/clock_xmc4_conf.o
                0x080258e0                SystemCoreClockSetup
 .text.DAVE_Init
                0x08025940       0x8c ./Dave/Generated/DAVE.o
                0x08025940                DAVE_Init
 .text.__NVIC_DisableIRQ
                0x080259cc       0x24 ./main.o
 .text.Init_Relax_Button
                0x080259f0       0x30 ./main.o
                0x080259f0                Init_Relax_Button
 .text.Init_ECAT_Adapt_LED
                0x08025a20       0x80 ./main.o
                0x08025a20                Init_ECAT_Adapt_LED
 .text.startup.main
                0x08025aa0       0x1c ./main.o
                0x08025aa0                main
 .text.ERU1_0_IRQHandler
                0x08025abc        0x4 ./main.o
                0x08025abc                ERU1_0_IRQHandler
 .text.ERU1_3_IRQHandler
                0x08025ac0        0x4 ./main.o
                0x08025ac0                ERU1_3_IRQHandler
 .text.ENABLE_ESC_INT_USER
                0x08025ac4       0x4c ./main.o
                0x08025ac4                ENABLE_ESC_INT_USER
 .text.DISABLE_ESC_INT_USER
                0x08025b10       0x24 ./main.o
                0x08025b10                DISABLE_ESC_INT_USER
 .text.__errno  0x08025b34        0xc c:/infineon/tools/dave ide/4.5.0.202105191637/eclipse/arm-gcc-49/bin/../lib/gcc/arm-none-eabi/4.9.3/../../../../arm-none-eabi/lib/armv7e-m/softfp\libc_nano.a(lib_a-errno.o)
                0x08025b34                __errno
 .text.__libc_init_array
                0x08025b40       0x4c c:/infineon/tools/dave ide/4.5.0.202105191637/eclipse/arm-gcc-49/bin/../lib/gcc/arm-none-eabi/4.9.3/../../../../arm-none-eabi/lib/armv7e-m/softfp\libc_nano.a(lib_a-init.o)
                0x08025b40                __libc_init_array
 .text.malloc   0x08025b8c       0x10 c:/infineon/tools/dave ide/4.5.0.202105191637/eclipse/arm-gcc-49/bin/../lib/gcc/arm-none-eabi/4.9.3/../../../../arm-none-eabi/lib/armv7e-m/softfp\libc_nano.a(lib_a-malloc.o)
                0x08025b8c                malloc
 .text.free     0x08025b9c       0x10 c:/infineon/tools/dave ide/4.5.0.202105191637/eclipse/arm-gcc-49/bin/../lib/gcc/arm-none-eabi/4.9.3/../../../../arm-none-eabi/lib/armv7e-m/softfp\libc_nano.a(lib_a-malloc.o)
                0x08025b9c                free
 .text.memcmp   0x08025bac       0x20 c:/infineon/tools/dave ide/4.5.0.202105191637/eclipse/arm-gcc-49/bin/../lib/gcc/arm-none-eabi/4.9.3/../../../../arm-none-eabi/lib/armv7e-m/softfp\libc_nano.a(lib_a-memcmp.o)
                0x08025bac                memcmp
 .text.memcpy   0x08025bcc       0x16 c:/infineon/tools/dave ide/4.5.0.202105191637/eclipse/arm-gcc-49/bin/../lib/gcc/arm-none-eabi/4.9.3/../../../../arm-none-eabi/lib/armv7e-m/softfp\libc_nano.a(lib_a-memcpy.o)
                0x08025bcc                memcpy
 .text.memset   0x08025be2       0x10 c:/infineon/tools/dave ide/4.5.0.202105191637/eclipse/arm-gcc-49/bin/../lib/gcc/arm-none-eabi/4.9.3/../../../../arm-none-eabi/lib/armv7e-m/softfp\libc_nano.a(lib_a-memset.o)
                0x08025be2                memset
 *fill*         0x08025bf2        0x2 
 .text._free_r  0x08025bf4       0x88 c:/infineon/tools/dave ide/4.5.0.202105191637/eclipse/arm-gcc-49/bin/../lib/gcc/arm-none-eabi/4.9.3/../../../../arm-none-eabi/lib/armv7e-m/softfp\libc_nano.a(lib_a-nano-freer.o)
                0x08025bf4                _free_r
 .text._malloc_r
                0x08025c7c       0xac c:/infineon/tools/dave ide/4.5.0.202105191637/eclipse/arm-gcc-49/bin/../lib/gcc/arm-none-eabi/4.9.3/../../../../arm-none-eabi/lib/armv7e-m/softfp\libc_nano.a(lib_a-nano-mallocr.o)
                0x08025c7c                _malloc_r
 .text._sbrk_r  0x08025d28       0x20 c:/infineon/tools/dave ide/4.5.0.202105191637/eclipse/arm-gcc-49/bin/../lib/gcc/arm-none-eabi/4.9.3/../../../../arm-none-eabi/lib/armv7e-m/softfp\libc_nano.a(lib_a-sbrkr.o)
                0x08025d28                _sbrk_r
 .text.strlen   0x08025d48       0x10 c:/infineon/tools/dave ide/4.5.0.202105191637/eclipse/arm-gcc-49/bin/../lib/gcc/arm-none-eabi/4.9.3/../../../../arm-none-eabi/lib/armv7e-m/softfp\libc_nano.a(lib_a-strlen.o)
                0x08025d48                strlen
 *(.init)
 *(.fini)
 *crtbegin.o(.ctors)
 *crtbegin?.o(.ctors)
 *(EXCLUDE_FILE(*crtend.o *crtend?.o) .ctors)
 *(SORT(.ctors.*))
 *(.ctors)
 *crtbegin.o(.dtors)
 *crtbegin?.o(.dtors)
 *(EXCLUDE_FILE(*crtend.o *crtend?.o) .dtors)
 *(SORT(.dtors.*))
 *(.dtors)
 *(.rodata .rodata.*)
 .rodata.aName0x6000
                0x08025d58       0x19 ./SSC/Src/coeappl.o
                0x08025d58                aName0x6000
 *fill*         0x08025d71        0x1 
 .rodata.sEntryDesc0x1009
                0x08025d72        0x6 ./SSC/Src/coeappl.o
                0x08025d72                sEntryDesc0x1009
 .rodata.aName0x1000
                0x08025d78        0xc ./SSC/Src/coeappl.o
                0x08025d78                aName0x1000
 .rodata.aName0x1001
                0x08025d84        0xf ./SSC/Src/coeappl.o
                0x08025d84                aName0x1001
 .rodata.aName0x1A00
                0x08025d93       0x2f ./SSC/Src/coeappl.o
                0x08025d93                aName0x1A00
 .rodata.aName0x1008
                0x08025dc2        0xc ./SSC/Src/coeappl.o
                0x08025dc2                aName0x1008
 .rodata.asEntryDesc0x10F1
                0x08025dce       0x12 ./SSC/Src/coeappl.o
                0x08025dce                asEntryDesc0x10F1
 .rodata.aName0x1C00
                0x08025de0       0x12 ./SSC/Src/coeappl.o
                0x08025de0                aName0x1C00
 .rodata.aName0x1018
                0x08025df2       0x47 ./SSC/Src/coeappl.o
                0x08025df2                aName0x1018
 *fill*         0x08025e39        0x1 
 .rodata.asEntryDesc0x1018
                0x08025e3a       0x1e ./SSC/Src/coeappl.o
                0x08025e3a                asEntryDesc0x1018
 .rodata.aName0x100A
                0x08025e58       0x1e ./SSC/Src/coeappl.o
                0x08025e58                aName0x100A
 .rodata.aName0x10F8
                0x08025e76       0x13 ./SSC/Src/coeappl.o
                0x08025e76                aName0x10F8
 .rodata.aName0x1C13
                0x08025e89       0x1b ./SSC/Src/coeappl.o
                0x08025e89                aName0x1C13
 .rodata.sEntryDesc0x1001
                0x08025ea4        0x6 ./SSC/Src/coeappl.o
                0x08025ea4                sEntryDesc0x1001
 .rodata.asEntryDesc0x7000
                0x08025eaa        0xc ./SSC/Src/coeappl.o
                0x08025eaa                asEntryDesc0x7000
 .rodata.sEntryDesc0x100A
                0x08025eb6        0x6 ./SSC/Src/coeappl.o
                0x08025eb6                sEntryDesc0x100A
 .rodata.sEntryDesc0x10F8
                0x08025ebc        0x6 ./SSC/Src/coeappl.o
                0x08025ebc                sEntryDesc0x10F8
 .rodata.aName0x1C12
                0x08025ec2       0x1b ./SSC/Src/coeappl.o
                0x08025ec2                aName0x1C12
 *fill*         0x08025edd        0x1 
 .rodata.asEntryDesc0x1A00
                0x08025ede        0xc ./SSC/Src/coeappl.o
                0x08025ede                asEntryDesc0x1A00
 .rodata.aName0x7000
                0x08025eea       0x1c ./SSC/Src/coeappl.o
                0x08025eea                aName0x7000
 .rodata.asEntryDesc0x1600
                0x08025f06        0xc ./SSC/Src/coeappl.o
                0x08025f06                asEntryDesc0x1600
 .rodata.aName0x1C32
                0x08025f12      0x108 ./SSC/Src/coeappl.o
                0x08025f12                aName0x1C32
 .rodata.aName0x1C33
                0x0802601a      0x107 ./SSC/Src/coeappl.o
                0x0802601a                aName0x1C33
 *fill*         0x08026121        0x1 
 .rodata.sEntryDesc0x1008
                0x08026122        0x6 ./SSC/Src/coeappl.o
                0x08026122                sEntryDesc0x1008
 .rodata.asEntryDesc0x1C12
                0x08026128        0xc ./SSC/Src/coeappl.o
                0x08026128                asEntryDesc0x1C12
 .rodata.aName0x1600
                0x08026134       0x30 ./SSC/Src/coeappl.o
                0x08026134                aName0x1600
 .rodata.aName0x10F1
                0x08026164       0x3f ./SSC/Src/coeappl.o
                0x08026164                aName0x10F1
 *fill*         0x080261a3        0x1 
 .rodata.asEntryDesc0x1C3x
                0x080261a4       0xc6 ./SSC/Src/coeappl.o
                0x080261a4                asEntryDesc0x1C3x
 .rodata.asEntryDesc0x6000
                0x0802626a        0xc ./SSC/Src/coeappl.o
                0x0802626a                asEntryDesc0x6000
 .rodata.sEntryDesc0x1000
                0x08026276        0x6 ./SSC/Src/coeappl.o
                0x08026276                sEntryDesc0x1000
 .rodata.asEntryDesc0x1C00
                0x0802627c        0xc ./SSC/Src/coeappl.o
                0x0802627c                asEntryDesc0x1C00
 .rodata.asEntryDesc0x1C13
                0x08026288        0xc ./SSC/Src/coeappl.o
                0x08026288                asEntryDesc0x1C13
 .rodata.aName0x1009
                0x08026294       0x1e ./SSC/Src/coeappl.o
                0x08026294                aName0x1009
 .rodata.cBitMask
                0x080262b2       0x20 ./SSC/Src/objdef.o
                0x080262b2                cBitMask
 *fill*         0x080262d2        0x2 
 .rodata.cAbortCode
                0x080262d4       0x78 ./SSC/Src/sdoserv.o
                0x080262d4                cAbortCode
 .rodata.CSWTCH.37
                0x0802634c        0xa ./Libraries/XMCLib/src/xmc_ccu4.o
 .rodata.CSWTCH.38
                0x08026356       0x14 ./Libraries/XMCLib/src/xmc_ccu4.o
 .rodata.CSWTCH.43
                0x0802636a       0x14 ./Libraries/XMCLib/src/xmc_ccu8.o
 .rodata.CSWTCH.44
                0x0802637e        0xa ./Libraries/XMCLib/src/xmc_ccu8.o
 .rodata.PWM_CCU8_0_event1_config
                0x08026388        0x4 ./Dave/Generated/PWM_CCU8/pwm_ccu8_conf.o
                0x08026388                PWM_CCU8_0_event1_config
 .rodata.PWM_CCU8_0_timer_handle
                0x0802638c       0x10 ./Dave/Generated/PWM_CCU8/pwm_ccu8_conf.o
                0x0802638c                PWM_CCU8_0_timer_handle
 .rodata.PWM_CCU8_0_event2_config
                0x0802639c        0x4 ./Dave/Generated/PWM_CCU8/pwm_ccu8_conf.o
                0x0802639c                PWM_CCU8_0_event2_config
 .rodata.PWM_CCU8_0_ch1_out1_config
                0x080263a0        0xc ./Dave/Generated/PWM_CCU8/pwm_ccu8_conf.o
                0x080263a0                PWM_CCU8_0_ch1_out1_config
 .rodata.PWM_CCU8_0_config_handle
                0x080263ac       0x90 ./Dave/Generated/PWM_CCU8/pwm_ccu8_conf.o
                0x080263ac                PWM_CCU8_0_config_handle
 .rodata.PWM_CCU8_0_dt_config
                0x0802643c        0xc ./Dave/Generated/PWM_CCU8/pwm_ccu8_conf.o
                0x0802643c                PWM_CCU8_0_dt_config
 .rodata.PWM_CCU8_0_event0_config
                0x08026448        0x4 ./Dave/Generated/PWM_CCU8/pwm_ccu8_conf.o
                0x08026448                PWM_CCU8_0_event0_config
 .rodata.INT_SYNC0
                0x0802644c        0x4 ./Dave/Generated/INTERRUPT/interrupt_conf.o
                0x0802644c                INT_SYNC0
 .rodata.INT_SYNC1
                0x08026450        0x4 ./Dave/Generated/INTERRUPT/interrupt_conf.o
                0x08026450                INT_SYNC1
 .rodata.INTERRUPT_0
                0x08026454        0x4 ./Dave/Generated/INTERRUPT/interrupt_conf.o
                0x08026454                INTERRUPT_0
 .rodata.e_eeprom_xmc4_fce
                0x08026458        0xc ./Dave/Generated/E_EEPROM_XMC4/e_eeprom_xmc4.o
 .rodata.EG_SYNC0_OGU_Config
                0x08026464        0x4 ./Dave/Generated/EVENT_GENERATOR/event_generator_conf.o
                0x08026464                EG_SYNC0_OGU_Config
 .rodata.EG_SYNC1_OGU_Config
                0x08026468        0x4 ./Dave/Generated/EVENT_GENERATOR/event_generator_conf.o
                0x08026468                EG_SYNC1_OGU_Config
 .rodata.ED_SYNC1_ETL_Config
                0x0802646c        0x8 ./Dave/Generated/EVENT_DETECTOR/event_detector_conf.o
                0x0802646c                ED_SYNC1_ETL_Config
 .rodata.ED_SYNC0_ETL_Config
                0x08026474        0x8 ./Dave/Generated/EVENT_DETECTOR/event_detector_conf.o
                0x08026474                ED_SYNC0_ETL_Config
 .rodata.ECAT_SSC_0
                0x0802647c        0xc ./Dave/Generated/ECAT_SSC/ecat_ssc_conf.o
                0x0802647c                ECAT_SSC_0
 .rodata.DIGITAL_IO_0
                0x08026488       0x14 ./Dave/Generated/DIGITAL_IO/digital_io_conf.o
                0x08026488                DIGITAL_IO_0
 .rodata        0x0802649c       0x14 ./Dave/Generated/CLOCK_XMC4/clock_xmc4_conf.o
 .rodata.str1.1
                0x080264b0        0x2 c:/infineon/tools/dave ide/4.5.0.202105191637/eclipse/arm-gcc-49/bin/../lib/gcc/arm-none-eabi/4.9.3/../../../../arm-none-eabi/lib/armv7e-m/softfp\libc_nano.a(lib_a-impure.o)
 *(.gnu.linkonce.r*)
 *(vtable)
                0x080264b4                . = ALIGN (0x4)
 *fill*         0x080264b2        0x2 

.glue_7         0x080264b4        0x0 load address 0x0c0264b4
 .glue_7        0x00000000        0x0 linker stubs

.glue_7t        0x080264b4        0x0 load address 0x0c0264b4
 .glue_7t       0x00000000        0x0 linker stubs

.vfp11_veneer   0x080264b4        0x0 load address 0x0c0264b4
 .vfp11_veneer  0x00000000        0x0 linker stubs

.v4_bx          0x080264b4        0x0 load address 0x0c0264b4
 .v4_bx         0x00000000        0x0 linker stubs

.iplt           0x080264b4        0x0 load address 0x0c0264b4
 .iplt          0x00000000        0x0 ./Startup/startup_XMC4800.o

.rel.dyn        0x080264b4        0x0 load address 0x0c0264b4
 .rel.iplt      0x00000000        0x0 ./Startup/startup_XMC4800.o

.eh_frame_hdr
 *(.eh_frame_hdr)

.eh_frame
 *(.eh_frame)

.ARM.extab
 *(.ARM.extab* .gnu.linkonce.armextab.*)
                0x080264b4                . = ALIGN (0x4)
                0x080264b4                __exidx_start = .

.ARM.exidx
 *(.ARM.exidx* .gnu.linkonce.armexidx.*)
                0x080264b4                __exidx_end = .
                0x080264b4                . = ALIGN (0x4)

Stack           0x1ffe8000      0x800
                0x1ffe8000                __stack_start = .
                0x1ffe8800                . = (. + stack_size)
 *fill*         0x1ffe8000      0x800 
                0x1ffe8800                __stack_end = .
                0x1ffe8800                __initial_sp = .

.ram_code       0x1ffe8800        0x0 load address 0x0c0264b4
                0x1ffe8800                . = ALIGN (0x4)
                0x1ffe8800                __ram_code_start = .
 *(.ram_code)
                0x1ffe8800                . = ALIGN (0x4)
                0x1ffe8800                __ram_code_end = .
                0x0c0264b4                __ram_code_load = LOADADDR (.ram_code)
                0x00000000                __ram_code_size = (__ram_code_end - __ram_code_start)

.data           0x1ffe8800      0xca0 load address 0x0c0264b4
                0x1ffe8800                . = ALIGN (0x4)
                0x1ffe8800                __data_start = .
 *(.data)
 *(.data*)
 .data.IN_GENERIC0x6000
                0x1ffe8800        0x4 ./SSC/Src/XMC_ESC.o
                0x1ffe8800                IN_GENERIC0x6000
 .data.sRxPDOassign
                0x1ffe8804        0x4 ./SSC/Src/XMC_ESC.o
                0x1ffe8804                sRxPDOassign
 .data.sTxPDOassign
                0x1ffe8808        0x4 ./SSC/Src/XMC_ESC.o
                0x1ffe8808                sTxPDOassign
 .data.IN_GENERICProcessDataMapping0x1A00
                0x1ffe880c        0x8 ./SSC/Src/XMC_ESC.o
                0x1ffe880c                IN_GENERICProcessDataMapping0x1A00
 .data.OUT_GENERICProcessDataMapping0x1600
                0x1ffe8814        0x8 ./SSC/Src/XMC_ESC.o
                0x1ffe8814                OUT_GENERICProcessDataMapping0x1600
 .data.OUT_GENERIC0x7000
                0x1ffe881c        0x4 ./SSC/Src/XMC_ESC.o
                0x1ffe881c                OUT_GENERIC0x7000
 .data.acHardwareversion
                0x1ffe8820        0x4 ./SSC/Src/coeappl.o
                0x1ffe8820                acHardwareversion
 .data.sSyncmanagertype
                0x1ffe8824        0x6 ./SSC/Src/coeappl.o
                0x1ffe8824                sSyncmanagertype
 .data.acDevicename
                0x1ffe882a        0x8 ./SSC/Src/coeappl.o
                0x1ffe882a                acDevicename
 *fill*         0x1ffe8832        0x2 
 .data.sIdentity
                0x1ffe8834       0x14 ./SSC/Src/coeappl.o
                0x1ffe8834                sIdentity
 .data.GenObjDic
                0x1ffe8848      0x1e0 ./SSC/Src/coeappl.o
                0x1ffe8848                GenObjDic
 .data.acSoftwareversion
                0x1ffe8a28        0x5 ./SSC/Src/coeappl.o
                0x1ffe8a28                acSoftwareversion
 *fill*         0x1ffe8a2d        0x3 
 .data.u32Devicetype
                0x1ffe8a30        0x4 ./SSC/Src/coeappl.o
                0x1ffe8a30                u32Devicetype
 .data.ApplicationObjDic
                0x1ffe8a34      0x118 ./SSC/Src/coeappl.o
                0x1ffe8a34                ApplicationObjDic
 .data.aEepromData
                0x1ffe8b4c      0x800 ./SSC/Src/ecatappl.o
                0x1ffe8b4c                aEepromData
 .data.sErrorSettings
                0x1ffe934c        0xc ./SSC/Src/objdef.o
                0x1ffe934c                sErrorSettings
 .data.aSubindexDesc
                0x1ffe9358        0xd ./SSC/Src/objdef.o
                0x1ffe9358                aSubindexDesc
 *fill*         0x1ffe9365        0x3 
 .data.TIMER_0  0x1ffe9368       0x28 ./Dave/Generated/TIMER/timer_conf.o
                0x1ffe9368                TIMER_0
 .data.TIMER_0_config
                0x1ffe9390        0x8 ./Dave/Generated/TIMER/timer_conf.o
                0x1ffe9390                TIMER_0_config
 .data.PWM_CCU8_0
                0x1ffe9398       0x34 ./Dave/Generated/PWM_CCU8/pwm_ccu8_conf.o
                0x1ffe9398                PWM_CCU8_0
 .data.GLOBAL_CCU8_0
                0x1ffe93cc       0x10 ./Dave/Generated/GLOBAL_CCU8/global_ccu8_conf.o
                0x1ffe93cc                GLOBAL_CCU8_0
 .data.GLOBAL_CCU4_0
                0x1ffe93dc       0x10 ./Dave/Generated/GLOBAL_CCU4/global_ccu4_conf.o
                0x1ffe93dc                GLOBAL_CCU4_0
 .data.e_eeprom_xmc4_sector_info
                0x1ffe93ec       0x10 ./Dave/Generated/E_EEPROM_XMC4/e_eeprom_xmc4.o
 .data.EG_SYNC0
                0x1ffe93fc       0x10 ./Dave/Generated/EVENT_GENERATOR/event_generator_conf.o
                0x1ffe93fc                EG_SYNC0
 .data.EG_SYNC1
                0x1ffe940c       0x10 ./Dave/Generated/EVENT_GENERATOR/event_generator_conf.o
                0x1ffe940c                EG_SYNC1
 .data.ED_SYNC0
                0x1ffe941c       0x10 ./Dave/Generated/EVENT_DETECTOR/event_detector_conf.o
                0x1ffe941c                ED_SYNC0
 .data.ED_SYNC1
                0x1ffe942c       0x10 ./Dave/Generated/EVENT_DETECTOR/event_detector_conf.o
                0x1ffe942c                ED_SYNC1
 .data.impure_data
                0x1ffe943c       0x60 c:/infineon/tools/dave ide/4.5.0.202105191637/eclipse/arm-gcc-49/bin/../lib/gcc/arm-none-eabi/4.9.3/../../../../arm-none-eabi/lib/armv7e-m/softfp\libc_nano.a(lib_a-impure.o)
 .data._impure_ptr
                0x1ffe949c        0x4 c:/infineon/tools/dave ide/4.5.0.202105191637/eclipse/arm-gcc-49/bin/../lib/gcc/arm-none-eabi/4.9.3/../../../../arm-none-eabi/lib/armv7e-m/softfp\libc_nano.a(lib_a-impure.o)
                0x1ffe949c                _impure_ptr
 *(*.data)
 *(.gnu.linkonce.d*)
                0x1ffe94a0                . = ALIGN (0x4)
                0x1ffe94a0                PROVIDE (__preinit_array_start, .)
 *(.preinit_array)
                0x1ffe94a0                PROVIDE (__preinit_array_end, .)
                0x1ffe94a0                . = ALIGN (0x4)
                0x1ffe94a0                PROVIDE (__init_array_start, .)
 *(SORT(.init_array.*))
 *(.init_array)
                0x1ffe94a0                PROVIDE (__init_array_end, .)
                0x1ffe94a0                . = ALIGN (0x4)
                0x1ffe94a0                PROVIDE (__fini_array_start, .)
 *(SORT(.fini_array.*))
 *(.fini_array)
                0x1ffe94a0                PROVIDE (__fini_array_end, .)
                0x1ffe94a0                . = ALIGN (0x4)
                0x1ffe94a0                __data_end = .
                0x0c0264b4                __data_load = LOADADDR (.data)
                0x00000ca0                __data_size = (__data_end - __data_start)
                0x00007154                __text_size = (((__exidx_end - sText) + __data_size) + __ram_code_size)
                0x08027154                eText = (sText + __text_size)

.igot.plt       0x1ffe94a0        0x0 load address 0x0c027154
 .igot.plt      0x00000000        0x0 ./Startup/startup_XMC4800.o

.bss            0x1ffe94a0     0x1320 load address 0x0c027154
                0x1ffe94a0                . = ALIGN (0x4)
                0x1ffe94a0                __bss_start = .
 *(.bss)
 *(.bss*)
 .bss.u64Timestamp
                0x1ffe94a0        0x8 ./SSC/Src/coeappl.o
                0x1ffe94a0                u64Timestamp
 .bss.ObjDicList
                0x1ffe94a8        0x4 ./SSC/Src/coeappl.o
                0x1ffe94a8                ObjDicList
 .bss.u16ErrorRegister
                0x1ffe94ac        0x2 ./SSC/Src/coeappl.o
                0x1ffe94ac                u16ErrorRegister
 .bss.bInitFinished
                0x1ffe94ae        0x1 ./SSC/Src/ecatappl.o
                0x1ffe94ae                bInitFinished
 .bss.EepromLoaded
                0x1ffe94af        0x1 ./SSC/Src/ecatslv.o
                0x1ffe94af                EepromLoaded
 .bss.SMActivate
                0x1ffe94b0        0x1 ./SSC/Src/ecatslv.o
                0x1ffe94b0                SMActivate
 .bss.bSdoInWork
                0x1ffe94b1        0x1 ./SSC/Src/sdoserv.o
                0x1ffe94b1                bSdoInWork
 *fill*         0x1ffe94b2        0x2 
 .bss.heap_ptr.4331
                0x1ffe94b4        0x4 ./Libraries/Newlib/syscalls.o
 .bss.g_systick_count
                0x1ffe94b8        0x4 ./Dave/Generated/SYSTIMER/systimer.o
                0x1ffe94b8                g_systick_count
 .bss.g_timer_tracker
                0x1ffe94bc        0x4 ./Dave/Generated/SYSTIMER/systimer.o
                0x1ffe94bc                g_timer_tracker
 .bss.g_timer_list
                0x1ffe94c0        0x4 ./Dave/Generated/SYSTIMER/systimer.o
                0x1ffe94c0                g_timer_list
 .bss.SYSTIMER_0
                0x1ffe94c4        0x1 ./Dave/Generated/SYSTIMER/systimer_conf.o
                0x1ffe94c4                SYSTIMER_0
 *fill*         0x1ffe94c5        0x3 
 .bss.e_eeprom_xmc4_data_buffer
                0x1ffe94c8     0x1000 ./Dave/Generated/E_EEPROM_XMC4/e_eeprom_xmc4.o
 .bss.E_EEPROM_XMC4_0
                0x1ffea4c8        0x1 ./Dave/Generated/E_EEPROM_XMC4/e_eeprom_xmc4_conf.o
                0x1ffea4c8                E_EEPROM_XMC4_0
 *fill*         0x1ffea4c9        0x3 
 .bss.ticks     0x1ffea4cc        0x4 ./Dave/Generated/ECAT_SSC/xmc_eschw.o
 .bss.CLOCK_XMC4_0
                0x1ffea4d0        0x1 ./Dave/Generated/CLOCK_XMC4/clock_xmc4_conf.o
                0x1ffea4d0                CLOCK_XMC4_0
 *fill*         0x1ffea4d1        0x3 
 .bss.__malloc_sbrk_start
                0x1ffea4d4        0x4 c:/infineon/tools/dave ide/4.5.0.202105191637/eclipse/arm-gcc-49/bin/../lib/gcc/arm-none-eabi/4.9.3/../../../../arm-none-eabi/lib/armv7e-m/softfp\libc_nano.a(lib_a-nano-mallocr.o)
                0x1ffea4d4                __malloc_sbrk_start
 .bss.__malloc_free_list
                0x1ffea4d8        0x4 c:/infineon/tools/dave ide/4.5.0.202105191637/eclipse/arm-gcc-49/bin/../lib/gcc/arm-none-eabi/4.9.3/../../../../arm-none-eabi/lib/armv7e-m/softfp\libc_nano.a(lib_a-nano-mallocr.o)
                0x1ffea4d8                __malloc_free_list
 *(COMMON)
 COMMON         0x1ffea4dc        0x8 ./SSC/Src/coeappl.o
                0x1ffea4dc                u32LastDc32Value
                0x1ffea4e0                u32CheckForDcOverrunCnt
 COMMON         0x1ffea4e4       0xd2 ./SSC/Src/ecatappl.o
                0x1ffea4e4                pAPPL_EEPROM_Store
                0x1ffea4e8                pAPPL_CoeReadInd
                0x1ffea4ec                bMinCycleTimeMeasurementStarted
                0x1ffea4f0                u32CycleTimeStartValue
                0x1ffea4f4                pAPPL_EEPROM_Read
                0x1ffea4f8                pAPPL_EEPROM_Write
                0x1ffea4fc                bRunApplication
                0x1ffea500                u32SystemTimeReadFailure
                0x1ffea504                bEcatWaitForInputUpdate
                0x1ffea508                u32MinCycleTimeValue
                0x1ffea50c                aPdOutputData
                0x1ffea550                u16EepromStoreTimeoutCounter
                0x1ffea552                EepromReadSize
                0x1ffea554                pAPPL_CoeWriteInd
                0x1ffea558                pAPPL_MainLoop
                0x1ffea55c                bEtherCATErrorLed
                0x1ffea560                u32MinCycleTimeStartValue
                0x1ffea564                aPdInputData
                0x1ffea5a8                pEEPROM
                0x1ffea5ac                bEtherCATRunLed
                0x1ffea5b0                pAPPL_EEPROM_Reload
                0x1ffea5b4                u16EepromStoreTimeoutValue
 *fill*         0x1ffea5b6        0x2 
 COMMON         0x1ffea5b8        0x4 ./SSC/Src/ecatcoe.o
                0x1ffea5b8                pCoeSendStored
 COMMON         0x1ffea5bc       0x48 ./SSC/Src/ecatslv.o
                0x1ffea5bc                b3BufferMode
                0x1ffea5be                nEcatStateTrans
                0x1ffea5c0                bApplEsmPending
                0x1ffea5c1                nAlStatus
                0x1ffea5c2                nPdOutputSize
                0x1ffea5c4                u16LocalErrorCode
                0x1ffea5c6                u8LocalErrorState
                0x1ffea5c8                Sync0WdCounter
                0x1ffea5ca                LatchInputSync0Counter
                0x1ffea5cc                i16WaitForPllRunningCnt
                0x1ffea5ce                nEscAddrOutputData
                0x1ffea5d0                Sync0WdValue
                0x1ffea5d2                u8EcatRunLed
                0x1ffea5d4                i16WaitForPllRunningTimeout
                0x1ffea5d6                Sync1WdValue
                0x1ffea5d8                u8dummy
                0x1ffea5da                u16ALEventMask
                0x1ffea5dc                bDcRunning
                0x1ffea5dd                SyncManInfo
                0x1ffea5e5                b32BitDc
                0x1ffea5e6                LatchInputSync0Value
                0x1ffea5e8                bEcatWaitForAlControlRes
                0x1ffea5ea                nPdInputSize
                0x1ffea5ec                u16SmSync0Value
                0x1ffea5ee                nMaxEscAddress
                0x1ffea5f0                bEcatFirstOutputsReceived
                0x1ffea5f1                bSmSyncSequenceValid
                0x1ffea5f2                EsmTimeoutCounter
                0x1ffea5f4                bDcSyncActive
                0x1ffea5f5                bEcatOutputUpdateRunning
                0x1ffea5f6                Sync1WdCounter
                0x1ffea5f8                EcatWdValue
                0x1ffea5fa                bEcatInputUpdateRunning
                0x1ffea5fb                bEscIntEnabled
                0x1ffea5fc                bWdTrigger
                0x1ffea5fe                u16SmSync0Counter
                0x1ffea600                nMaxSyncMan
                0x1ffea601                u8EcatErrorLed
                0x1ffea602                nEscAddrInputData
 COMMON         0x1ffea604       0x94 ./SSC/Src/mailbox.o
                0x1ffea604                u8MbxReadCounter
                0x1ffea608                sMbxSendQueue
                0x1ffea63c                sMbxReceiveQueue
                0x1ffea670                bNoMbxMemoryAvailable
                0x1ffea671                bSendMbxIsFull
                0x1ffea672                bMbxRunning
                0x1ffea674                u16EscAddrReceiveMbx
                0x1ffea678                psStoreMbx
                0x1ffea67c                u16SendMbxSize
                0x1ffea680                psReadMbx
                0x1ffea684                bReceiveMbxIsLocked
                0x1ffea686                u16EscAddrSendMbx
                0x1ffea688                psWriteMbx
                0x1ffea68c                u8MbxWriteCounter
                0x1ffea68d                u8MailboxSendReqStored
                0x1ffea68e                u16ReceiveMbxSize
                0x1ffea690                bMbxRepeatToggle
                0x1ffea694                psRepeatMbx
 COMMON         0x1ffea698       0x8c ./SSC/Src/objdef.o
                0x1ffea698                sSyncManInPar
                0x1ffea6dc                sSyncManOutPar
                0x1ffea720                bSyncSetByUser
                0x1ffea722                sCycleDiag
 COMMON         0x1ffea724       0x4d ./SSC/Src/sdoserv.o
                0x1ffea724                nSdoInfoIndex
                0x1ffea728                pStoreData
                0x1ffea72c                nSdoSegBytesToHandle
                0x1ffea730                bSdoSegAccess
                0x1ffea731                bSdoSegFollows
                0x1ffea734                nSdoSegCompleteSize
                0x1ffea738                pSdoPendFunc
                0x1ffea73c                u8PendingSdo
                0x1ffea73d                bStoreCompleteAccess
                0x1ffea73e                bSdoSegLastToggle
                0x1ffea73f                nSdoSegService
                0x1ffea740                pSdoInfoObjEntry
                0x1ffea744                nSdoInfoFragmentsLeft
                0x1ffea748                pSdoResStored
                0x1ffea74c                u32StoreDataSize
                0x1ffea750                pSdoSegData
                0x1ffea754                nSdoSegIndex
                0x1ffea758                aSdoInfoHeader
                0x1ffea768                pSdoSegObjEntry
                0x1ffea76c                nSdoSegSubindex
                0x1ffea76e                u16StoreIndex
                0x1ffea770                u8StoreSubindex
 *fill*         0x1ffea771        0x3 
 COMMON         0x1ffea774       0x48 ./Dave/Generated/SYSTIMER/systimer.o
                0x1ffea774                g_timer_tbl
 COMMON         0x1ffea7bc        0x4 c:/infineon/tools/dave ide/4.5.0.202105191637/eclipse/arm-gcc-49/bin/../lib/gcc/arm-none-eabi/4.9.3/../../../../arm-none-eabi/lib/armv7e-m/softfp\libc_nano.a(lib_a-reent.o)
                0x1ffea7bc                errno
 *(.gnu.linkonce.b*)
                0x1ffea7c0                . = ALIGN (0x4)
                0x1ffea7c0                __bss_end = .
                0x00001320                __bss_size = (__bss_end - __bss_start)
                0x00015840                __shift_loc = (__bss_end >= ORIGIN (DSRAM_1_system))?0x0:(ORIGIN (DSRAM_1_system) - __bss_end)

USB_RAM         0x20000000        0x0
                0x20000000                . = ALIGN (0x4)
                0x20000000                USB_RAM_start = .
 *(USB_RAM)
                0x20000000                . = ALIGN (0x4)
                0x20000000                USB_RAM_end = .
                0x00000000                USB_RAM_size = (USB_RAM_end - USB_RAM_start)

ETH_RAM         0x20000000        0x0
                0x20000000                . = ALIGN (0x4)
                0x20000000                ETH_RAM_start = .
 *(ETH_RAM)
                0x20000000                . = ALIGN (0x4)
                0x20000000                ETH_RAM_end = .
                0x20000000                . = ALIGN (0x8)
                0x20000000                Heap_Bank1_Start = .
                0x00000000                ETH_RAM_size = (ETH_RAM_end - ETH_RAM_start)

.no_init        0x2003ffc0       0x14
                0x2003ffc0                Heap_Bank1_End = .
 *(.no_init)
 .no_init       0x2003ffc0       0x14 ./Startup/system_XMC4800.o
                0x2003ffc0                SystemCoreClock
                0x2003ffc4                g_chipid
                0x0003ffc0                Heap_Bank1_Size = (Heap_Bank1_End - Heap_Bank1_Start)
                0x00000001                ASSERT ((Heap_Bank1_Start <= Heap_Bank1_End), region SRAM_combined overflowed no_init section)

/DISCARD/
 *(.comment)

.stab
 *(.stab)

.stabstr
 *(.stabstr)

.debug
 *(.debug)

.line
 *(.line)

.debug_srcinfo
 *(.debug_srcinfo)

.debug_sfnames
 *(.debug_sfnames)

.debug_aranges
 *(.debug_aranges)

.debug_pubnames
 *(.debug_pubnames)

.debug_pubtypes
 *(.debug_pubtypes)

.debug_info
 *(.debug_info .gnu.linkonce.wi.*)

.debug_abbrev
 *(.debug_abbrev)

.debug_line
 *(.debug_line)

.debug_frame    0x00000000      0x1ec
 *(.debug_frame)
 .debug_frame   0x00000000       0x20 c:/infineon/tools/dave ide/4.5.0.202105191637/eclipse/arm-gcc-49/bin/../lib/gcc/arm-none-eabi/4.9.3/../../../../arm-none-eabi/lib/armv7e-m/softfp\libc_nano.a(lib_a-errno.o)
 .debug_frame   0x00000020       0x2c c:/infineon/tools/dave ide/4.5.0.202105191637/eclipse/arm-gcc-49/bin/../lib/gcc/arm-none-eabi/4.9.3/../../../../arm-none-eabi/lib/armv7e-m/softfp\libc_nano.a(lib_a-init.o)
 .debug_frame   0x0000004c       0x30 c:/infineon/tools/dave ide/4.5.0.202105191637/eclipse/arm-gcc-49/bin/../lib/gcc/arm-none-eabi/4.9.3/../../../../arm-none-eabi/lib/armv7e-m/softfp\libc_nano.a(lib_a-malloc.o)
 .debug_frame   0x0000007c       0x28 c:/infineon/tools/dave ide/4.5.0.202105191637/eclipse/arm-gcc-49/bin/../lib/gcc/arm-none-eabi/4.9.3/../../../../arm-none-eabi/lib/armv7e-m/softfp\libc_nano.a(lib_a-memcmp.o)
 .debug_frame   0x000000a4       0x28 c:/infineon/tools/dave ide/4.5.0.202105191637/eclipse/arm-gcc-49/bin/../lib/gcc/arm-none-eabi/4.9.3/../../../../arm-none-eabi/lib/armv7e-m/softfp\libc_nano.a(lib_a-memcpy.o)
 .debug_frame   0x000000cc       0x20 c:/infineon/tools/dave ide/4.5.0.202105191637/eclipse/arm-gcc-49/bin/../lib/gcc/arm-none-eabi/4.9.3/../../../../arm-none-eabi/lib/armv7e-m/softfp\libc_nano.a(lib_a-memset.o)
 .debug_frame   0x000000ec       0x2c c:/infineon/tools/dave ide/4.5.0.202105191637/eclipse/arm-gcc-49/bin/../lib/gcc/arm-none-eabi/4.9.3/../../../../arm-none-eabi/lib/armv7e-m/softfp\libc_nano.a(lib_a-nano-freer.o)
 .debug_frame   0x00000118       0x2c c:/infineon/tools/dave ide/4.5.0.202105191637/eclipse/arm-gcc-49/bin/../lib/gcc/arm-none-eabi/4.9.3/../../../../arm-none-eabi/lib/armv7e-m/softfp\libc_nano.a(lib_a-nano-mallocr.o)
 .debug_frame   0x00000144       0x2c c:/infineon/tools/dave ide/4.5.0.202105191637/eclipse/arm-gcc-49/bin/../lib/gcc/arm-none-eabi/4.9.3/../../../../arm-none-eabi/lib/armv7e-m/softfp\libc_nano.a(lib_a-sbrkr.o)
 .debug_frame   0x00000170       0x20 c:/infineon/tools/dave ide/4.5.0.202105191637/eclipse/arm-gcc-49/bin/../lib/gcc/arm-none-eabi/4.9.3/../../../../arm-none-eabi/lib/armv7e-m/softfp\libc_nano.a(lib_a-strlen.o)
 .debug_frame   0x00000190       0x5c c:/infineon/tools/dave ide/4.5.0.202105191637/eclipse/arm-gcc-49/bin/../lib/gcc/arm-none-eabi/4.9.3/../../../../arm-none-eabi/lib/armv7e-m/softfp\libc_nano.a(lib_a-reent.o)

.debug_str
 *(.debug_str)

.debug_loc
 *(.debug_loc)

.debug_macinfo
 *(.debug_macinfo)

.debug_ranges
 *(.debug_ranges)

.debug_weaknames
 *(.debug_weaknames)

.debug_funcnames
 *(.debug_funcnames)

.debug_typenames
 *(.debug_typenames)

.debug_varnames
 *(.debug_varnames)

.build_attributes
                0x00000000      0xccd
 *(.ARM.attributes)
 .ARM.attributes
                0x00000000       0x25 ./Startup/startup_XMC4800.o
 .ARM.attributes
                0x00000025       0x37 ./Startup/system_XMC4800.o
 .ARM.attributes
                0x0000005c       0x37 ./SSC/Src/XMC_ESC.o
 .ARM.attributes
                0x00000093       0x37 ./SSC/Src/coeappl.o
 .ARM.attributes
                0x000000ca       0x37 ./SSC/Src/ecatappl.o
 .ARM.attributes
                0x00000101       0x37 ./SSC/Src/ecatcoe.o
 .ARM.attributes
                0x00000138       0x37 ./SSC/Src/ecatslv.o
 .ARM.attributes
                0x0000016f       0x37 ./SSC/Src/mailbox.o
 .ARM.attributes
                0x000001a6       0x37 ./SSC/Src/objdef.o
 .ARM.attributes
                0x000001dd       0x37 ./SSC/Src/sdoserv.o
 .ARM.attributes
                0x00000214       0x37 ./Libraries/XMCLib/src/xmc4_eru.o
 .ARM.attributes
                0x0000024b       0x37 ./Libraries/XMCLib/src/xmc4_flash.o
 .ARM.attributes
                0x00000282       0x37 ./Libraries/XMCLib/src/xmc4_gpio.o
 .ARM.attributes
                0x000002b9       0x37 ./Libraries/XMCLib/src/xmc4_scu.o
 .ARM.attributes
                0x000002f0       0x37 ./Libraries/XMCLib/src/xmc_ccu4.o
 .ARM.attributes
                0x00000327       0x37 ./Libraries/XMCLib/src/xmc_ccu8.o
 .ARM.attributes
                0x0000035e       0x37 ./Libraries/XMCLib/src/xmc_ecat.o
 .ARM.attributes
                0x00000395       0x37 ./Libraries/XMCLib/src/xmc_eru.o
 .ARM.attributes
                0x000003cc       0x37 ./Libraries/XMCLib/src/xmc_fce.o
 .ARM.attributes
                0x00000403       0x37 ./Libraries/XMCLib/src/xmc_gpio.o
 .ARM.attributes
                0x0000043a       0x37 ./Libraries/Newlib/syscalls.o
 .ARM.attributes
                0x00000471       0x37 ./Dave/Generated/TIMER/timer.o
 .ARM.attributes
                0x000004a8       0x37 ./Dave/Generated/TIMER/timer_conf.o
 .ARM.attributes
                0x000004df       0x37 ./Dave/Generated/SYSTIMER/systimer.o
 .ARM.attributes
                0x00000516       0x37 ./Dave/Generated/SYSTIMER/systimer_conf.o
 .ARM.attributes
                0x0000054d       0x37 ./Dave/Generated/PWM_CCU8/pwm_ccu8.o
 .ARM.attributes
                0x00000584       0x37 ./Dave/Generated/PWM_CCU8/pwm_ccu8_conf.o
 .ARM.attributes
                0x000005bb       0x37 ./Dave/Generated/INTERRUPT/interrupt.o
 .ARM.attributes
                0x000005f2       0x37 ./Dave/Generated/INTERRUPT/interrupt_conf.o
 .ARM.attributes
                0x00000629       0x37 ./Dave/Generated/GLOBAL_CCU8/global_ccu8.o
 .ARM.attributes
                0x00000660       0x37 ./Dave/Generated/GLOBAL_CCU8/global_ccu8_conf.o
 .ARM.attributes
                0x00000697       0x37 ./Dave/Generated/GLOBAL_CCU4/global_ccu4.o
 .ARM.attributes
                0x000006ce       0x37 ./Dave/Generated/GLOBAL_CCU4/global_ccu4_conf.o
 .ARM.attributes
                0x00000705       0x37 ./Dave/Generated/E_EEPROM_XMC4/e_eeprom_xmc4.o
 .ARM.attributes
                0x0000073c       0x37 ./Dave/Generated/E_EEPROM_XMC4/e_eeprom_xmc4_conf.o
 .ARM.attributes
                0x00000773       0x37 ./Dave/Generated/EVENT_GENERATOR/event_generator.o
 .ARM.attributes
                0x000007aa       0x37 ./Dave/Generated/EVENT_GENERATOR/event_generator_conf.o
 .ARM.attributes
                0x000007e1       0x37 ./Dave/Generated/EVENT_DETECTOR/event_detector.o
 .ARM.attributes
                0x00000818       0x37 ./Dave/Generated/EVENT_DETECTOR/event_detector_conf.o
 .ARM.attributes
                0x0000084f       0x37 ./Dave/Generated/ECAT_SSC/ecat_ssc.o
 .ARM.attributes
                0x00000886       0x37 ./Dave/Generated/ECAT_SSC/ecat_ssc_conf.o
 .ARM.attributes
                0x000008bd       0x37 ./Dave/Generated/ECAT_SSC/xmc_eschw.o
 .ARM.attributes
                0x000008f4       0x37 ./Dave/Generated/DIGITAL_IO/digital_io.o
 .ARM.attributes
                0x0000092b       0x37 ./Dave/Generated/DIGITAL_IO/digital_io_conf.o
 .ARM.attributes
                0x00000962       0x37 ./Dave/Generated/CPU_CTRL_XMC4/cpu_ctrl_xmc4_conf.o
 .ARM.attributes
                0x00000999       0x37 ./Dave/Generated/CLOCK_XMC4/clock_xmc4.o
 .ARM.attributes
                0x000009d0       0x37 ./Dave/Generated/CLOCK_XMC4/clock_xmc4_conf.o
 .ARM.attributes
                0x00000a07       0x37 ./Dave/Generated/DAVE.o
 .ARM.attributes
                0x00000a3e       0x37 ./main.o
 .ARM.attributes
                0x00000a75       0x32 c:/infineon/tools/dave ide/4.5.0.202105191637/eclipse/arm-gcc-49/bin/../lib/gcc/arm-none-eabi/4.9.3/../../../../arm-none-eabi/lib/armv7e-m/softfp\libc_nano.a(lib_a-errno.o)
 .ARM.attributes
                0x00000aa7       0x32 c:/infineon/tools/dave ide/4.5.0.202105191637/eclipse/arm-gcc-49/bin/../lib/gcc/arm-none-eabi/4.9.3/../../../../arm-none-eabi/lib/armv7e-m/softfp\libc_nano.a(lib_a-impure.o)
 .ARM.attributes
                0x00000ad9       0x32 c:/infineon/tools/dave ide/4.5.0.202105191637/eclipse/arm-gcc-49/bin/../lib/gcc/arm-none-eabi/4.9.3/../../../../arm-none-eabi/lib/armv7e-m/softfp\libc_nano.a(lib_a-init.o)
 .ARM.attributes
                0x00000b0b       0x32 c:/infineon/tools/dave ide/4.5.0.202105191637/eclipse/arm-gcc-49/bin/../lib/gcc/arm-none-eabi/4.9.3/../../../../arm-none-eabi/lib/armv7e-m/softfp\libc_nano.a(lib_a-malloc.o)
 .ARM.attributes
                0x00000b3d       0x32 c:/infineon/tools/dave ide/4.5.0.202105191637/eclipse/arm-gcc-49/bin/../lib/gcc/arm-none-eabi/4.9.3/../../../../arm-none-eabi/lib/armv7e-m/softfp\libc_nano.a(lib_a-memcmp.o)
 .ARM.attributes
                0x00000b6f       0x32 c:/infineon/tools/dave ide/4.5.0.202105191637/eclipse/arm-gcc-49/bin/../lib/gcc/arm-none-eabi/4.9.3/../../../../arm-none-eabi/lib/armv7e-m/softfp\libc_nano.a(lib_a-memcpy.o)
 .ARM.attributes
                0x00000ba1       0x32 c:/infineon/tools/dave ide/4.5.0.202105191637/eclipse/arm-gcc-49/bin/../lib/gcc/arm-none-eabi/4.9.3/../../../../arm-none-eabi/lib/armv7e-m/softfp\libc_nano.a(lib_a-memset.o)
 .ARM.attributes
                0x00000bd3       0x32 c:/infineon/tools/dave ide/4.5.0.202105191637/eclipse/arm-gcc-49/bin/../lib/gcc/arm-none-eabi/4.9.3/../../../../arm-none-eabi/lib/armv7e-m/softfp\libc_nano.a(lib_a-nano-freer.o)
 .ARM.attributes
                0x00000c05       0x32 c:/infineon/tools/dave ide/4.5.0.202105191637/eclipse/arm-gcc-49/bin/../lib/gcc/arm-none-eabi/4.9.3/../../../../arm-none-eabi/lib/armv7e-m/softfp\libc_nano.a(lib_a-nano-mallocr.o)
 .ARM.attributes
                0x00000c37       0x32 c:/infineon/tools/dave ide/4.5.0.202105191637/eclipse/arm-gcc-49/bin/../lib/gcc/arm-none-eabi/4.9.3/../../../../arm-none-eabi/lib/armv7e-m/softfp\libc_nano.a(lib_a-sbrkr.o)
 .ARM.attributes
                0x00000c69       0x32 c:/infineon/tools/dave ide/4.5.0.202105191637/eclipse/arm-gcc-49/bin/../lib/gcc/arm-none-eabi/4.9.3/../../../../arm-none-eabi/lib/armv7e-m/softfp\libc_nano.a(lib_a-strlen.o)
 .ARM.attributes
                0x00000c9b       0x32 c:/infineon/tools/dave ide/4.5.0.202105191637/eclipse/arm-gcc-49/bin/../lib/gcc/arm-none-eabi/4.9.3/../../../../arm-none-eabi/lib/armv7e-m/softfp\libc_nano.a(lib_a-reent.o)
OUTPUT(ETHCAT_SSC_XMC48.elf elf32-littlearm)
