00:52:10 **** Incremental Build of configuration Release for project ETHCAT_SSC_XMC48 ****
"\"C:\\Infineon\\Tools\\DAVE IDE\\4.5.0.202105191637\\eclipse\\ARM-GCC-49\\bin\\make\"" --output-sync -j8 all 
'Invoking: ARM-GCC Print Size'
"C:/Infineon/Tools/DAVE IDE/4.5.0.202105191637/eclipse/ARM-GCC-49/bin/arm-none-eabi-size" --format=berkeley "ETHCAT_SSC_XMC48.elf"
   text	   data	    bss	    dec	    hex	filename
  26448	   3232	   6964	  36644	   8f24	ETHCAT_SSC_XMC48.elf
'Finished building: ETHCAT_SSC_XMC48.siz'


00:52:11 Build Finished (took 1s.581ms)

