23:44:47 **** Incremental Build of configuration Release for project ETHCAT_SSC_XMC48 ****
"\"C:\\Infineon\\Tools\\DAVE IDE\\4.5.0.202105191637\\eclipse\\ARM-GCC-49\\bin\\make\"" --output-sync -j8 all 
'Building file: ../SSC/Src/XMC_ESC.c'
'Invoking: ARM-GCC C Compiler'
"C:/Infineon/Tools/DAVE IDE/4.5.0.202105191637/eclipse/ARM-GCC-49/bin/arm-none-eabi-gcc" -MMD -MT "SSC/Src/XMC_ESC.o" -DXMC4800_F144x2048 -I"C:/Users/guan-ming.dennis-won/Documents/XMC_ESC/ETHCAT_SSC_XMC48/Libraries/XMCLib/inc" -I"C:/Users/guan-ming.dennis-won/Documents/XMC_ESC/ETHCAT_SSC_XMC48/Libraries/CMSIS/Include" -I"C:/Users/guan-ming.dennis-won/Documents/XMC_ESC/ETHCAT_SSC_XMC48/Libraries/CMSIS/Infineon/XMC4800_series/Include" -I"C:/Users/guan-ming.dennis-won/Documents/XMC_ESC/ETHCAT_SSC_XMC48" -I"C:/Users/guan-ming.dennis-won/Documents/XMC_ESC/ETHCAT_SSC_XMC48/Dave/Generated" -I"C:/Users/guan-ming.dennis-won/Documents/XMC_ESC/ETHCAT_SSC_XMC48/Libraries" -Os -ffunction-sections -fdata-sections -Wall -std=gnu99 -mfloat-abi=softfp -Wa,-adhlns="SSC/Src/XMC_ESC.o.lst" -pipe -c -fmessage-length=0 -MMD -MP -MF"SSC/Src/XMC_ESC.d" -MT"SSC/Src/XMC_ESC.d SSC/Src/XMC_ESC.o" -mcpu=cortex-m4 -mfpu=fpv4-sp-d16 -mthumb -o "SSC/Src/XMC_ESC.o" "../SSC/Src/XMC_ESC.c" 
'Finished building: ../SSC/Src/XMC_ESC.c'

'Building file: ../SSC/Src/coeappl.c'
'Invoking: ARM-GCC C Compiler'
"C:/Infineon/Tools/DAVE IDE/4.5.0.202105191637/eclipse/ARM-GCC-49/bin/arm-none-eabi-gcc" -MMD -MT "SSC/Src/coeappl.o" -DXMC4800_F144x2048 -I"C:/Users/guan-ming.dennis-won/Documents/XMC_ESC/ETHCAT_SSC_XMC48/Libraries/XMCLib/inc" -I"C:/Users/guan-ming.dennis-won/Documents/XMC_ESC/ETHCAT_SSC_XMC48/Libraries/CMSIS/Include" -I"C:/Users/guan-ming.dennis-won/Documents/XMC_ESC/ETHCAT_SSC_XMC48/Libraries/CMSIS/Infineon/XMC4800_series/Include" -I"C:/Users/guan-ming.dennis-won/Documents/XMC_ESC/ETHCAT_SSC_XMC48" -I"C:/Users/guan-ming.dennis-won/Documents/XMC_ESC/ETHCAT_SSC_XMC48/Dave/Generated" -I"C:/Users/guan-ming.dennis-won/Documents/XMC_ESC/ETHCAT_SSC_XMC48/Libraries" -Os -ffunction-sections -fdata-sections -Wall -std=gnu99 -mfloat-abi=softfp -Wa,-adhlns="SSC/Src/coeappl.o.lst" -pipe -c -fmessage-length=0 -MMD -MP -MF"SSC/Src/coeappl.d" -MT"SSC/Src/coeappl.d SSC/Src/coeappl.o" -mcpu=cortex-m4 -mfpu=fpv4-sp-d16 -mthumb -o "SSC/Src/coeappl.o" "../SSC/Src/coeappl.c" 
'Finished building: ../SSC/Src/coeappl.c'

'Building file: ../SSC/Src/ecatappl.c'
../SSC/Src/ecatappl.c: In function 'PDI_Isr':
'Invoking: ARM-GCC C Compiler'
../SSC/Src/ecatappl.c:589:25: warning: variable 'SyncState' set but not used [-Wunused-but-set-variable]
"C:/Infineon/Tools/DAVE IDE/4.5.0.202105191637/eclipse/ARM-GCC-49/bin/arm-none-eabi-gcc" -MMD -MT "SSC/Src/ecatappl.o" -DXMC4800_F144x2048 -I"C:/Users/guan-ming.dennis-won/Documents/XMC_ESC/ETHCAT_SSC_XMC48/Libraries/XMCLib/inc" -I"C:/Users/guan-ming.dennis-won/Documents/XMC_ESC/ETHCAT_SSC_XMC48/Libraries/CMSIS/Include" -I"C:/Users/guan-ming.dennis-won/Documents/XMC_ESC/ETHCAT_SSC_XMC48/Libraries/CMSIS/Infineon/XMC4800_series/Include" -I"C:/Users/guan-ming.dennis-won/Documents/XMC_ESC/ETHCAT_SSC_XMC48" -I"C:/Users/guan-ming.dennis-won/Documents/XMC_ESC/ETHCAT_SSC_XMC48/Dave/Generated" -I"C:/Users/guan-ming.dennis-won/Documents/XMC_ESC/ETHCAT_SSC_XMC48/Libraries" -Os -ffunction-sections -fdata-sections -Wall -std=gnu99 -mfloat-abi=softfp -Wa,-adhlns="SSC/Src/ecatappl.o.lst" -pipe -c -fmessage-length=0 -MMD -MP -MF"SSC/Src/ecatappl.d" -MT"SSC/Src/ecatappl.d SSC/Src/ecatappl.o" -mcpu=cortex-m4 -mfpu=fpv4-sp-d16 -mthumb -o "SSC/Src/ecatappl.o" "../SSC/Src/ecatappl.c" 
 
'Finished building: ../SSC/Src/ecatappl.c'

                         ^
'Building file: ../SSC/Src/ecatslv.c'
'Invoking: ARM-GCC C Compiler'
"C:/Infineon/Tools/DAVE IDE/4.5.0.202105191637/eclipse/ARM-GCC-49/bin/arm-none-eabi-gcc" -MMD -MT "SSC/Src/ecatslv.o" -DXMC4800_F144x2048 -I"C:/Users/guan-ming.dennis-won/Documents/XMC_ESC/ETHCAT_SSC_XMC48/Libraries/XMCLib/inc" -I"C:/Users/guan-ming.dennis-won/Documents/XMC_ESC/ETHCAT_SSC_XMC48/Libraries/CMSIS/Include" -I"C:/Users/guan-ming.dennis-won/Documents/XMC_ESC/ETHCAT_SSC_XMC48/Libraries/CMSIS/Infineon/XMC4800_series/Include" -I"C:/Users/guan-ming.dennis-won/Documents/XMC_ESC/ETHCAT_SSC_XMC48" -I"C:/Users/guan-ming.dennis-won/Documents/XMC_ESC/ETHCAT_SSC_XMC48/Dave/Generated" -I"C:/Users/guan-ming.dennis-won/Documents/XMC_ESC/ETHCAT_SSC_XMC48/Libraries" -Os -ffunction-sections -fdata-sections -Wall -std=gnu99 -mfloat-abi=softfp -Wa,-adhlns="SSC/Src/ecatslv.o.lst" -pipe -c -fmessage-length=0 -MMD -MP -MF"SSC/Src/ecatslv.d" -MT"SSC/Src/ecatslv.d SSC/Src/ecatslv.o" -mcpu=cortex-m4 -mfpu=fpv4-sp-d16 -mthumb -o "SSC/Src/ecatslv.o" "../SSC/Src/ecatslv.c" 
'Finished building: ../SSC/Src/ecatslv.c'

'Building file: ../main.c'
'Invoking: ARM-GCC C Compiler'
"C:/Infineon/Tools/DAVE IDE/4.5.0.202105191637/eclipse/ARM-GCC-49/bin/arm-none-eabi-gcc" -MMD -MT "main.o" -DXMC4800_F144x2048 -I"C:/Users/guan-ming.dennis-won/Documents/XMC_ESC/ETHCAT_SSC_XMC48/Libraries/XMCLib/inc" -I"C:/Users/guan-ming.dennis-won/Documents/XMC_ESC/ETHCAT_SSC_XMC48/Libraries/CMSIS/Include" -I"C:/Users/guan-ming.dennis-won/Documents/XMC_ESC/ETHCAT_SSC_XMC48/Libraries/CMSIS/Infineon/XMC4800_series/Include" -I"C:/Users/guan-ming.dennis-won/Documents/XMC_ESC/ETHCAT_SSC_XMC48" -I"C:/Users/guan-ming.dennis-won/Documents/XMC_ESC/ETHCAT_SSC_XMC48/Dave/Generated" -I"C:/Users/guan-ming.dennis-won/Documents/XMC_ESC/ETHCAT_SSC_XMC48/Libraries" -Os -ffunction-sections -fdata-sections -Wall -std=gnu99 -mfloat-abi=softfp -Wa,-adhlns="main.o.lst" -pipe -c -fmessage-length=0 -MMD -MP -MF"main.d" -MT"main.d main.o" -mcpu=cortex-m4 -mfpu=fpv4-sp-d16 -mthumb -o "main.o" "../main.c" 
'Finished building: ../main.c'

'Building target: ETHCAT_SSC_XMC48.elf'
'Invoking: ARM-GCC C Linker'
"C:/Infineon/Tools/DAVE IDE/4.5.0.202105191637/eclipse/ARM-GCC-49/bin/arm-none-eabi-gcc" -T"../linker_script.ld" -nostartfiles -Xlinker --gc-sections -specs=nano.specs -specs=nosys.specs -Wl,-Map,"ETHCAT_SSC_XMC48.map" -mfloat-abi=softfp -mfpu=fpv4-sp-d16 -mcpu=cortex-m4 -mthumb -o "ETHCAT_SSC_XMC48.elf" "@objects.rsp"  -lm
'Finished building target: ETHCAT_SSC_XMC48.elf'

'Invoking: ARM-GCC Create Flash Image'
"C:/Infineon/Tools/DAVE IDE/4.5.0.202105191637/eclipse/ARM-GCC-49/bin/arm-none-eabi-objcopy" -O ihex "ETHCAT_SSC_XMC48.elf" "ETHCAT_SSC_XMC48.hex"
'Finished building: ETHCAT_SSC_XMC48.hex'

'Invoking: ARM-GCC Create Listing'
"C:/Infineon/Tools/DAVE IDE/4.5.0.202105191637/eclipse/ARM-GCC-49/bin/arm-none-eabi-objdump" -h -S "ETHCAT_SSC_XMC48.elf" > "ETHCAT_SSC_XMC48.lst"
'Finished building: ETHCAT_SSC_XMC48.lst'

'Invoking: ARM-GCC Print Size'
"C:/Infineon/Tools/DAVE IDE/4.5.0.202105191637/eclipse/ARM-GCC-49/bin/arm-none-eabi-size" --format=berkeley "ETHCAT_SSC_XMC48.elf"
   text	   data	    bss	    dec	    hex	filename
  27652	   3384	   6964	  38000	   9470	ETHCAT_SSC_XMC48.elf
'Finished building: ETHCAT_SSC_XMC48.siz'

23:44:58 **** Incremental Build of configuration Release for project ETHCAT_SSC_XMC48 ****
"\"C:\\Infineon\\Tools\\DAVE IDE\\4.5.0.202105191637\\eclipse\\ARM-GCC-49\\bin\\make\"" --output-sync -j8 all 
'Invoking: ARM-GCC Print Size'
"C:/Infineon/Tools/DAVE IDE/4.5.0.202105191637/eclipse/ARM-GCC-49/bin/arm-none-eabi-size" --format=berkeley "ETHCAT_SSC_XMC48.elf"
   text	   data	    bss	    dec	    hex	filename
  27652	   3384	   6964	  38000	   9470	ETHCAT_SSC_XMC48.elf
'Finished building: ETHCAT_SSC_XMC48.siz'

23:53:55 **** Clean-only build of configuration Release for project ETHCAT_SSC_XMC48 ****
"\"C:\\Infineon\\Tools\\DAVE IDE\\4.5.0.202105191637\\eclipse\\ARM-GCC-49\\bin\\make\"" --output-sync -j8 clean 
rm -rf  ETHCAT_SSC_XMC48.hex  ETHCAT_SSC_XMC48.lst  ETHCAT_SSC_XMC48.siz  ./Startup/startup_XMC4800.d  ./Startup/system_XMC4800.d  ./SSC/Src/XMC_ESC.d ./SSC/Src/coeappl.d ./SSC/Src/ecatappl.d ./SSC/Src/ecatcoe.d ./SSC/Src/ecatslv.d ./SSC/Src/mailbox.d ./SSC/Src/objdef.d ./SSC/Src/sdoserv.d  ./Libraries/XMCLib/src/xmc4_eru.d ./Libraries/XMCLib/src/xmc4_flash.d ./Libraries/XMCLib/src/xmc4_gpio.d ./Libraries/XMCLib/src/xmc4_rtc.d ./Libraries/XMCLib/src/xmc4_scu.d ./Libraries/XMCLib/src/xmc_can.d ./Libraries/XMCLib/src/xmc_ccu4.d ./Libraries/XMCLib/src/xmc_ccu8.d ./Libraries/XMCLib/src/xmc_common.d ./Libraries/XMCLib/src/xmc_dac.d ./Libraries/XMCLib/src/xmc_dma.d ./Libraries/XMCLib/src/xmc_dsd.d ./Libraries/XMCLib/src/xmc_ebu.d ./Libraries/XMCLib/src/xmc_ecat.d ./Libraries/XMCLib/src/xmc_eru.d ./Libraries/XMCLib/src/xmc_eth_mac.d ./Libraries/XMCLib/src/xmc_eth_phy_dp83848.d ./Libraries/XMCLib/src/xmc_eth_phy_ksz8031rnl.d ./Libraries/XMCLib/src/xmc_eth_phy_ksz8081rnb.d ./Libraries/XMCLib/src/xmc_fce.d ./Libraries/XMCLib/src/xmc_gpio.d ./Libraries/XMCLib/src/xmc_hrpwm.d ./Libraries/XMCLib/src/xmc_i2c.d ./Libraries/XMCLib/src/xmc_i2s.d ./Libraries/XMCLib/src/xmc_ledts.d ./Libraries/XMCLib/src/xmc_posif.d ./Libraries/XMCLib/src/xmc_rtc.d ./Libraries/XMCLib/src/xmc_sdmmc.d ./Libraries/XMCLib/src/xmc_spi.d ./Libraries/XMCLib/src/xmc_uart.d ./Libraries/XMCLib/src/xmc_usbd.d ./Libraries/XMCLib/src/xmc_usbh.d ./Libraries/XMCLib/src/xmc_usic.d ./Libraries/XMCLib/src/xmc_vadc.d ./Libraries/XMCLib/src/xmc_wdt.d  ./Libraries/Newlib/syscalls.d  ./Dave/Generated/TIMER/timer.d ./Dave/Generated/TIMER/timer_conf.d  ./Dave/Generated/SYSTIMER/systimer.d ./Dave/Generated/SYSTIMER/systimer_conf.d  ./Dave/Generated/PWM_CCU8/pwm_ccu8.d ./Dave/Generated/PWM_CCU8/pwm_ccu8_conf.d  ./Dave/Generated/INTERRUPT/interrupt.d ./Dave/Generated/INTERRUPT/interrupt_conf.d  ./Dave/Generated/GLOBAL_CCU8/global_ccu8.d ./Dave/Generated/GLOBAL_CCU8/global_ccu8_conf.d  ./Dave/Generated/GLOBAL_CCU4/global_ccu4.d ./Dave/Generated/GLOBAL_CCU4/global_ccu4_conf.d  ./Dave/Generated/E_EEPROM_XMC4/e_eeprom_xmc4.d ./Dave/Generated/E_EEPROM_XMC4/e_eeprom_xmc4_conf.d  ./Dave/Generated/EVENT_GENERATOR/event_generator.d ./Dave/Generated/EVENT_GENERATOR/event_generator_conf.d  ./Dave/Generated/EVENT_DETECTOR/event_detector.d ./Dave/Generated/EVENT_DETECTOR/event_detector_conf.d  ./Dave/Generated/ECAT_SSC/ecat_ssc.d ./Dave/Generated/ECAT_SSC/ecat_ssc_conf.d ./Dave/Generated/ECAT_SSC/xmc_eschw.d  ./Dave/Generated/DIGITAL_IO/digital_io.d ./Dave/Generated/DIGITAL_IO/digital_io_conf.d  ./Dave/Generated/CPU_CTRL_XMC4/cpu_ctrl_xmc4.d ./Dave/Generated/CPU_CTRL_XMC4/cpu_ctrl_xmc4_conf.d  ./Dave/Generated/CLOCK_XMC4/clock_xmc4.d ./Dave/Generated/CLOCK_XMC4/clock_xmc4_conf.d  ./Dave/Generated/DAVE.d  ./main.d 
rm -rf Dave/Generated/CLOCK_XMC4/clock_xmc4.o Dave/Generated/CLOCK_XMC4/clock_xmc4_conf.o Dave/Generated/CPU_CTRL_XMC4/cpu_ctrl_xmc4.o Dave/Generated/CPU_CTRL_XMC4/cpu_ctrl_xmc4_conf.o Dave/Generated/DAVE.o Dave/Generated/DIGITAL_IO/digital_io.o Dave/Generated/DIGITAL_IO/digital_io_conf.o Dave/Generated/ECAT_SSC/ecat_ssc.o Dave/Generated/ECAT_SSC/ecat_ssc_conf.o Dave/Generated/ECAT_SSC/xmc_eschw.o Dave/Generated/EVENT_DETECTOR/event_detector.o Dave/Generated/EVENT_DETECTOR/event_detector_conf.o Dave/Generated/EVENT_GENERATOR/event_generator.o Dave/Generated/EVENT_GENERATOR/event_generator_conf.o Dave/Generated/E_EEPROM_XMC4/e_eeprom_xmc4.o Dave/Generated/E_EEPROM_XMC4/e_eeprom_xmc4_conf.o Dave/Generated/GLOBAL_CCU4/global_ccu4.o Dave/Generated/GLOBAL_CCU4/global_ccu4_conf.o Dave/Generated/GLOBAL_CCU8/global_ccu8.o Dave/Generated/GLOBAL_CCU8/global_ccu8_conf.o Dave/Generated/INTERRUPT/interrupt.o Dave/Generated/INTERRUPT/interrupt_conf.o Dave/Generated/PWM_CCU8/pwm_ccu8.o Dave/Generated/PWM_CCU8/pwm_ccu8_conf.o Dave/Generated/SYSTIMER/systimer.o Dave/Generated/SYSTIMER/systimer_conf.o Dave/Generated/TIMER/timer.o Dave/Generated/TIMER/timer_conf.o Libraries/Newlib/syscalls.o Libraries/XMCLib/src/xmc4_eru.o Libraries/XMCLib/src/xmc4_flash.o Libraries/XMCLib/src/xmc4_gpio.o Libraries/XMCLib/src/xmc4_rtc.o Libraries/XMCLib/src/xmc4_scu.o Libraries/XMCLib/src/xmc_can.o Libraries/XMCLib/src/xmc_ccu4.o Libraries/XMCLib/src/xmc_ccu8.o Libraries/XMCLib/src/xmc_common.o Libraries/XMCLib/src/xmc_dac.o Libraries/XMCLib/src/xmc_dma.o Libraries/XMCLib/src/xmc_dsd.o Libraries/XMCLib/src/xmc_ebu.o Libraries/XMCLib/src/xmc_ecat.o Libraries/XMCLib/src/xmc_eru.o Libraries/XMCLib/src/xmc_eth_mac.o Libraries/XMCLib/src/xmc_eth_phy_dp83848.o Libraries/XMCLib/src/xmc_eth_phy_ksz8031rnl.o Libraries/XMCLib/src/xmc_eth_phy_ksz8081rnb.o Libraries/XMCLib/src/xmc_fce.o Libraries/XMCLib/src/xmc_gpio.o Libraries/XMCLib/src/xmc_hrpwm.o 
rm -rf Libraries/XMCLib/src/xmc_i2c.o Libraries/XMCLib/src/xmc_i2s.o Libraries/XMCLib/src/xmc_ledts.o Libraries/XMCLib/src/xmc_posif.o Libraries/XMCLib/src/xmc_rtc.o Libraries/XMCLib/src/xmc_sdmmc.o Libraries/XMCLib/src/xmc_spi.o Libraries/XMCLib/src/xmc_uart.o Libraries/XMCLib/src/xmc_usbd.o Libraries/XMCLib/src/xmc_usbh.o Libraries/XMCLib/src/xmc_usic.o Libraries/XMCLib/src/xmc_vadc.o Libraries/XMCLib/src/xmc_wdt.o SSC/Src/XMC_ESC.o SSC/Src/coeappl.o SSC/Src/ecatappl.o SSC/Src/ecatcoe.o SSC/Src/ecatslv.o SSC/Src/mailbox.o SSC/Src/objdef.o SSC/Src/sdoserv.o Startup/startup_XMC4800.o Startup/system_XMC4800.o main.o  ETHCAT_SSC_XMC48.elf ./Startup/startup_XMC4800.o.lst ./Startup/system_XMC4800.o.lst ./SSC/Src/XMC_ESC.o.lst ./SSC/Src/coeappl.o.lst ./SSC/Src/ecatappl.o.lst ./SSC/Src/ecatcoe.o.lst ./SSC/Src/ecatslv.o.lst ./SSC/Src/mailbox.o.lst ./SSC/Src/objdef.o.lst ./SSC/Src/sdoserv.o.lst ./Libraries/XMCLib/src/xmc4_eru.o.lst ./Libraries/XMCLib/src/xmc4_flash.o.lst ./Libraries/XMCLib/src/xmc4_gpio.o.lst ./Libraries/XMCLib/src/xmc4_rtc.o.lst ./Libraries/XMCLib/src/xmc4_scu.o.lst ./Libraries/XMCLib/src/xmc_can.o.lst ./Libraries/XMCLib/src/xmc_ccu4.o.lst ./Libraries/XMCLib/src/xmc_ccu8.o.lst ./Libraries/XMCLib/src/xmc_common.o.lst ./Libraries/XMCLib/src/xmc_dac.o.lst ./Libraries/XMCLib/src/xmc_dma.o.lst ./Libraries/XMCLib/src/xmc_dsd.o.lst ./Libraries/XMCLib/src/xmc_ebu.o.lst ./Libraries/XMCLib/src/xmc_ecat.o.lst ./Libraries/XMCLib/src/xmc_eru.o.lst ./Libraries/XMCLib/src/xmc_eth_mac.o.lst ./Libraries/XMCLib/src/xmc_eth_phy_dp83848.o.lst ./Libraries/XMCLib/src/xmc_eth_phy_ksz8031rnl.o.lst ./Libraries/XMCLib/src/xmc_eth_phy_ksz8081rnb.o.lst ./Libraries/XMCLib/src/xmc_fce.o.lst ./Libraries/XMCLib/src/xmc_gpio.o.lst ./Libraries/XMCLib/src/xmc_hrpwm.o.lst ./Libraries/XMCLib/src/xmc_i2c.o.lst ./Libraries/XMCLib/src/xmc_i2s.o.lst ./Libraries/XMCLib/src/xmc_ledts.o.lst ./Libraries/XMCLib/src/xmc_posif.o.lst ./Libraries/XMCLib/src/xmc_rtc.o.lst ./Libraries/XMCLib/src/xmc_sdmmc.o.lst ./Libraries/XMCLib/src/xmc_spi.o.lst ./Libraries/XMCLib/src/xmc_uart.o.lst ./Libraries/XMCLib/src/xmc_usbd.o.lst ./Libraries/XMCLib/src/xmc_usbh.o.lst ./Libraries/XMCLib/src/xmc_usic.o.lst ./Libraries/XMCLib/src/xmc_vadc.o.lst ./Libraries/XMCLib/src/xmc_wdt.o.lst ./Libraries/Newlib/syscalls.o.lst ./Dave/Generated/TIMER/timer.o.lst ./Dave/Generated/TIMER/timer_conf.o.lst ./Dave/Generated/SYSTIMER/systimer.o.lst ./Dave/Generated/SYSTIMER/systimer_conf.o.lst ./Dave/Generated/PWM_CCU8/pwm_ccu8.o.lst ./Dave/Generated/PWM_CCU8/pwm_ccu8_conf.o.lst ./Dave/Generated/INTERRUPT/interrupt.o.lst ./Dave/Generated/INTERRUPT/interrupt_conf.o.lst ./Dave/Generated/GLOBAL_CCU8/global_ccu8.o.lst ./Dave/Generated/GLOBAL_CCU8/global_ccu8_conf.o.lst ./Dave/Generated/GLOBAL_CCU4/global_ccu4.o.lst ./Dave/Generated/GLOBAL_CCU4/global_ccu4_conf.o.lst ./Dave/Generated/E_EEPROM_XMC4/e_eeprom_xmc4.o.lst ./Dave/Generated/E_EEPROM_XMC4/e_eeprom_xmc4_conf.o.lst ./Dave/Generated/EVENT_GENERATOR/event_generator.o.lst ./Dave/Generated/EVENT_GENERATOR/event_generator_conf.o.lst ./Dave/Generated/EVENT_DETECTOR/event_detector.o.lst ./Dave/Generated/EVENT_DETECTOR/event_detector_conf.o.lst ./Dave/Generated/ECAT_SSC/ecat_ssc.o.lst ./Dave/Generated/ECAT_SSC/ecat_ssc_conf.o.lst ./Dave/Generated/ECAT_SSC/xmc_eschw.o.lst ./Dave/Generated/DIGITAL_IO/digital_io.o.lst ./Dave/Generated/DIGITAL_IO/digital_io_conf.o.lst ./Dave/Generated/CPU_CTRL_XMC4/cpu_ctrl_xmc4.o.lst ./Dave/Generated/CPU_CTRL_XMC4/cpu_ctrl_xmc4_conf.o.lst ./Dave/Generated/CLOCK_XMC4/clock_xmc4.o.lst ./Dave/Generated/CLOCK_XMC4/clock_xmc4_conf.o.lst ./Dave/Generated/DAVE.o.lst ./main.o.lst  "ETHCAT_SSC_XMC48.map" objects.rsp

23:53:57 **** Build of configuration Release for project ETHCAT_SSC_XMC48 ****
"\"C:\\Infineon\\Tools\\DAVE IDE\\4.5.0.202105191637\\eclipse\\ARM-GCC-49\\bin\\make\"" --output-sync -j8 all 
'Building file: ../Startup/startup_XMC4800.S'
'Invoking: ARM-GCC Assembler'
"C:/Infineon/Tools/DAVE IDE/4.5.0.202105191637/eclipse/ARM-GCC-49/bin/arm-none-eabi-gcc" -MMD -MT "Startup/startup_XMC4800.o" -x assembler-with-cpp -DXMC4800_F144x2048 -I"C:/Users/guan-ming.dennis-won/Documents/XMC_ESC/ETHCAT_SSC_XMC48/Libraries/XMCLib/inc" -I"C:/Users/guan-ming.dennis-won/Documents/XMC_ESC/ETHCAT_SSC_XMC48" -I"C:/Users/guan-ming.dennis-won/Documents/XMC_ESC/ETHCAT_SSC_XMC48/Dave/Generated" -Wall -Wa,-adhlns="Startup/startup_XMC4800.o.lst" -mfloat-abi=softfp -c -fmessage-length=0 -MMD -MP -MF"Startup/startup_XMC4800.d" -MT"Startup/startup_XMC4800.d Startup/startup_XMC4800.o" -mcpu=cortex-m4 -mfpu=fpv4-sp-d16 -mthumb -o "Startup/startup_XMC4800.o" "../Startup/startup_XMC4800.S" 
'Finished building: ../Startup/startup_XMC4800.S'

'Building file: ../Startup/system_XMC4800.c'
'Invoking: ARM-GCC C Compiler'
"C:/Infineon/Tools/DAVE IDE/4.5.0.202105191637/eclipse/ARM-GCC-49/bin/arm-none-eabi-gcc" -MMD -MT "Startup/system_XMC4800.o" -DXMC4800_F144x2048 -I"C:/Users/guan-ming.dennis-won/Documents/XMC_ESC/ETHCAT_SSC_XMC48/Libraries/XMCLib/inc" -I"C:/Users/guan-ming.dennis-won/Documents/XMC_ESC/ETHCAT_SSC_XMC48/Libraries/CMSIS/Include" -I"C:/Users/guan-ming.dennis-won/Documents/XMC_ESC/ETHCAT_SSC_XMC48/Libraries/CMSIS/Infineon/XMC4800_series/Include" -I"C:/Users/guan-ming.dennis-won/Documents/XMC_ESC/ETHCAT_SSC_XMC48" -I"C:/Users/guan-ming.dennis-won/Documents/XMC_ESC/ETHCAT_SSC_XMC48/Dave/Generated" -I"C:/Users/guan-ming.dennis-won/Documents/XMC_ESC/ETHCAT_SSC_XMC48/Libraries" -Os -ffunction-sections -fdata-sections -Wall -std=gnu99 -mfloat-abi=softfp -Wa,-adhlns="Startup/system_XMC4800.o.lst" -pipe -c -fmessage-length=0 -MMD -MP -MF"Startup/system_XMC4800.d" -MT"Startup/system_XMC4800.d Startup/system_XMC4800.o" -mcpu=cortex-m4 -mfpu=fpv4-sp-d16 -mthumb -o "Startup/system_XMC4800.o" "../Startup/system_XMC4800.c" 
'Finished building: ../Startup/system_XMC4800.c'

'Building file: ../SSC/Src/XMC_ESC.c'
In file included from ../SSC/Src/XMC_ESC.h:41:0,
'Invoking: ARM-GCC C Compiler'
                 from ../SSC/Src/XMC_ESC.c:29:
"C:/Infineon/Tools/DAVE IDE/4.5.0.202105191637/eclipse/ARM-GCC-49/bin/arm-none-eabi-gcc" -MMD -MT "SSC/Src/XMC_ESC.o" -DXMC4800_F144x2048 -I"C:/Users/guan-ming.dennis-won/Documents/XMC_ESC/ETHCAT_SSC_XMC48/Libraries/XMCLib/inc" -I"C:/Users/guan-ming.dennis-won/Documents/XMC_ESC/ETHCAT_SSC_XMC48/Libraries/CMSIS/Include" -I"C:/Users/guan-ming.dennis-won/Documents/XMC_ESC/ETHCAT_SSC_XMC48/Libraries/CMSIS/Infineon/XMC4800_series/Include" -I"C:/Users/guan-ming.dennis-won/Documents/XMC_ESC/ETHCAT_SSC_XMC48" -I"C:/Users/guan-ming.dennis-won/Documents/XMC_ESC/ETHCAT_SSC_XMC48/Dave/Generated" -I"C:/Users/guan-ming.dennis-won/Documents/XMC_ESC/ETHCAT_SSC_XMC48/Libraries" -Os -ffunction-sections -fdata-sections -Wall -std=gnu99 -mfloat-abi=softfp -Wa,-adhlns="SSC/Src/XMC_ESC.o.lst" -pipe -c -fmessage-length=0 -MMD -MP -MF"SSC/Src/XMC_ESC.d" -MT"SSC/Src/XMC_ESC.d SSC/Src/XMC_ESC.o" -mcpu=cortex-m4 -mfpu=fpv4-sp-d16 -mthumb -o "SSC/Src/XMC_ESC.o" "../SSC/Src/XMC_ESC.c" 
../SSC/Src/XMC_ESCObjects.h:2607:1: warning: excess elements in array initializer
SSC/Src/subdir.mk:39: recipe for target 'SSC/Src/XMC_ESC.o' failed
 ={8,{0,0,0,0,0,0,0,0}}
 ^
../SSC/Src/XMC_ESCObjects.h:2607:1: warning: (near initialization for 'OnOffContinuousModeGroup0x7008.aEntries')
../SSC/Src/XMC_ESCObjects.h:2607:1: warning: excess elements in array initializer
../SSC/Src/XMC_ESCObjects.h:2607:1: warning: (near initialization for 'OnOffContinuousModeGroup0x7008.aEntries')
../SSC/Src/XMC_ESCObjects.h:2607:1: warning: excess elements in array initializer
../SSC/Src/XMC_ESCObjects.h:2607:1: warning: (near initialization for 'OnOffContinuousModeGroup0x7008.aEntries')
../SSC/Src/XMC_ESCObjects.h:2607:1: warning: excess elements in array initializer
../SSC/Src/XMC_ESCObjects.h:2607:1: warning: (near initialization for 'OnOffContinuousModeGroup0x7008.aEntries')
../SSC/Src/XMC_ESCObjects.h:2607:1: warning: excess elements in array initializer
../SSC/Src/XMC_ESCObjects.h:2607:1: warning: (near initialization for 'OnOffContinuousModeGroup0x7008.aEntries')
../SSC/Src/XMC_ESCObjects.h:2607:1: warning: excess elements in array initializer
../SSC/Src/XMC_ESCObjects.h:2607:1: warning: (near initialization for 'OnOffContinuousModeGroup0x7008.aEntries')
../SSC/Src/XMC_ESCObjects.h:2607:1: warning: excess elements in array initializer
../SSC/Src/XMC_ESCObjects.h:2607:1: warning: (near initialization for 'OnOffContinuousModeGroup0x7008.aEntries')
../SSC/Src/XMC_ESC.c: In function 'APPL_InputMapping':
../SSC/Src/XMC_ESC.c:272:30: error: 'IN_GENERIC0x6000' undeclared (first use in this function)
  memcpy(pData, &(((UINT16 *)&IN_GENERIC0x6000)[1]), SIZEOF(IN_GENERIC0x6000)-2);
                              ^
../SSC/Src/XMC_ESC.c:272:30: note: each undeclared identifier is reported only once for each function it appears in
../SSC/Src/XMC_ESC.c: In function 'APPL_OutputMapping':
../SSC/Src/XMC_ESC.c:290:23: error: 'OUT_GENERIC0x7000' undeclared (first use in this function)
  memcpy(&(((UINT16 *)&OUT_GENERIC0x7000)[1]), pData, SIZEOF(OUT_GENERIC0x7000)-2);
                       ^
../SSC/Src/XMC_ESC.c: In function 'APPL_Application':
../SSC/Src/XMC_ESC.c:308:15: error: 'OUT_GENERIC0x7000' undeclared (first use in this function)
  process_app(&OUT_GENERIC0x7000, &IN_GENERIC0x6000);
               ^
../SSC/Src/XMC_ESC.c:308:35: error: 'IN_GENERIC0x6000' undeclared (first use in this function)
  process_app(&OUT_GENERIC0x7000, &IN_GENERIC0x6000);
                                   ^
make: *** [SSC/Src/XMC_ESC.o] Error 1
make: *** Waiting for unfinished jobs....
'Building file: ../SSC/Src/coeappl.c'
'Invoking: ARM-GCC C Compiler'
"C:/Infineon/Tools/DAVE IDE/4.5.0.202105191637/eclipse/ARM-GCC-49/bin/arm-none-eabi-gcc" -MMD -MT "SSC/Src/coeappl.o" -DXMC4800_F144x2048 -I"C:/Users/guan-ming.dennis-won/Documents/XMC_ESC/ETHCAT_SSC_XMC48/Libraries/XMCLib/inc" -I"C:/Users/guan-ming.dennis-won/Documents/XMC_ESC/ETHCAT_SSC_XMC48/Libraries/CMSIS/Include" -I"C:/Users/guan-ming.dennis-won/Documents/XMC_ESC/ETHCAT_SSC_XMC48/Libraries/CMSIS/Infineon/XMC4800_series/Include" -I"C:/Users/guan-ming.dennis-won/Documents/XMC_ESC/ETHCAT_SSC_XMC48" -I"C:/Users/guan-ming.dennis-won/Documents/XMC_ESC/ETHCAT_SSC_XMC48/Dave/Generated" -I"C:/Users/guan-ming.dennis-won/Documents/XMC_ESC/ETHCAT_SSC_XMC48/Libraries" -Os -ffunction-sections -fdata-sections -Wall -std=gnu99 -mfloat-abi=softfp -Wa,-adhlns="SSC/Src/coeappl.o.lst" -pipe -c -fmessage-length=0 -MMD -MP -MF"SSC/Src/coeappl.d" -MT"SSC/Src/coeappl.d SSC/Src/coeappl.o" -mcpu=cortex-m4 -mfpu=fpv4-sp-d16 -mthumb -o "SSC/Src/coeappl.o" "../SSC/Src/coeappl.c" 
'Finished building: ../SSC/Src/coeappl.c'

'Building file: ../SSC/Src/ecatappl.c'
../SSC/Src/ecatappl.c: In function 'PDI_Isr':
'Invoking: ARM-GCC C Compiler'
../SSC/Src/ecatappl.c:589:25: warning: variable 'SyncState' set but not used [-Wunused-but-set-variable]
"C:/Infineon/Tools/DAVE IDE/4.5.0.202105191637/eclipse/ARM-GCC-49/bin/arm-none-eabi-gcc" -MMD -MT "SSC/Src/ecatappl.o" -DXMC4800_F144x2048 -I"C:/Users/guan-ming.dennis-won/Documents/XMC_ESC/ETHCAT_SSC_XMC48/Libraries/XMCLib/inc" -I"C:/Users/guan-ming.dennis-won/Documents/XMC_ESC/ETHCAT_SSC_XMC48/Libraries/CMSIS/Include" -I"C:/Users/guan-ming.dennis-won/Documents/XMC_ESC/ETHCAT_SSC_XMC48/Libraries/CMSIS/Infineon/XMC4800_series/Include" -I"C:/Users/guan-ming.dennis-won/Documents/XMC_ESC/ETHCAT_SSC_XMC48" -I"C:/Users/guan-ming.dennis-won/Documents/XMC_ESC/ETHCAT_SSC_XMC48/Dave/Generated" -I"C:/Users/guan-ming.dennis-won/Documents/XMC_ESC/ETHCAT_SSC_XMC48/Libraries" -Os -ffunction-sections -fdata-sections -Wall -std=gnu99 -mfloat-abi=softfp -Wa,-adhlns="SSC/Src/ecatappl.o.lst" -pipe -c -fmessage-length=0 -MMD -MP -MF"SSC/Src/ecatappl.d" -MT"SSC/Src/ecatappl.d SSC/Src/ecatappl.o" -mcpu=cortex-m4 -mfpu=fpv4-sp-d16 -mthumb -o "SSC/Src/ecatappl.o" "../SSC/Src/ecatappl.c" 
 
'Finished building: ../SSC/Src/ecatappl.c'

                         ^
'Building file: ../SSC/Src/ecatcoe.c'
'Invoking: ARM-GCC C Compiler'
"C:/Infineon/Tools/DAVE IDE/4.5.0.202105191637/eclipse/ARM-GCC-49/bin/arm-none-eabi-gcc" -MMD -MT "SSC/Src/ecatcoe.o" -DXMC4800_F144x2048 -I"C:/Users/guan-ming.dennis-won/Documents/XMC_ESC/ETHCAT_SSC_XMC48/Libraries/XMCLib/inc" -I"C:/Users/guan-ming.dennis-won/Documents/XMC_ESC/ETHCAT_SSC_XMC48/Libraries/CMSIS/Include" -I"C:/Users/guan-ming.dennis-won/Documents/XMC_ESC/ETHCAT_SSC_XMC48/Libraries/CMSIS/Infineon/XMC4800_series/Include" -I"C:/Users/guan-ming.dennis-won/Documents/XMC_ESC/ETHCAT_SSC_XMC48" -I"C:/Users/guan-ming.dennis-won/Documents/XMC_ESC/ETHCAT_SSC_XMC48/Dave/Generated" -I"C:/Users/guan-ming.dennis-won/Documents/XMC_ESC/ETHCAT_SSC_XMC48/Libraries" -Os -ffunction-sections -fdata-sections -Wall -std=gnu99 -mfloat-abi=softfp -Wa,-adhlns="SSC/Src/ecatcoe.o.lst" -pipe -c -fmessage-length=0 -MMD -MP -MF"SSC/Src/ecatcoe.d" -MT"SSC/Src/ecatcoe.d SSC/Src/ecatcoe.o" -mcpu=cortex-m4 -mfpu=fpv4-sp-d16 -mthumb -o "SSC/Src/ecatcoe.o" "../SSC/Src/ecatcoe.c" 
'Finished building: ../SSC/Src/ecatcoe.c'

'Building file: ../SSC/Src/ecatslv.c'
'Invoking: ARM-GCC C Compiler'
"C:/Infineon/Tools/DAVE IDE/4.5.0.202105191637/eclipse/ARM-GCC-49/bin/arm-none-eabi-gcc" -MMD -MT "SSC/Src/ecatslv.o" -DXMC4800_F144x2048 -I"C:/Users/guan-ming.dennis-won/Documents/XMC_ESC/ETHCAT_SSC_XMC48/Libraries/XMCLib/inc" -I"C:/Users/guan-ming.dennis-won/Documents/XMC_ESC/ETHCAT_SSC_XMC48/Libraries/CMSIS/Include" -I"C:/Users/guan-ming.dennis-won/Documents/XMC_ESC/ETHCAT_SSC_XMC48/Libraries/CMSIS/Infineon/XMC4800_series/Include" -I"C:/Users/guan-ming.dennis-won/Documents/XMC_ESC/ETHCAT_SSC_XMC48" -I"C:/Users/guan-ming.dennis-won/Documents/XMC_ESC/ETHCAT_SSC_XMC48/Dave/Generated" -I"C:/Users/guan-ming.dennis-won/Documents/XMC_ESC/ETHCAT_SSC_XMC48/Libraries" -Os -ffunction-sections -fdata-sections -Wall -std=gnu99 -mfloat-abi=softfp -Wa,-adhlns="SSC/Src/ecatslv.o.lst" -pipe -c -fmessage-length=0 -MMD -MP -MF"SSC/Src/ecatslv.d" -MT"SSC/Src/ecatslv.d SSC/Src/ecatslv.o" -mcpu=cortex-m4 -mfpu=fpv4-sp-d16 -mthumb -o "SSC/Src/ecatslv.o" "../SSC/Src/ecatslv.c" 
'Finished building: ../SSC/Src/ecatslv.c'

23:54:38 **** Clean-only build of configuration Release for project ETHCAT_SSC_XMC48 ****
"\"C:\\Infineon\\Tools\\DAVE IDE\\4.5.0.202105191637\\eclipse\\ARM-GCC-49\\bin\\make\"" --output-sync -j8 clean 
rm -rf  ETHCAT_SSC_XMC48.hex  ETHCAT_SSC_XMC48.lst  ETHCAT_SSC_XMC48.siz  ./Startup/startup_XMC4800.d  ./Startup/system_XMC4800.d  ./SSC/Src/XMC_ESC.d ./SSC/Src/coeappl.d ./SSC/Src/ecatappl.d ./SSC/Src/ecatcoe.d ./SSC/Src/ecatslv.d ./SSC/Src/mailbox.d ./SSC/Src/objdef.d ./SSC/Src/sdoserv.d  ./Libraries/XMCLib/src/xmc4_eru.d ./Libraries/XMCLib/src/xmc4_flash.d ./Libraries/XMCLib/src/xmc4_gpio.d ./Libraries/XMCLib/src/xmc4_rtc.d ./Libraries/XMCLib/src/xmc4_scu.d ./Libraries/XMCLib/src/xmc_can.d ./Libraries/XMCLib/src/xmc_ccu4.d ./Libraries/XMCLib/src/xmc_ccu8.d ./Libraries/XMCLib/src/xmc_common.d ./Libraries/XMCLib/src/xmc_dac.d ./Libraries/XMCLib/src/xmc_dma.d ./Libraries/XMCLib/src/xmc_dsd.d ./Libraries/XMCLib/src/xmc_ebu.d ./Libraries/XMCLib/src/xmc_ecat.d ./Libraries/XMCLib/src/xmc_eru.d ./Libraries/XMCLib/src/xmc_eth_mac.d ./Libraries/XMCLib/src/xmc_eth_phy_dp83848.d ./Libraries/XMCLib/src/xmc_eth_phy_ksz8031rnl.d ./Libraries/XMCLib/src/xmc_eth_phy_ksz8081rnb.d ./Libraries/XMCLib/src/xmc_fce.d ./Libraries/XMCLib/src/xmc_gpio.d ./Libraries/XMCLib/src/xmc_hrpwm.d ./Libraries/XMCLib/src/xmc_i2c.d ./Libraries/XMCLib/src/xmc_i2s.d ./Libraries/XMCLib/src/xmc_ledts.d ./Libraries/XMCLib/src/xmc_posif.d ./Libraries/XMCLib/src/xmc_rtc.d ./Libraries/XMCLib/src/xmc_sdmmc.d ./Libraries/XMCLib/src/xmc_spi.d ./Libraries/XMCLib/src/xmc_uart.d ./Libraries/XMCLib/src/xmc_usbd.d ./Libraries/XMCLib/src/xmc_usbh.d ./Libraries/XMCLib/src/xmc_usic.d ./Libraries/XMCLib/src/xmc_vadc.d ./Libraries/XMCLib/src/xmc_wdt.d  ./Libraries/Newlib/syscalls.d  ./Dave/Generated/TIMER/timer.d ./Dave/Generated/TIMER/timer_conf.d  ./Dave/Generated/SYSTIMER/systimer.d ./Dave/Generated/SYSTIMER/systimer_conf.d  ./Dave/Generated/PWM_CCU8/pwm_ccu8.d ./Dave/Generated/PWM_CCU8/pwm_ccu8_conf.d  ./Dave/Generated/INTERRUPT/interrupt.d ./Dave/Generated/INTERRUPT/interrupt_conf.d  ./Dave/Generated/GLOBAL_CCU8/global_ccu8.d ./Dave/Generated/GLOBAL_CCU8/global_ccu8_conf.d  ./Dave/Generated/GLOBAL_CCU4/global_ccu4.d ./Dave/Generated/GLOBAL_CCU4/global_ccu4_conf.d  ./Dave/Generated/E_EEPROM_XMC4/e_eeprom_xmc4.d ./Dave/Generated/E_EEPROM_XMC4/e_eeprom_xmc4_conf.d  ./Dave/Generated/EVENT_GENERATOR/event_generator.d ./Dave/Generated/EVENT_GENERATOR/event_generator_conf.d  ./Dave/Generated/EVENT_DETECTOR/event_detector.d ./Dave/Generated/EVENT_DETECTOR/event_detector_conf.d  ./Dave/Generated/ECAT_SSC/ecat_ssc.d ./Dave/Generated/ECAT_SSC/ecat_ssc_conf.d ./Dave/Generated/ECAT_SSC/xmc_eschw.d  ./Dave/Generated/DIGITAL_IO/digital_io.d ./Dave/Generated/DIGITAL_IO/digital_io_conf.d  ./Dave/Generated/CPU_CTRL_XMC4/cpu_ctrl_xmc4.d ./Dave/Generated/CPU_CTRL_XMC4/cpu_ctrl_xmc4_conf.d  ./Dave/Generated/CLOCK_XMC4/clock_xmc4.d ./Dave/Generated/CLOCK_XMC4/clock_xmc4_conf.d  ./Dave/Generated/DAVE.d  ./main.d 
rm -rf Dave/Generated/CLOCK_XMC4/clock_xmc4.o Dave/Generated/CLOCK_XMC4/clock_xmc4_conf.o Dave/Generated/CPU_CTRL_XMC4/cpu_ctrl_xmc4.o Dave/Generated/CPU_CTRL_XMC4/cpu_ctrl_xmc4_conf.o Dave/Generated/DAVE.o Dave/Generated/DIGITAL_IO/digital_io.o Dave/Generated/DIGITAL_IO/digital_io_conf.o Dave/Generated/ECAT_SSC/ecat_ssc.o Dave/Generated/ECAT_SSC/ecat_ssc_conf.o Dave/Generated/ECAT_SSC/xmc_eschw.o Dave/Generated/EVENT_DETECTOR/event_detector.o Dave/Generated/EVENT_DETECTOR/event_detector_conf.o Dave/Generated/EVENT_GENERATOR/event_generator.o Dave/Generated/EVENT_GENERATOR/event_generator_conf.o Dave/Generated/E_EEPROM_XMC4/e_eeprom_xmc4.o Dave/Generated/E_EEPROM_XMC4/e_eeprom_xmc4_conf.o Dave/Generated/GLOBAL_CCU4/global_ccu4.o Dave/Generated/GLOBAL_CCU4/global_ccu4_conf.o Dave/Generated/GLOBAL_CCU8/global_ccu8.o Dave/Generated/GLOBAL_CCU8/global_ccu8_conf.o Dave/Generated/INTERRUPT/interrupt.o Dave/Generated/INTERRUPT/interrupt_conf.o Dave/Generated/PWM_CCU8/pwm_ccu8.o Dave/Generated/PWM_CCU8/pwm_ccu8_conf.o Dave/Generated/SYSTIMER/systimer.o Dave/Generated/SYSTIMER/systimer_conf.o Dave/Generated/TIMER/timer.o Dave/Generated/TIMER/timer_conf.o Libraries/Newlib/syscalls.o Libraries/XMCLib/src/xmc4_eru.o Libraries/XMCLib/src/xmc4_flash.o Libraries/XMCLib/src/xmc4_gpio.o Libraries/XMCLib/src/xmc4_rtc.o Libraries/XMCLib/src/xmc4_scu.o Libraries/XMCLib/src/xmc_can.o Libraries/XMCLib/src/xmc_ccu4.o Libraries/XMCLib/src/xmc_ccu8.o Libraries/XMCLib/src/xmc_common.o Libraries/XMCLib/src/xmc_dac.o Libraries/XMCLib/src/xmc_dma.o Libraries/XMCLib/src/xmc_dsd.o Libraries/XMCLib/src/xmc_ebu.o Libraries/XMCLib/src/xmc_ecat.o Libraries/XMCLib/src/xmc_eru.o Libraries/XMCLib/src/xmc_eth_mac.o Libraries/XMCLib/src/xmc_eth_phy_dp83848.o Libraries/XMCLib/src/xmc_eth_phy_ksz8031rnl.o Libraries/XMCLib/src/xmc_eth_phy_ksz8081rnb.o Libraries/XMCLib/src/xmc_fce.o Libraries/XMCLib/src/xmc_gpio.o Libraries/XMCLib/src/xmc_hrpwm.o 
rm -rf Libraries/XMCLib/src/xmc_i2c.o Libraries/XMCLib/src/xmc_i2s.o Libraries/XMCLib/src/xmc_ledts.o Libraries/XMCLib/src/xmc_posif.o Libraries/XMCLib/src/xmc_rtc.o Libraries/XMCLib/src/xmc_sdmmc.o Libraries/XMCLib/src/xmc_spi.o Libraries/XMCLib/src/xmc_uart.o Libraries/XMCLib/src/xmc_usbd.o Libraries/XMCLib/src/xmc_usbh.o Libraries/XMCLib/src/xmc_usic.o Libraries/XMCLib/src/xmc_vadc.o Libraries/XMCLib/src/xmc_wdt.o SSC/Src/XMC_ESC.o SSC/Src/coeappl.o SSC/Src/ecatappl.o SSC/Src/ecatcoe.o SSC/Src/ecatslv.o SSC/Src/mailbox.o SSC/Src/objdef.o SSC/Src/sdoserv.o Startup/startup_XMC4800.o Startup/system_XMC4800.o main.o  ETHCAT_SSC_XMC48.elf ./Startup/startup_XMC4800.o.lst ./Startup/system_XMC4800.o.lst ./SSC/Src/XMC_ESC.o.lst ./SSC/Src/coeappl.o.lst ./SSC/Src/ecatappl.o.lst ./SSC/Src/ecatcoe.o.lst ./SSC/Src/ecatslv.o.lst ./SSC/Src/mailbox.o.lst ./SSC/Src/objdef.o.lst ./SSC/Src/sdoserv.o.lst ./Libraries/XMCLib/src/xmc4_eru.o.lst ./Libraries/XMCLib/src/xmc4_flash.o.lst ./Libraries/XMCLib/src/xmc4_gpio.o.lst ./Libraries/XMCLib/src/xmc4_rtc.o.lst ./Libraries/XMCLib/src/xmc4_scu.o.lst ./Libraries/XMCLib/src/xmc_can.o.lst ./Libraries/XMCLib/src/xmc_ccu4.o.lst ./Libraries/XMCLib/src/xmc_ccu8.o.lst ./Libraries/XMCLib/src/xmc_common.o.lst ./Libraries/XMCLib/src/xmc_dac.o.lst ./Libraries/XMCLib/src/xmc_dma.o.lst ./Libraries/XMCLib/src/xmc_dsd.o.lst ./Libraries/XMCLib/src/xmc_ebu.o.lst ./Libraries/XMCLib/src/xmc_ecat.o.lst ./Libraries/XMCLib/src/xmc_eru.o.lst ./Libraries/XMCLib/src/xmc_eth_mac.o.lst ./Libraries/XMCLib/src/xmc_eth_phy_dp83848.o.lst ./Libraries/XMCLib/src/xmc_eth_phy_ksz8031rnl.o.lst ./Libraries/XMCLib/src/xmc_eth_phy_ksz8081rnb.o.lst ./Libraries/XMCLib/src/xmc_fce.o.lst ./Libraries/XMCLib/src/xmc_gpio.o.lst ./Libraries/XMCLib/src/xmc_hrpwm.o.lst ./Libraries/XMCLib/src/xmc_i2c.o.lst ./Libraries/XMCLib/src/xmc_i2s.o.lst ./Libraries/XMCLib/src/xmc_ledts.o.lst ./Libraries/XMCLib/src/xmc_posif.o.lst ./Libraries/XMCLib/src/xmc_rtc.o.lst ./Libraries/XMCLib/src/xmc_sdmmc.o.lst ./Libraries/XMCLib/src/xmc_spi.o.lst ./Libraries/XMCLib/src/xmc_uart.o.lst ./Libraries/XMCLib/src/xmc_usbd.o.lst ./Libraries/XMCLib/src/xmc_usbh.o.lst ./Libraries/XMCLib/src/xmc_usic.o.lst ./Libraries/XMCLib/src/xmc_vadc.o.lst ./Libraries/XMCLib/src/xmc_wdt.o.lst ./Libraries/Newlib/syscalls.o.lst ./Dave/Generated/TIMER/timer.o.lst ./Dave/Generated/TIMER/timer_conf.o.lst ./Dave/Generated/SYSTIMER/systimer.o.lst ./Dave/Generated/SYSTIMER/systimer_conf.o.lst ./Dave/Generated/PWM_CCU8/pwm_ccu8.o.lst ./Dave/Generated/PWM_CCU8/pwm_ccu8_conf.o.lst ./Dave/Generated/INTERRUPT/interrupt.o.lst ./Dave/Generated/INTERRUPT/interrupt_conf.o.lst ./Dave/Generated/GLOBAL_CCU8/global_ccu8.o.lst ./Dave/Generated/GLOBAL_CCU8/global_ccu8_conf.o.lst ./Dave/Generated/GLOBAL_CCU4/global_ccu4.o.lst ./Dave/Generated/GLOBAL_CCU4/global_ccu4_conf.o.lst ./Dave/Generated/E_EEPROM_XMC4/e_eeprom_xmc4.o.lst ./Dave/Generated/E_EEPROM_XMC4/e_eeprom_xmc4_conf.o.lst ./Dave/Generated/EVENT_GENERATOR/event_generator.o.lst ./Dave/Generated/EVENT_GENERATOR/event_generator_conf.o.lst ./Dave/Generated/EVENT_DETECTOR/event_detector.o.lst ./Dave/Generated/EVENT_DETECTOR/event_detector_conf.o.lst ./Dave/Generated/ECAT_SSC/ecat_ssc.o.lst ./Dave/Generated/ECAT_SSC/ecat_ssc_conf.o.lst ./Dave/Generated/ECAT_SSC/xmc_eschw.o.lst ./Dave/Generated/DIGITAL_IO/digital_io.o.lst ./Dave/Generated/DIGITAL_IO/digital_io_conf.o.lst ./Dave/Generated/CPU_CTRL_XMC4/cpu_ctrl_xmc4.o.lst ./Dave/Generated/CPU_CTRL_XMC4/cpu_ctrl_xmc4_conf.o.lst ./Dave/Generated/CLOCK_XMC4/clock_xmc4.o.lst ./Dave/Generated/CLOCK_XMC4/clock_xmc4_conf.o.lst ./Dave/Generated/DAVE.o.lst ./main.o.lst  "ETHCAT_SSC_XMC48.map" objects.rsp

23:54:40 **** Build of configuration Release for project ETHCAT_SSC_XMC48 ****
"\"C:\\Infineon\\Tools\\DAVE IDE\\4.5.0.202105191637\\eclipse\\ARM-GCC-49\\bin\\make\"" --output-sync -j8 all 
'Building file: ../Startup/startup_XMC4800.S'
'Invoking: ARM-GCC Assembler'
"C:/Infineon/Tools/DAVE IDE/4.5.0.202105191637/eclipse/ARM-GCC-49/bin/arm-none-eabi-gcc" -MMD -MT "Startup/startup_XMC4800.o" -x assembler-with-cpp -DXMC4800_F144x2048 -I"C:/Users/guan-ming.dennis-won/Documents/XMC_ESC/ETHCAT_SSC_XMC48/Libraries/XMCLib/inc" -I"C:/Users/guan-ming.dennis-won/Documents/XMC_ESC/ETHCAT_SSC_XMC48" -I"C:/Users/guan-ming.dennis-won/Documents/XMC_ESC/ETHCAT_SSC_XMC48/Dave/Generated" -Wall -Wa,-adhlns="Startup/startup_XMC4800.o.lst" -mfloat-abi=softfp -c -fmessage-length=0 -MMD -MP -MF"Startup/startup_XMC4800.d" -MT"Startup/startup_XMC4800.d Startup/startup_XMC4800.o" -mcpu=cortex-m4 -mfpu=fpv4-sp-d16 -mthumb -o "Startup/startup_XMC4800.o" "../Startup/startup_XMC4800.S" 
'Finished building: ../Startup/startup_XMC4800.S'

'Building file: ../SSC/Src/XMC_ESC.c'
In file included from ../SSC/Src/XMC_ESC.h:41:0,
'Invoking: ARM-GCC C Compiler'
                 from ../SSC/Src/XMC_ESC.c:29:
"C:/Infineon/Tools/DAVE IDE/4.5.0.202105191637/eclipse/ARM-GCC-49/bin/arm-none-eabi-gcc" -MMD -MT "SSC/Src/XMC_ESC.o" -DXMC4800_F144x2048 -I"C:/Users/guan-ming.dennis-won/Documents/XMC_ESC/ETHCAT_SSC_XMC48/Libraries/XMCLib/inc" -I"C:/Users/guan-ming.dennis-won/Documents/XMC_ESC/ETHCAT_SSC_XMC48/Libraries/CMSIS/Include" -I"C:/Users/guan-ming.dennis-won/Documents/XMC_ESC/ETHCAT_SSC_XMC48/Libraries/CMSIS/Infineon/XMC4800_series/Include" -I"C:/Users/guan-ming.dennis-won/Documents/XMC_ESC/ETHCAT_SSC_XMC48" -I"C:/Users/guan-ming.dennis-won/Documents/XMC_ESC/ETHCAT_SSC_XMC48/Dave/Generated" -I"C:/Users/guan-ming.dennis-won/Documents/XMC_ESC/ETHCAT_SSC_XMC48/Libraries" -Os -ffunction-sections -fdata-sections -Wall -std=gnu99 -mfloat-abi=softfp -Wa,-adhlns="SSC/Src/XMC_ESC.o.lst" -pipe -c -fmessage-length=0 -MMD -MP -MF"SSC/Src/XMC_ESC.d" -MT"SSC/Src/XMC_ESC.d SSC/Src/XMC_ESC.o" -mcpu=cortex-m4 -mfpu=fpv4-sp-d16 -mthumb -o "SSC/Src/XMC_ESC.o" "../SSC/Src/XMC_ESC.c" 
../SSC/Src/XMC_ESCObjects.h:2607:1: warning: excess elements in array initializer
SSC/Src/subdir.mk:39: recipe for target 'SSC/Src/XMC_ESC.o' failed
 ={8,{0,0,0,0,0,0,0,0}}
 ^
../SSC/Src/XMC_ESCObjects.h:2607:1: warning: (near initialization for 'OnOffContinuousModeGroup0x7008.aEntries')
../SSC/Src/XMC_ESCObjects.h:2607:1: warning: excess elements in array initializer
../SSC/Src/XMC_ESCObjects.h:2607:1: warning: (near initialization for 'OnOffContinuousModeGroup0x7008.aEntries')
../SSC/Src/XMC_ESCObjects.h:2607:1: warning: excess elements in array initializer
../SSC/Src/XMC_ESCObjects.h:2607:1: warning: (near initialization for 'OnOffContinuousModeGroup0x7008.aEntries')
../SSC/Src/XMC_ESCObjects.h:2607:1: warning: excess elements in array initializer
../SSC/Src/XMC_ESCObjects.h:2607:1: warning: (near initialization for 'OnOffContinuousModeGroup0x7008.aEntries')
../SSC/Src/XMC_ESCObjects.h:2607:1: warning: excess elements in array initializer
../SSC/Src/XMC_ESCObjects.h:2607:1: warning: (near initialization for 'OnOffContinuousModeGroup0x7008.aEntries')
../SSC/Src/XMC_ESCObjects.h:2607:1: warning: excess elements in array initializer
../SSC/Src/XMC_ESCObjects.h:2607:1: warning: (near initialization for 'OnOffContinuousModeGroup0x7008.aEntries')
../SSC/Src/XMC_ESCObjects.h:2607:1: warning: excess elements in array initializer
../SSC/Src/XMC_ESCObjects.h:2607:1: warning: (near initialization for 'OnOffContinuousModeGroup0x7008.aEntries')
../SSC/Src/XMC_ESC.c: In function 'APPL_Application':
../SSC/Src/XMC_ESC.c:308:15: error: 'OUT_GENERIC0x7000' undeclared (first use in this function)
  process_app(&OUT_GENERIC0x7000, &IN_GENERIC0x6000);
               ^
../SSC/Src/XMC_ESC.c:308:15: note: each undeclared identifier is reported only once for each function it appears in
../SSC/Src/XMC_ESC.c:308:35: error: 'IN_GENERIC0x6000' undeclared (first use in this function)
  process_app(&OUT_GENERIC0x7000, &IN_GENERIC0x6000);
                                   ^
make: *** [SSC/Src/XMC_ESC.o] Error 1
make: *** Waiting for unfinished jobs....
'Building file: ../Startup/system_XMC4800.c'
'Invoking: ARM-GCC C Compiler'
"C:/Infineon/Tools/DAVE IDE/4.5.0.202105191637/eclipse/ARM-GCC-49/bin/arm-none-eabi-gcc" -MMD -MT "Startup/system_XMC4800.o" -DXMC4800_F144x2048 -I"C:/Users/guan-ming.dennis-won/Documents/XMC_ESC/ETHCAT_SSC_XMC48/Libraries/XMCLib/inc" -I"C:/Users/guan-ming.dennis-won/Documents/XMC_ESC/ETHCAT_SSC_XMC48/Libraries/CMSIS/Include" -I"C:/Users/guan-ming.dennis-won/Documents/XMC_ESC/ETHCAT_SSC_XMC48/Libraries/CMSIS/Infineon/XMC4800_series/Include" -I"C:/Users/guan-ming.dennis-won/Documents/XMC_ESC/ETHCAT_SSC_XMC48" -I"C:/Users/guan-ming.dennis-won/Documents/XMC_ESC/ETHCAT_SSC_XMC48/Dave/Generated" -I"C:/Users/guan-ming.dennis-won/Documents/XMC_ESC/ETHCAT_SSC_XMC48/Libraries" -Os -ffunction-sections -fdata-sections -Wall -std=gnu99 -mfloat-abi=softfp -Wa,-adhlns="Startup/system_XMC4800.o.lst" -pipe -c -fmessage-length=0 -MMD -MP -MF"Startup/system_XMC4800.d" -MT"Startup/system_XMC4800.d Startup/system_XMC4800.o" -mcpu=cortex-m4 -mfpu=fpv4-sp-d16 -mthumb -o "Startup/system_XMC4800.o" "../Startup/system_XMC4800.c" 
'Finished building: ../Startup/system_XMC4800.c'

'Building file: ../SSC/Src/coeappl.c'
'Invoking: ARM-GCC C Compiler'
"C:/Infineon/Tools/DAVE IDE/4.5.0.202105191637/eclipse/ARM-GCC-49/bin/arm-none-eabi-gcc" -MMD -MT "SSC/Src/coeappl.o" -DXMC4800_F144x2048 -I"C:/Users/guan-ming.dennis-won/Documents/XMC_ESC/ETHCAT_SSC_XMC48/Libraries/XMCLib/inc" -I"C:/Users/guan-ming.dennis-won/Documents/XMC_ESC/ETHCAT_SSC_XMC48/Libraries/CMSIS/Include" -I"C:/Users/guan-ming.dennis-won/Documents/XMC_ESC/ETHCAT_SSC_XMC48/Libraries/CMSIS/Infineon/XMC4800_series/Include" -I"C:/Users/guan-ming.dennis-won/Documents/XMC_ESC/ETHCAT_SSC_XMC48" -I"C:/Users/guan-ming.dennis-won/Documents/XMC_ESC/ETHCAT_SSC_XMC48/Dave/Generated" -I"C:/Users/guan-ming.dennis-won/Documents/XMC_ESC/ETHCAT_SSC_XMC48/Libraries" -Os -ffunction-sections -fdata-sections -Wall -std=gnu99 -mfloat-abi=softfp -Wa,-adhlns="SSC/Src/coeappl.o.lst" -pipe -c -fmessage-length=0 -MMD -MP -MF"SSC/Src/coeappl.d" -MT"SSC/Src/coeappl.d SSC/Src/coeappl.o" -mcpu=cortex-m4 -mfpu=fpv4-sp-d16 -mthumb -o "SSC/Src/coeappl.o" "../SSC/Src/coeappl.c" 
'Finished building: ../SSC/Src/coeappl.c'

'Building file: ../SSC/Src/ecatappl.c'
../SSC/Src/ecatappl.c: In function 'PDI_Isr':
'Invoking: ARM-GCC C Compiler'
../SSC/Src/ecatappl.c:589:25: warning: variable 'SyncState' set but not used [-Wunused-but-set-variable]
 
"C:/Infineon/Tools/DAVE IDE/4.5.0.202105191637/eclipse/ARM-GCC-49/bin/arm-none-eabi-gcc" -MMD -MT "SSC/Src/ecatappl.o" -DXMC4800_F144x2048 -I"C:/Users/guan-ming.dennis-won/Documents/XMC_ESC/ETHCAT_SSC_XMC48/Libraries/XMCLib/inc" -I"C:/Users/guan-ming.dennis-won/Documents/XMC_ESC/ETHCAT_SSC_XMC48/Libraries/CMSIS/Include" -I"C:/Users/guan-ming.dennis-won/Documents/XMC_ESC/ETHCAT_SSC_XMC48/Libraries/CMSIS/Infineon/XMC4800_series/Include" -I"C:/Users/guan-ming.dennis-won/Documents/XMC_ESC/ETHCAT_SSC_XMC48" -I"C:/Users/guan-ming.dennis-won/Documents/XMC_ESC/ETHCAT_SSC_XMC48/Dave/Generated" -I"C:/Users/guan-ming.dennis-won/Documents/XMC_ESC/ETHCAT_SSC_XMC48/Libraries" -Os -ffunction-sections -fdata-sections -Wall -std=gnu99 -mfloat-abi=softfp -Wa,-adhlns="SSC/Src/ecatappl.o.lst" -pipe -c -fmessage-length=0 -MMD -MP -MF"SSC/Src/ecatappl.d" -MT"SSC/Src/ecatappl.d SSC/Src/ecatappl.o" -mcpu=cortex-m4 -mfpu=fpv4-sp-d16 -mthumb -o "SSC/Src/ecatappl.o" "../SSC/Src/ecatappl.c" 
                         ^
'Finished building: ../SSC/Src/ecatappl.c'

'Building file: ../SSC/Src/ecatcoe.c'
'Invoking: ARM-GCC C Compiler'
"C:/Infineon/Tools/DAVE IDE/4.5.0.202105191637/eclipse/ARM-GCC-49/bin/arm-none-eabi-gcc" -MMD -MT "SSC/Src/ecatcoe.o" -DXMC4800_F144x2048 -I"C:/Users/guan-ming.dennis-won/Documents/XMC_ESC/ETHCAT_SSC_XMC48/Libraries/XMCLib/inc" -I"C:/Users/guan-ming.dennis-won/Documents/XMC_ESC/ETHCAT_SSC_XMC48/Libraries/CMSIS/Include" -I"C:/Users/guan-ming.dennis-won/Documents/XMC_ESC/ETHCAT_SSC_XMC48/Libraries/CMSIS/Infineon/XMC4800_series/Include" -I"C:/Users/guan-ming.dennis-won/Documents/XMC_ESC/ETHCAT_SSC_XMC48" -I"C:/Users/guan-ming.dennis-won/Documents/XMC_ESC/ETHCAT_SSC_XMC48/Dave/Generated" -I"C:/Users/guan-ming.dennis-won/Documents/XMC_ESC/ETHCAT_SSC_XMC48/Libraries" -Os -ffunction-sections -fdata-sections -Wall -std=gnu99 -mfloat-abi=softfp -Wa,-adhlns="SSC/Src/ecatcoe.o.lst" -pipe -c -fmessage-length=0 -MMD -MP -MF"SSC/Src/ecatcoe.d" -MT"SSC/Src/ecatcoe.d SSC/Src/ecatcoe.o" -mcpu=cortex-m4 -mfpu=fpv4-sp-d16 -mthumb -o "SSC/Src/ecatcoe.o" "../SSC/Src/ecatcoe.c" 
'Finished building: ../SSC/Src/ecatcoe.c'

23:55:10 **** Clean-only build of configuration Release for project ETHCAT_SSC_XMC48 ****
"\"C:\\Infineon\\Tools\\DAVE IDE\\4.5.0.202105191637\\eclipse\\ARM-GCC-49\\bin\\make\"" --output-sync -j8 clean 
rm -rf  ETHCAT_SSC_XMC48.hex  ETHCAT_SSC_XMC48.lst  ETHCAT_SSC_XMC48.siz  ./Startup/startup_XMC4800.d  ./Startup/system_XMC4800.d  ./SSC/Src/XMC_ESC.d ./SSC/Src/coeappl.d ./SSC/Src/ecatappl.d ./SSC/Src/ecatcoe.d ./SSC/Src/ecatslv.d ./SSC/Src/mailbox.d ./SSC/Src/objdef.d ./SSC/Src/sdoserv.d  ./Libraries/XMCLib/src/xmc4_eru.d ./Libraries/XMCLib/src/xmc4_flash.d ./Libraries/XMCLib/src/xmc4_gpio.d ./Libraries/XMCLib/src/xmc4_rtc.d ./Libraries/XMCLib/src/xmc4_scu.d ./Libraries/XMCLib/src/xmc_can.d ./Libraries/XMCLib/src/xmc_ccu4.d ./Libraries/XMCLib/src/xmc_ccu8.d ./Libraries/XMCLib/src/xmc_common.d ./Libraries/XMCLib/src/xmc_dac.d ./Libraries/XMCLib/src/xmc_dma.d ./Libraries/XMCLib/src/xmc_dsd.d ./Libraries/XMCLib/src/xmc_ebu.d ./Libraries/XMCLib/src/xmc_ecat.d ./Libraries/XMCLib/src/xmc_eru.d ./Libraries/XMCLib/src/xmc_eth_mac.d ./Libraries/XMCLib/src/xmc_eth_phy_dp83848.d ./Libraries/XMCLib/src/xmc_eth_phy_ksz8031rnl.d ./Libraries/XMCLib/src/xmc_eth_phy_ksz8081rnb.d ./Libraries/XMCLib/src/xmc_fce.d ./Libraries/XMCLib/src/xmc_gpio.d ./Libraries/XMCLib/src/xmc_hrpwm.d ./Libraries/XMCLib/src/xmc_i2c.d ./Libraries/XMCLib/src/xmc_i2s.d ./Libraries/XMCLib/src/xmc_ledts.d ./Libraries/XMCLib/src/xmc_posif.d ./Libraries/XMCLib/src/xmc_rtc.d ./Libraries/XMCLib/src/xmc_sdmmc.d ./Libraries/XMCLib/src/xmc_spi.d ./Libraries/XMCLib/src/xmc_uart.d ./Libraries/XMCLib/src/xmc_usbd.d ./Libraries/XMCLib/src/xmc_usbh.d ./Libraries/XMCLib/src/xmc_usic.d ./Libraries/XMCLib/src/xmc_vadc.d ./Libraries/XMCLib/src/xmc_wdt.d  ./Libraries/Newlib/syscalls.d  ./Dave/Generated/TIMER/timer.d ./Dave/Generated/TIMER/timer_conf.d  ./Dave/Generated/SYSTIMER/systimer.d ./Dave/Generated/SYSTIMER/systimer_conf.d  ./Dave/Generated/PWM_CCU8/pwm_ccu8.d ./Dave/Generated/PWM_CCU8/pwm_ccu8_conf.d  ./Dave/Generated/INTERRUPT/interrupt.d ./Dave/Generated/INTERRUPT/interrupt_conf.d  ./Dave/Generated/GLOBAL_CCU8/global_ccu8.d ./Dave/Generated/GLOBAL_CCU8/global_ccu8_conf.d  ./Dave/Generated/GLOBAL_CCU4/global_ccu4.d ./Dave/Generated/GLOBAL_CCU4/global_ccu4_conf.d  ./Dave/Generated/E_EEPROM_XMC4/e_eeprom_xmc4.d ./Dave/Generated/E_EEPROM_XMC4/e_eeprom_xmc4_conf.d  ./Dave/Generated/EVENT_GENERATOR/event_generator.d ./Dave/Generated/EVENT_GENERATOR/event_generator_conf.d  ./Dave/Generated/EVENT_DETECTOR/event_detector.d ./Dave/Generated/EVENT_DETECTOR/event_detector_conf.d  ./Dave/Generated/ECAT_SSC/ecat_ssc.d ./Dave/Generated/ECAT_SSC/ecat_ssc_conf.d ./Dave/Generated/ECAT_SSC/xmc_eschw.d  ./Dave/Generated/DIGITAL_IO/digital_io.d ./Dave/Generated/DIGITAL_IO/digital_io_conf.d  ./Dave/Generated/CPU_CTRL_XMC4/cpu_ctrl_xmc4.d ./Dave/Generated/CPU_CTRL_XMC4/cpu_ctrl_xmc4_conf.d  ./Dave/Generated/CLOCK_XMC4/clock_xmc4.d ./Dave/Generated/CLOCK_XMC4/clock_xmc4_conf.d  ./Dave/Generated/DAVE.d  ./main.d 
rm -rf Dave/Generated/CLOCK_XMC4/clock_xmc4.o Dave/Generated/CLOCK_XMC4/clock_xmc4_conf.o Dave/Generated/CPU_CTRL_XMC4/cpu_ctrl_xmc4.o Dave/Generated/CPU_CTRL_XMC4/cpu_ctrl_xmc4_conf.o Dave/Generated/DAVE.o Dave/Generated/DIGITAL_IO/digital_io.o Dave/Generated/DIGITAL_IO/digital_io_conf.o Dave/Generated/ECAT_SSC/ecat_ssc.o Dave/Generated/ECAT_SSC/ecat_ssc_conf.o Dave/Generated/ECAT_SSC/xmc_eschw.o Dave/Generated/EVENT_DETECTOR/event_detector.o Dave/Generated/EVENT_DETECTOR/event_detector_conf.o Dave/Generated/EVENT_GENERATOR/event_generator.o Dave/Generated/EVENT_GENERATOR/event_generator_conf.o Dave/Generated/E_EEPROM_XMC4/e_eeprom_xmc4.o Dave/Generated/E_EEPROM_XMC4/e_eeprom_xmc4_conf.o Dave/Generated/GLOBAL_CCU4/global_ccu4.o Dave/Generated/GLOBAL_CCU4/global_ccu4_conf.o Dave/Generated/GLOBAL_CCU8/global_ccu8.o Dave/Generated/GLOBAL_CCU8/global_ccu8_conf.o Dave/Generated/INTERRUPT/interrupt.o Dave/Generated/INTERRUPT/interrupt_conf.o Dave/Generated/PWM_CCU8/pwm_ccu8.o Dave/Generated/PWM_CCU8/pwm_ccu8_conf.o Dave/Generated/SYSTIMER/systimer.o Dave/Generated/SYSTIMER/systimer_conf.o Dave/Generated/TIMER/timer.o Dave/Generated/TIMER/timer_conf.o Libraries/Newlib/syscalls.o Libraries/XMCLib/src/xmc4_eru.o Libraries/XMCLib/src/xmc4_flash.o Libraries/XMCLib/src/xmc4_gpio.o Libraries/XMCLib/src/xmc4_rtc.o Libraries/XMCLib/src/xmc4_scu.o Libraries/XMCLib/src/xmc_can.o Libraries/XMCLib/src/xmc_ccu4.o Libraries/XMCLib/src/xmc_ccu8.o Libraries/XMCLib/src/xmc_common.o Libraries/XMCLib/src/xmc_dac.o Libraries/XMCLib/src/xmc_dma.o Libraries/XMCLib/src/xmc_dsd.o Libraries/XMCLib/src/xmc_ebu.o Libraries/XMCLib/src/xmc_ecat.o Libraries/XMCLib/src/xmc_eru.o Libraries/XMCLib/src/xmc_eth_mac.o Libraries/XMCLib/src/xmc_eth_phy_dp83848.o Libraries/XMCLib/src/xmc_eth_phy_ksz8031rnl.o Libraries/XMCLib/src/xmc_eth_phy_ksz8081rnb.o Libraries/XMCLib/src/xmc_fce.o Libraries/XMCLib/src/xmc_gpio.o Libraries/XMCLib/src/xmc_hrpwm.o 
rm -rf Libraries/XMCLib/src/xmc_i2c.o Libraries/XMCLib/src/xmc_i2s.o Libraries/XMCLib/src/xmc_ledts.o Libraries/XMCLib/src/xmc_posif.o Libraries/XMCLib/src/xmc_rtc.o Libraries/XMCLib/src/xmc_sdmmc.o Libraries/XMCLib/src/xmc_spi.o Libraries/XMCLib/src/xmc_uart.o Libraries/XMCLib/src/xmc_usbd.o Libraries/XMCLib/src/xmc_usbh.o Libraries/XMCLib/src/xmc_usic.o Libraries/XMCLib/src/xmc_vadc.o Libraries/XMCLib/src/xmc_wdt.o SSC/Src/XMC_ESC.o SSC/Src/coeappl.o SSC/Src/ecatappl.o SSC/Src/ecatcoe.o SSC/Src/ecatslv.o SSC/Src/mailbox.o SSC/Src/objdef.o SSC/Src/sdoserv.o Startup/startup_XMC4800.o Startup/system_XMC4800.o main.o  ETHCAT_SSC_XMC48.elf ./Startup/startup_XMC4800.o.lst ./Startup/system_XMC4800.o.lst ./SSC/Src/XMC_ESC.o.lst ./SSC/Src/coeappl.o.lst ./SSC/Src/ecatappl.o.lst ./SSC/Src/ecatcoe.o.lst ./SSC/Src/ecatslv.o.lst ./SSC/Src/mailbox.o.lst ./SSC/Src/objdef.o.lst ./SSC/Src/sdoserv.o.lst ./Libraries/XMCLib/src/xmc4_eru.o.lst ./Libraries/XMCLib/src/xmc4_flash.o.lst ./Libraries/XMCLib/src/xmc4_gpio.o.lst ./Libraries/XMCLib/src/xmc4_rtc.o.lst ./Libraries/XMCLib/src/xmc4_scu.o.lst ./Libraries/XMCLib/src/xmc_can.o.lst ./Libraries/XMCLib/src/xmc_ccu4.o.lst ./Libraries/XMCLib/src/xmc_ccu8.o.lst ./Libraries/XMCLib/src/xmc_common.o.lst ./Libraries/XMCLib/src/xmc_dac.o.lst ./Libraries/XMCLib/src/xmc_dma.o.lst ./Libraries/XMCLib/src/xmc_dsd.o.lst ./Libraries/XMCLib/src/xmc_ebu.o.lst ./Libraries/XMCLib/src/xmc_ecat.o.lst ./Libraries/XMCLib/src/xmc_eru.o.lst ./Libraries/XMCLib/src/xmc_eth_mac.o.lst ./Libraries/XMCLib/src/xmc_eth_phy_dp83848.o.lst ./Libraries/XMCLib/src/xmc_eth_phy_ksz8031rnl.o.lst ./Libraries/XMCLib/src/xmc_eth_phy_ksz8081rnb.o.lst ./Libraries/XMCLib/src/xmc_fce.o.lst ./Libraries/XMCLib/src/xmc_gpio.o.lst ./Libraries/XMCLib/src/xmc_hrpwm.o.lst ./Libraries/XMCLib/src/xmc_i2c.o.lst ./Libraries/XMCLib/src/xmc_i2s.o.lst ./Libraries/XMCLib/src/xmc_ledts.o.lst ./Libraries/XMCLib/src/xmc_posif.o.lst ./Libraries/XMCLib/src/xmc_rtc.o.lst ./Libraries/XMCLib/src/xmc_sdmmc.o.lst ./Libraries/XMCLib/src/xmc_spi.o.lst ./Libraries/XMCLib/src/xmc_uart.o.lst ./Libraries/XMCLib/src/xmc_usbd.o.lst ./Libraries/XMCLib/src/xmc_usbh.o.lst ./Libraries/XMCLib/src/xmc_usic.o.lst ./Libraries/XMCLib/src/xmc_vadc.o.lst ./Libraries/XMCLib/src/xmc_wdt.o.lst ./Libraries/Newlib/syscalls.o.lst ./Dave/Generated/TIMER/timer.o.lst ./Dave/Generated/TIMER/timer_conf.o.lst ./Dave/Generated/SYSTIMER/systimer.o.lst ./Dave/Generated/SYSTIMER/systimer_conf.o.lst ./Dave/Generated/PWM_CCU8/pwm_ccu8.o.lst ./Dave/Generated/PWM_CCU8/pwm_ccu8_conf.o.lst ./Dave/Generated/INTERRUPT/interrupt.o.lst ./Dave/Generated/INTERRUPT/interrupt_conf.o.lst ./Dave/Generated/GLOBAL_CCU8/global_ccu8.o.lst ./Dave/Generated/GLOBAL_CCU8/global_ccu8_conf.o.lst ./Dave/Generated/GLOBAL_CCU4/global_ccu4.o.lst ./Dave/Generated/GLOBAL_CCU4/global_ccu4_conf.o.lst ./Dave/Generated/E_EEPROM_XMC4/e_eeprom_xmc4.o.lst ./Dave/Generated/E_EEPROM_XMC4/e_eeprom_xmc4_conf.o.lst ./Dave/Generated/EVENT_GENERATOR/event_generator.o.lst ./Dave/Generated/EVENT_GENERATOR/event_generator_conf.o.lst ./Dave/Generated/EVENT_DETECTOR/event_detector.o.lst ./Dave/Generated/EVENT_DETECTOR/event_detector_conf.o.lst ./Dave/Generated/ECAT_SSC/ecat_ssc.o.lst ./Dave/Generated/ECAT_SSC/ecat_ssc_conf.o.lst ./Dave/Generated/ECAT_SSC/xmc_eschw.o.lst ./Dave/Generated/DIGITAL_IO/digital_io.o.lst ./Dave/Generated/DIGITAL_IO/digital_io_conf.o.lst ./Dave/Generated/CPU_CTRL_XMC4/cpu_ctrl_xmc4.o.lst ./Dave/Generated/CPU_CTRL_XMC4/cpu_ctrl_xmc4_conf.o.lst ./Dave/Generated/CLOCK_XMC4/clock_xmc4.o.lst ./Dave/Generated/CLOCK_XMC4/clock_xmc4_conf.o.lst ./Dave/Generated/DAVE.o.lst ./main.o.lst  "ETHCAT_SSC_XMC48.map" objects.rsp

23:55:11 **** Build of configuration Release for project ETHCAT_SSC_XMC48 ****
"\"C:\\Infineon\\Tools\\DAVE IDE\\4.5.0.202105191637\\eclipse\\ARM-GCC-49\\bin\\make\"" --output-sync -j8 all 
'Building file: ../Startup/startup_XMC4800.S'
'Invoking: ARM-GCC Assembler'
"C:/Infineon/Tools/DAVE IDE/4.5.0.202105191637/eclipse/ARM-GCC-49/bin/arm-none-eabi-gcc" -MMD -MT "Startup/startup_XMC4800.o" -x assembler-with-cpp -DXMC4800_F144x2048 -I"C:/Users/guan-ming.dennis-won/Documents/XMC_ESC/ETHCAT_SSC_XMC48/Libraries/XMCLib/inc" -I"C:/Users/guan-ming.dennis-won/Documents/XMC_ESC/ETHCAT_SSC_XMC48" -I"C:/Users/guan-ming.dennis-won/Documents/XMC_ESC/ETHCAT_SSC_XMC48/Dave/Generated" -Wall -Wa,-adhlns="Startup/startup_XMC4800.o.lst" -mfloat-abi=softfp -c -fmessage-length=0 -MMD -MP -MF"Startup/startup_XMC4800.d" -MT"Startup/startup_XMC4800.d Startup/startup_XMC4800.o" -mcpu=cortex-m4 -mfpu=fpv4-sp-d16 -mthumb -o "Startup/startup_XMC4800.o" "../Startup/startup_XMC4800.S" 
'Finished building: ../Startup/startup_XMC4800.S'

'Building file: ../Startup/system_XMC4800.c'
'Invoking: ARM-GCC C Compiler'
"C:/Infineon/Tools/DAVE IDE/4.5.0.202105191637/eclipse/ARM-GCC-49/bin/arm-none-eabi-gcc" -MMD -MT "Startup/system_XMC4800.o" -DXMC4800_F144x2048 -I"C:/Users/guan-ming.dennis-won/Documents/XMC_ESC/ETHCAT_SSC_XMC48/Libraries/XMCLib/inc" -I"C:/Users/guan-ming.dennis-won/Documents/XMC_ESC/ETHCAT_SSC_XMC48/Libraries/CMSIS/Include" -I"C:/Users/guan-ming.dennis-won/Documents/XMC_ESC/ETHCAT_SSC_XMC48/Libraries/CMSIS/Infineon/XMC4800_series/Include" -I"C:/Users/guan-ming.dennis-won/Documents/XMC_ESC/ETHCAT_SSC_XMC48" -I"C:/Users/guan-ming.dennis-won/Documents/XMC_ESC/ETHCAT_SSC_XMC48/Dave/Generated" -I"C:/Users/guan-ming.dennis-won/Documents/XMC_ESC/ETHCAT_SSC_XMC48/Libraries" -Os -ffunction-sections -fdata-sections -Wall -std=gnu99 -mfloat-abi=softfp -Wa,-adhlns="Startup/system_XMC4800.o.lst" -pipe -c -fmessage-length=0 -MMD -MP -MF"Startup/system_XMC4800.d" -MT"Startup/system_XMC4800.d Startup/system_XMC4800.o" -mcpu=cortex-m4 -mfpu=fpv4-sp-d16 -mthumb -o "Startup/system_XMC4800.o" "../Startup/system_XMC4800.c" 
'Finished building: ../Startup/system_XMC4800.c'

'Building file: ../SSC/Src/XMC_ESC.c'
'Invoking: ARM-GCC C Compiler'
In file included from ../SSC/Src/XMC_ESC.h:41:0,
"C:/Infineon/Tools/DAVE IDE/4.5.0.202105191637/eclipse/ARM-GCC-49/bin/arm-none-eabi-gcc" -MMD -MT "SSC/Src/XMC_ESC.o" -DXMC4800_F144x2048 -I"C:/Users/guan-ming.dennis-won/Documents/XMC_ESC/ETHCAT_SSC_XMC48/Libraries/XMCLib/inc" -I"C:/Users/guan-ming.dennis-won/Documents/XMC_ESC/ETHCAT_SSC_XMC48/Libraries/CMSIS/Include" -I"C:/Users/guan-ming.dennis-won/Documents/XMC_ESC/ETHCAT_SSC_XMC48/Libraries/CMSIS/Infineon/XMC4800_series/Include" -I"C:/Users/guan-ming.dennis-won/Documents/XMC_ESC/ETHCAT_SSC_XMC48" -I"C:/Users/guan-ming.dennis-won/Documents/XMC_ESC/ETHCAT_SSC_XMC48/Dave/Generated" -I"C:/Users/guan-ming.dennis-won/Documents/XMC_ESC/ETHCAT_SSC_XMC48/Libraries" -Os -ffunction-sections -fdata-sections -Wall -std=gnu99 -mfloat-abi=softfp -Wa,-adhlns="SSC/Src/XMC_ESC.o.lst" -pipe -c -fmessage-length=0 -MMD -MP -MF"SSC/Src/XMC_ESC.d" -MT"SSC/Src/XMC_ESC.d SSC/Src/XMC_ESC.o" -mcpu=cortex-m4 -mfpu=fpv4-sp-d16 -mthumb -o "SSC/Src/XMC_ESC.o" "../SSC/Src/XMC_ESC.c" 
'Finished building: ../SSC/Src/XMC_ESC.c'

                 from ../SSC/Src/XMC_ESC.c:29:
../SSC/Src/XMC_ESCObjects.h:2607:1: warning: excess elements in array initializer
 ={8,{0,0,0,0,0,0,0,0}}
 ^
../SSC/Src/XMC_ESCObjects.h:2607:1: warning: (near initialization for 'OnOffContinuousModeGroup0x7008.aEntries')
../SSC/Src/XMC_ESCObjects.h:2607:1: warning: excess elements in array initializer
../SSC/Src/XMC_ESCObjects.h:2607:1: warning: (near initialization for 'OnOffContinuousModeGroup0x7008.aEntries')
../SSC/Src/XMC_ESCObjects.h:2607:1: warning: excess elements in array initializer
../SSC/Src/XMC_ESCObjects.h:2607:1: warning: (near initialization for 'OnOffContinuousModeGroup0x7008.aEntries')
../SSC/Src/XMC_ESCObjects.h:2607:1: warning: excess elements in array initializer
../SSC/Src/XMC_ESCObjects.h:2607:1: warning: (near initialization for 'OnOffContinuousModeGroup0x7008.aEntries')
../SSC/Src/XMC_ESCObjects.h:2607:1: warning: excess elements in array initializer
../SSC/Src/XMC_ESCObjects.h:2607:1: warning: (near initialization for 'OnOffContinuousModeGroup0x7008.aEntries')
../SSC/Src/XMC_ESCObjects.h:2607:1: warning: excess elements in array initializer
../SSC/Src/XMC_ESCObjects.h:2607:1: warning: (near initialization for 'OnOffContinuousModeGroup0x7008.aEntries')
../SSC/Src/XMC_ESCObjects.h:2607:1: warning: excess elements in array initializer
../SSC/Src/XMC_ESCObjects.h:2607:1: warning: (near initialization for 'OnOffContinuousModeGroup0x7008.aEntries')
'Building file: ../SSC/Src/coeappl.c'
'Invoking: ARM-GCC C Compiler'
"C:/Infineon/Tools/DAVE IDE/4.5.0.202105191637/eclipse/ARM-GCC-49/bin/arm-none-eabi-gcc" -MMD -MT "SSC/Src/coeappl.o" -DXMC4800_F144x2048 -I"C:/Users/guan-ming.dennis-won/Documents/XMC_ESC/ETHCAT_SSC_XMC48/Libraries/XMCLib/inc" -I"C:/Users/guan-ming.dennis-won/Documents/XMC_ESC/ETHCAT_SSC_XMC48/Libraries/CMSIS/Include" -I"C:/Users/guan-ming.dennis-won/Documents/XMC_ESC/ETHCAT_SSC_XMC48/Libraries/CMSIS/Infineon/XMC4800_series/Include" -I"C:/Users/guan-ming.dennis-won/Documents/XMC_ESC/ETHCAT_SSC_XMC48" -I"C:/Users/guan-ming.dennis-won/Documents/XMC_ESC/ETHCAT_SSC_XMC48/Dave/Generated" -I"C:/Users/guan-ming.dennis-won/Documents/XMC_ESC/ETHCAT_SSC_XMC48/Libraries" -Os -ffunction-sections -fdata-sections -Wall -std=gnu99 -mfloat-abi=softfp -Wa,-adhlns="SSC/Src/coeappl.o.lst" -pipe -c -fmessage-length=0 -MMD -MP -MF"SSC/Src/coeappl.d" -MT"SSC/Src/coeappl.d SSC/Src/coeappl.o" -mcpu=cortex-m4 -mfpu=fpv4-sp-d16 -mthumb -o "SSC/Src/coeappl.o" "../SSC/Src/coeappl.c" 
'Finished building: ../SSC/Src/coeappl.c'

../SSC/Src/ecatappl.c: In function 'PDI_Isr':
'Building file: ../SSC/Src/ecatappl.c'
../SSC/Src/ecatappl.c:589:25: warning: variable 'SyncState' set but not used [-Wunused-but-set-variable]
'Invoking: ARM-GCC C Compiler'
 
"C:/Infineon/Tools/DAVE IDE/4.5.0.202105191637/eclipse/ARM-GCC-49/bin/arm-none-eabi-gcc" -MMD -MT "SSC/Src/ecatappl.o" -DXMC4800_F144x2048 -I"C:/Users/guan-ming.dennis-won/Documents/XMC_ESC/ETHCAT_SSC_XMC48/Libraries/XMCLib/inc" -I"C:/Users/guan-ming.dennis-won/Documents/XMC_ESC/ETHCAT_SSC_XMC48/Libraries/CMSIS/Include" -I"C:/Users/guan-ming.dennis-won/Documents/XMC_ESC/ETHCAT_SSC_XMC48/Libraries/CMSIS/Infineon/XMC4800_series/Include" -I"C:/Users/guan-ming.dennis-won/Documents/XMC_ESC/ETHCAT_SSC_XMC48" -I"C:/Users/guan-ming.dennis-won/Documents/XMC_ESC/ETHCAT_SSC_XMC48/Dave/Generated" -I"C:/Users/guan-ming.dennis-won/Documents/XMC_ESC/ETHCAT_SSC_XMC48/Libraries" -Os -ffunction-sections -fdata-sections -Wall -std=gnu99 -mfloat-abi=softfp -Wa,-adhlns="SSC/Src/ecatappl.o.lst" -pipe -c -fmessage-length=0 -MMD -MP -MF"SSC/Src/ecatappl.d" -MT"SSC/Src/ecatappl.d SSC/Src/ecatappl.o" -mcpu=cortex-m4 -mfpu=fpv4-sp-d16 -mthumb -o "SSC/Src/ecatappl.o" "../SSC/Src/ecatappl.c" 
                         ^
'Finished building: ../SSC/Src/ecatappl.c'

'Building file: ../SSC/Src/ecatcoe.c'
'Invoking: ARM-GCC C Compiler'
"C:/Infineon/Tools/DAVE IDE/4.5.0.202105191637/eclipse/ARM-GCC-49/bin/arm-none-eabi-gcc" -MMD -MT "SSC/Src/ecatcoe.o" -DXMC4800_F144x2048 -I"C:/Users/guan-ming.dennis-won/Documents/XMC_ESC/ETHCAT_SSC_XMC48/Libraries/XMCLib/inc" -I"C:/Users/guan-ming.dennis-won/Documents/XMC_ESC/ETHCAT_SSC_XMC48/Libraries/CMSIS/Include" -I"C:/Users/guan-ming.dennis-won/Documents/XMC_ESC/ETHCAT_SSC_XMC48/Libraries/CMSIS/Infineon/XMC4800_series/Include" -I"C:/Users/guan-ming.dennis-won/Documents/XMC_ESC/ETHCAT_SSC_XMC48" -I"C:/Users/guan-ming.dennis-won/Documents/XMC_ESC/ETHCAT_SSC_XMC48/Dave/Generated" -I"C:/Users/guan-ming.dennis-won/Documents/XMC_ESC/ETHCAT_SSC_XMC48/Libraries" -Os -ffunction-sections -fdata-sections -Wall -std=gnu99 -mfloat-abi=softfp -Wa,-adhlns="SSC/Src/ecatcoe.o.lst" -pipe -c -fmessage-length=0 -MMD -MP -MF"SSC/Src/ecatcoe.d" -MT"SSC/Src/ecatcoe.d SSC/Src/ecatcoe.o" -mcpu=cortex-m4 -mfpu=fpv4-sp-d16 -mthumb -o "SSC/Src/ecatcoe.o" "../SSC/Src/ecatcoe.c" 
'Finished building: ../SSC/Src/ecatcoe.c'

'Building file: ../SSC/Src/ecatslv.c'
'Invoking: ARM-GCC C Compiler'
"C:/Infineon/Tools/DAVE IDE/4.5.0.202105191637/eclipse/ARM-GCC-49/bin/arm-none-eabi-gcc" -MMD -MT "SSC/Src/ecatslv.o" -DXMC4800_F144x2048 -I"C:/Users/guan-ming.dennis-won/Documents/XMC_ESC/ETHCAT_SSC_XMC48/Libraries/XMCLib/inc" -I"C:/Users/guan-ming.dennis-won/Documents/XMC_ESC/ETHCAT_SSC_XMC48/Libraries/CMSIS/Include" -I"C:/Users/guan-ming.dennis-won/Documents/XMC_ESC/ETHCAT_SSC_XMC48/Libraries/CMSIS/Infineon/XMC4800_series/Include" -I"C:/Users/guan-ming.dennis-won/Documents/XMC_ESC/ETHCAT_SSC_XMC48" -I"C:/Users/guan-ming.dennis-won/Documents/XMC_ESC/ETHCAT_SSC_XMC48/Dave/Generated" -I"C:/Users/guan-ming.dennis-won/Documents/XMC_ESC/ETHCAT_SSC_XMC48/Libraries" -Os -ffunction-sections -fdata-sections -Wall -std=gnu99 -mfloat-abi=softfp -Wa,-adhlns="SSC/Src/ecatslv.o.lst" -pipe -c -fmessage-length=0 -MMD -MP -MF"SSC/Src/ecatslv.d" -MT"SSC/Src/ecatslv.d SSC/Src/ecatslv.o" -mcpu=cortex-m4 -mfpu=fpv4-sp-d16 -mthumb -o "SSC/Src/ecatslv.o" "../SSC/Src/ecatslv.c" 
'Finished building: ../SSC/Src/ecatslv.c'

'Building file: ../SSC/Src/mailbox.c'
'Invoking: ARM-GCC C Compiler'
"C:/Infineon/Tools/DAVE IDE/4.5.0.202105191637/eclipse/ARM-GCC-49/bin/arm-none-eabi-gcc" -MMD -MT "SSC/Src/mailbox.o" -DXMC4800_F144x2048 -I"C:/Users/guan-ming.dennis-won/Documents/XMC_ESC/ETHCAT_SSC_XMC48/Libraries/XMCLib/inc" -I"C:/Users/guan-ming.dennis-won/Documents/XMC_ESC/ETHCAT_SSC_XMC48/Libraries/CMSIS/Include" -I"C:/Users/guan-ming.dennis-won/Documents/XMC_ESC/ETHCAT_SSC_XMC48/Libraries/CMSIS/Infineon/XMC4800_series/Include" -I"C:/Users/guan-ming.dennis-won/Documents/XMC_ESC/ETHCAT_SSC_XMC48" -I"C:/Users/guan-ming.dennis-won/Documents/XMC_ESC/ETHCAT_SSC_XMC48/Dave/Generated" -I"C:/Users/guan-ming.dennis-won/Documents/XMC_ESC/ETHCAT_SSC_XMC48/Libraries" -Os -ffunction-sections -fdata-sections -Wall -std=gnu99 -mfloat-abi=softfp -Wa,-adhlns="SSC/Src/mailbox.o.lst" -pipe -c -fmessage-length=0 -MMD -MP -MF"SSC/Src/mailbox.d" -MT"SSC/Src/mailbox.d SSC/Src/mailbox.o" -mcpu=cortex-m4 -mfpu=fpv4-sp-d16 -mthumb -o "SSC/Src/mailbox.o" "../SSC/Src/mailbox.c" 
'Finished building: ../SSC/Src/mailbox.c'

'Building file: ../SSC/Src/objdef.c'
'Invoking: ARM-GCC C Compiler'
"C:/Infineon/Tools/DAVE IDE/4.5.0.202105191637/eclipse/ARM-GCC-49/bin/arm-none-eabi-gcc" -MMD -MT "SSC/Src/objdef.o" -DXMC4800_F144x2048 -I"C:/Users/guan-ming.dennis-won/Documents/XMC_ESC/ETHCAT_SSC_XMC48/Libraries/XMCLib/inc" -I"C:/Users/guan-ming.dennis-won/Documents/XMC_ESC/ETHCAT_SSC_XMC48/Libraries/CMSIS/Include" -I"C:/Users/guan-ming.dennis-won/Documents/XMC_ESC/ETHCAT_SSC_XMC48/Libraries/CMSIS/Infineon/XMC4800_series/Include" -I"C:/Users/guan-ming.dennis-won/Documents/XMC_ESC/ETHCAT_SSC_XMC48" -I"C:/Users/guan-ming.dennis-won/Documents/XMC_ESC/ETHCAT_SSC_XMC48/Dave/Generated" -I"C:/Users/guan-ming.dennis-won/Documents/XMC_ESC/ETHCAT_SSC_XMC48/Libraries" -Os -ffunction-sections -fdata-sections -Wall -std=gnu99 -mfloat-abi=softfp -Wa,-adhlns="SSC/Src/objdef.o.lst" -pipe -c -fmessage-length=0 -MMD -MP -MF"SSC/Src/objdef.d" -MT"SSC/Src/objdef.d SSC/Src/objdef.o" -mcpu=cortex-m4 -mfpu=fpv4-sp-d16 -mthumb -o "SSC/Src/objdef.o" "../SSC/Src/objdef.c" 
'Finished building: ../SSC/Src/objdef.c'

'Building file: ../SSC/Src/sdoserv.c'
../SSC/Src/sdoserv.c: In function 'SdoUploadSegmentInd':
'Invoking: ARM-GCC C Compiler'
../SSC/Src/sdoserv.c:434:38: warning: overflow in implicit constant conversion [-Woverflow]
"C:/Infineon/Tools/DAVE IDE/4.5.0.202105191637/eclipse/ARM-GCC-49/bin/arm-none-eabi-gcc" -MMD -MT "SSC/Src/sdoserv.o" -DXMC4800_F144x2048 -I"C:/Users/guan-ming.dennis-won/Documents/XMC_ESC/ETHCAT_SSC_XMC48/Libraries/XMCLib/inc" -I"C:/Users/guan-ming.dennis-won/Documents/XMC_ESC/ETHCAT_SSC_XMC48/Libraries/CMSIS/Include" -I"C:/Users/guan-ming.dennis-won/Documents/XMC_ESC/ETHCAT_SSC_XMC48/Libraries/CMSIS/Infineon/XMC4800_series/Include" -I"C:/Users/guan-ming.dennis-won/Documents/XMC_ESC/ETHCAT_SSC_XMC48" -I"C:/Users/guan-ming.dennis-won/Documents/XMC_ESC/ETHCAT_SSC_XMC48/Dave/Generated" -I"C:/Users/guan-ming.dennis-won/Documents/XMC_ESC/ETHCAT_SSC_XMC48/Libraries" -Os -ffunction-sections -fdata-sections -Wall -std=gnu99 -mfloat-abi=softfp -Wa,-adhlns="SSC/Src/sdoserv.o.lst" -pipe -c -fmessage-length=0 -MMD -MP -MF"SSC/Src/sdoserv.d" -MT"SSC/Src/sdoserv.d SSC/Src/sdoserv.o" -mcpu=cortex-m4 -mfpu=fpv4-sp-d16 -mthumb -o "SSC/Src/sdoserv.o" "../SSC/Src/sdoserv.c" 
   pSdoSegRes->SdoHeader.SegHeader &= ~SEGHEADER_MASK;
'Finished building: ../SSC/Src/sdoserv.c'
                                      ^

../SSC/Src/sdoserv.c: In function 'SDOS_SdoInd':
../SSC/Src/sdoserv.c:824:66: warning: overflow in implicit constant conversion [-Woverflow]
         pSdoResStored->SdoHeader.Sdo[SDOHEADER_COMMANDOFFSET] &= ~SDOHEADER_COMMANDMASK;
                                                                  ^
../SSC/Src/sdoserv.c:871:65: warning: overflow in implicit constant conversion [-Woverflow]
        pSdoResStored->SdoHeader.Sdo[SDOHEADER_COMMANDOFFSET] &= ~SDOHEADER_COMMANDMASK;
                                                                 ^
../SSC/Src/sdoserv.c:896:65: warning: overflow in implicit constant conversion [-Woverflow]
        pSdoResStored->SdoHeader.Sdo[SDOHEADER_COMMANDOFFSET] &= ~SDOHEADER_COMMANDMASK;
                                                                 ^
'Building file: ../Libraries/XMCLib/src/xmc4_eru.c'
'Invoking: ARM-GCC C Compiler'
"C:/Infineon/Tools/DAVE IDE/4.5.0.202105191637/eclipse/ARM-GCC-49/bin/arm-none-eabi-gcc" -MMD -MT "Libraries/XMCLib/src/xmc4_eru.o" -DXMC4800_F144x2048 -I"C:/Users/guan-ming.dennis-won/Documents/XMC_ESC/ETHCAT_SSC_XMC48/Libraries/XMCLib/inc" -I"C:/Users/guan-ming.dennis-won/Documents/XMC_ESC/ETHCAT_SSC_XMC48/Libraries/CMSIS/Include" -I"C:/Users/guan-ming.dennis-won/Documents/XMC_ESC/ETHCAT_SSC_XMC48/Libraries/CMSIS/Infineon/XMC4800_series/Include" -I"C:/Users/guan-ming.dennis-won/Documents/XMC_ESC/ETHCAT_SSC_XMC48" -I"C:/Users/guan-ming.dennis-won/Documents/XMC_ESC/ETHCAT_SSC_XMC48/Dave/Generated" -I"C:/Users/guan-ming.dennis-won/Documents/XMC_ESC/ETHCAT_SSC_XMC48/Libraries" -Os -ffunction-sections -fdata-sections -Wall -std=gnu99 -mfloat-abi=softfp -Wa,-adhlns="Libraries/XMCLib/src/xmc4_eru.o.lst" -pipe -c -fmessage-length=0 -MMD -MP -MF"Libraries/XMCLib/src/xmc4_eru.d" -MT"Libraries/XMCLib/src/xmc4_eru.d Libraries/XMCLib/src/xmc4_eru.o" -mcpu=cortex-m4 -mfpu=fpv4-sp-d16 -mthumb -o "Libraries/XMCLib/src/xmc4_eru.o" "../Libraries/XMCLib/src/xmc4_eru.c" 
'Finished building: ../Libraries/XMCLib/src/xmc4_eru.c'

'Building file: ../Libraries/XMCLib/src/xmc4_flash.c'
'Invoking: ARM-GCC C Compiler'
"C:/Infineon/Tools/DAVE IDE/4.5.0.202105191637/eclipse/ARM-GCC-49/bin/arm-none-eabi-gcc" -MMD -MT "Libraries/XMCLib/src/xmc4_flash.o" -DXMC4800_F144x2048 -I"C:/Users/guan-ming.dennis-won/Documents/XMC_ESC/ETHCAT_SSC_XMC48/Libraries/XMCLib/inc" -I"C:/Users/guan-ming.dennis-won/Documents/XMC_ESC/ETHCAT_SSC_XMC48/Libraries/CMSIS/Include" -I"C:/Users/guan-ming.dennis-won/Documents/XMC_ESC/ETHCAT_SSC_XMC48/Libraries/CMSIS/Infineon/XMC4800_series/Include" -I"C:/Users/guan-ming.dennis-won/Documents/XMC_ESC/ETHCAT_SSC_XMC48" -I"C:/Users/guan-ming.dennis-won/Documents/XMC_ESC/ETHCAT_SSC_XMC48/Dave/Generated" -I"C:/Users/guan-ming.dennis-won/Documents/XMC_ESC/ETHCAT_SSC_XMC48/Libraries" -Os -ffunction-sections -fdata-sections -Wall -std=gnu99 -mfloat-abi=softfp -Wa,-adhlns="Libraries/XMCLib/src/xmc4_flash.o.lst" -pipe -c -fmessage-length=0 -MMD -MP -MF"Libraries/XMCLib/src/xmc4_flash.d" -MT"Libraries/XMCLib/src/xmc4_flash.d Libraries/XMCLib/src/xmc4_flash.o" -mcpu=cortex-m4 -mfpu=fpv4-sp-d16 -mthumb -o "Libraries/XMCLib/src/xmc4_flash.o" "../Libraries/XMCLib/src/xmc4_flash.c" 
'Finished building: ../Libraries/XMCLib/src/xmc4_flash.c'

'Building file: ../Libraries/XMCLib/src/xmc4_gpio.c'
'Invoking: ARM-GCC C Compiler'
"C:/Infineon/Tools/DAVE IDE/4.5.0.202105191637/eclipse/ARM-GCC-49/bin/arm-none-eabi-gcc" -MMD -MT "Libraries/XMCLib/src/xmc4_gpio.o" -DXMC4800_F144x2048 -I"C:/Users/guan-ming.dennis-won/Documents/XMC_ESC/ETHCAT_SSC_XMC48/Libraries/XMCLib/inc" -I"C:/Users/guan-ming.dennis-won/Documents/XMC_ESC/ETHCAT_SSC_XMC48/Libraries/CMSIS/Include" -I"C:/Users/guan-ming.dennis-won/Documents/XMC_ESC/ETHCAT_SSC_XMC48/Libraries/CMSIS/Infineon/XMC4800_series/Include" -I"C:/Users/guan-ming.dennis-won/Documents/XMC_ESC/ETHCAT_SSC_XMC48" -I"C:/Users/guan-ming.dennis-won/Documents/XMC_ESC/ETHCAT_SSC_XMC48/Dave/Generated" -I"C:/Users/guan-ming.dennis-won/Documents/XMC_ESC/ETHCAT_SSC_XMC48/Libraries" -Os -ffunction-sections -fdata-sections -Wall -std=gnu99 -mfloat-abi=softfp -Wa,-adhlns="Libraries/XMCLib/src/xmc4_gpio.o.lst" -pipe -c -fmessage-length=0 -MMD -MP -MF"Libraries/XMCLib/src/xmc4_gpio.d" -MT"Libraries/XMCLib/src/xmc4_gpio.d Libraries/XMCLib/src/xmc4_gpio.o" -mcpu=cortex-m4 -mfpu=fpv4-sp-d16 -mthumb -o "Libraries/XMCLib/src/xmc4_gpio.o" "../Libraries/XMCLib/src/xmc4_gpio.c" 
'Finished building: ../Libraries/XMCLib/src/xmc4_gpio.c'

'Building file: ../Libraries/XMCLib/src/xmc4_rtc.c'
'Invoking: ARM-GCC C Compiler'
"C:/Infineon/Tools/DAVE IDE/4.5.0.202105191637/eclipse/ARM-GCC-49/bin/arm-none-eabi-gcc" -MMD -MT "Libraries/XMCLib/src/xmc4_rtc.o" -DXMC4800_F144x2048 -I"C:/Users/guan-ming.dennis-won/Documents/XMC_ESC/ETHCAT_SSC_XMC48/Libraries/XMCLib/inc" -I"C:/Users/guan-ming.dennis-won/Documents/XMC_ESC/ETHCAT_SSC_XMC48/Libraries/CMSIS/Include" -I"C:/Users/guan-ming.dennis-won/Documents/XMC_ESC/ETHCAT_SSC_XMC48/Libraries/CMSIS/Infineon/XMC4800_series/Include" -I"C:/Users/guan-ming.dennis-won/Documents/XMC_ESC/ETHCAT_SSC_XMC48" -I"C:/Users/guan-ming.dennis-won/Documents/XMC_ESC/ETHCAT_SSC_XMC48/Dave/Generated" -I"C:/Users/guan-ming.dennis-won/Documents/XMC_ESC/ETHCAT_SSC_XMC48/Libraries" -Os -ffunction-sections -fdata-sections -Wall -std=gnu99 -mfloat-abi=softfp -Wa,-adhlns="Libraries/XMCLib/src/xmc4_rtc.o.lst" -pipe -c -fmessage-length=0 -MMD -MP -MF"Libraries/XMCLib/src/xmc4_rtc.d" -MT"Libraries/XMCLib/src/xmc4_rtc.d Libraries/XMCLib/src/xmc4_rtc.o" -mcpu=cortex-m4 -mfpu=fpv4-sp-d16 -mthumb -o "Libraries/XMCLib/src/xmc4_rtc.o" "../Libraries/XMCLib/src/xmc4_rtc.c" 
'Finished building: ../Libraries/XMCLib/src/xmc4_rtc.c'

'Building file: ../Libraries/XMCLib/src/xmc4_scu.c'
'Invoking: ARM-GCC C Compiler'
"C:/Infineon/Tools/DAVE IDE/4.5.0.202105191637/eclipse/ARM-GCC-49/bin/arm-none-eabi-gcc" -MMD -MT "Libraries/XMCLib/src/xmc4_scu.o" -DXMC4800_F144x2048 -I"C:/Users/guan-ming.dennis-won/Documents/XMC_ESC/ETHCAT_SSC_XMC48/Libraries/XMCLib/inc" -I"C:/Users/guan-ming.dennis-won/Documents/XMC_ESC/ETHCAT_SSC_XMC48/Libraries/CMSIS/Include" -I"C:/Users/guan-ming.dennis-won/Documents/XMC_ESC/ETHCAT_SSC_XMC48/Libraries/CMSIS/Infineon/XMC4800_series/Include" -I"C:/Users/guan-ming.dennis-won/Documents/XMC_ESC/ETHCAT_SSC_XMC48" -I"C:/Users/guan-ming.dennis-won/Documents/XMC_ESC/ETHCAT_SSC_XMC48/Dave/Generated" -I"C:/Users/guan-ming.dennis-won/Documents/XMC_ESC/ETHCAT_SSC_XMC48/Libraries" -Os -ffunction-sections -fdata-sections -Wall -std=gnu99 -mfloat-abi=softfp -Wa,-adhlns="Libraries/XMCLib/src/xmc4_scu.o.lst" -pipe -c -fmessage-length=0 -MMD -MP -MF"Libraries/XMCLib/src/xmc4_scu.d" -MT"Libraries/XMCLib/src/xmc4_scu.d Libraries/XMCLib/src/xmc4_scu.o" -mcpu=cortex-m4 -mfpu=fpv4-sp-d16 -mthumb -o "Libraries/XMCLib/src/xmc4_scu.o" "../Libraries/XMCLib/src/xmc4_scu.c" 
'Finished building: ../Libraries/XMCLib/src/xmc4_scu.c'

'Building file: ../Libraries/XMCLib/src/xmc_can.c'
'Invoking: ARM-GCC C Compiler'
"C:/Infineon/Tools/DAVE IDE/4.5.0.202105191637/eclipse/ARM-GCC-49/bin/arm-none-eabi-gcc" -MMD -MT "Libraries/XMCLib/src/xmc_can.o" -DXMC4800_F144x2048 -I"C:/Users/guan-ming.dennis-won/Documents/XMC_ESC/ETHCAT_SSC_XMC48/Libraries/XMCLib/inc" -I"C:/Users/guan-ming.dennis-won/Documents/XMC_ESC/ETHCAT_SSC_XMC48/Libraries/CMSIS/Include" -I"C:/Users/guan-ming.dennis-won/Documents/XMC_ESC/ETHCAT_SSC_XMC48/Libraries/CMSIS/Infineon/XMC4800_series/Include" -I"C:/Users/guan-ming.dennis-won/Documents/XMC_ESC/ETHCAT_SSC_XMC48" -I"C:/Users/guan-ming.dennis-won/Documents/XMC_ESC/ETHCAT_SSC_XMC48/Dave/Generated" -I"C:/Users/guan-ming.dennis-won/Documents/XMC_ESC/ETHCAT_SSC_XMC48/Libraries" -Os -ffunction-sections -fdata-sections -Wall -std=gnu99 -mfloat-abi=softfp -Wa,-adhlns="Libraries/XMCLib/src/xmc_can.o.lst" -pipe -c -fmessage-length=0 -MMD -MP -MF"Libraries/XMCLib/src/xmc_can.d" -MT"Libraries/XMCLib/src/xmc_can.d Libraries/XMCLib/src/xmc_can.o" -mcpu=cortex-m4 -mfpu=fpv4-sp-d16 -mthumb -o "Libraries/XMCLib/src/xmc_can.o" "../Libraries/XMCLib/src/xmc_can.c" 
'Finished building: ../Libraries/XMCLib/src/xmc_can.c'

'Building file: ../Libraries/XMCLib/src/xmc_ccu4.c'
'Invoking: ARM-GCC C Compiler'
"C:/Infineon/Tools/DAVE IDE/4.5.0.202105191637/eclipse/ARM-GCC-49/bin/arm-none-eabi-gcc" -MMD -MT "Libraries/XMCLib/src/xmc_ccu4.o" -DXMC4800_F144x2048 -I"C:/Users/guan-ming.dennis-won/Documents/XMC_ESC/ETHCAT_SSC_XMC48/Libraries/XMCLib/inc" -I"C:/Users/guan-ming.dennis-won/Documents/XMC_ESC/ETHCAT_SSC_XMC48/Libraries/CMSIS/Include" -I"C:/Users/guan-ming.dennis-won/Documents/XMC_ESC/ETHCAT_SSC_XMC48/Libraries/CMSIS/Infineon/XMC4800_series/Include" -I"C:/Users/guan-ming.dennis-won/Documents/XMC_ESC/ETHCAT_SSC_XMC48" -I"C:/Users/guan-ming.dennis-won/Documents/XMC_ESC/ETHCAT_SSC_XMC48/Dave/Generated" -I"C:/Users/guan-ming.dennis-won/Documents/XMC_ESC/ETHCAT_SSC_XMC48/Libraries" -Os -ffunction-sections -fdata-sections -Wall -std=gnu99 -mfloat-abi=softfp -Wa,-adhlns="Libraries/XMCLib/src/xmc_ccu4.o.lst" -pipe -c -fmessage-length=0 -MMD -MP -MF"Libraries/XMCLib/src/xmc_ccu4.d" -MT"Libraries/XMCLib/src/xmc_ccu4.d Libraries/XMCLib/src/xmc_ccu4.o" -mcpu=cortex-m4 -mfpu=fpv4-sp-d16 -mthumb -o "Libraries/XMCLib/src/xmc_ccu4.o" "../Libraries/XMCLib/src/xmc_ccu4.c" 
'Finished building: ../Libraries/XMCLib/src/xmc_ccu4.c'

'Building file: ../Libraries/XMCLib/src/xmc_ccu8.c'
'Invoking: ARM-GCC C Compiler'
"C:/Infineon/Tools/DAVE IDE/4.5.0.202105191637/eclipse/ARM-GCC-49/bin/arm-none-eabi-gcc" -MMD -MT "Libraries/XMCLib/src/xmc_ccu8.o" -DXMC4800_F144x2048 -I"C:/Users/guan-ming.dennis-won/Documents/XMC_ESC/ETHCAT_SSC_XMC48/Libraries/XMCLib/inc" -I"C:/Users/guan-ming.dennis-won/Documents/XMC_ESC/ETHCAT_SSC_XMC48/Libraries/CMSIS/Include" -I"C:/Users/guan-ming.dennis-won/Documents/XMC_ESC/ETHCAT_SSC_XMC48/Libraries/CMSIS/Infineon/XMC4800_series/Include" -I"C:/Users/guan-ming.dennis-won/Documents/XMC_ESC/ETHCAT_SSC_XMC48" -I"C:/Users/guan-ming.dennis-won/Documents/XMC_ESC/ETHCAT_SSC_XMC48/Dave/Generated" -I"C:/Users/guan-ming.dennis-won/Documents/XMC_ESC/ETHCAT_SSC_XMC48/Libraries" -Os -ffunction-sections -fdata-sections -Wall -std=gnu99 -mfloat-abi=softfp -Wa,-adhlns="Libraries/XMCLib/src/xmc_ccu8.o.lst" -pipe -c -fmessage-length=0 -MMD -MP -MF"Libraries/XMCLib/src/xmc_ccu8.d" -MT"Libraries/XMCLib/src/xmc_ccu8.d Libraries/XMCLib/src/xmc_ccu8.o" -mcpu=cortex-m4 -mfpu=fpv4-sp-d16 -mthumb -o "Libraries/XMCLib/src/xmc_ccu8.o" "../Libraries/XMCLib/src/xmc_ccu8.c" 
'Finished building: ../Libraries/XMCLib/src/xmc_ccu8.c'

'Building file: ../Libraries/XMCLib/src/xmc_common.c'
'Invoking: ARM-GCC C Compiler'
"C:/Infineon/Tools/DAVE IDE/4.5.0.202105191637/eclipse/ARM-GCC-49/bin/arm-none-eabi-gcc" -MMD -MT "Libraries/XMCLib/src/xmc_common.o" -DXMC4800_F144x2048 -I"C:/Users/guan-ming.dennis-won/Documents/XMC_ESC/ETHCAT_SSC_XMC48/Libraries/XMCLib/inc" -I"C:/Users/guan-ming.dennis-won/Documents/XMC_ESC/ETHCAT_SSC_XMC48/Libraries/CMSIS/Include" -I"C:/Users/guan-ming.dennis-won/Documents/XMC_ESC/ETHCAT_SSC_XMC48/Libraries/CMSIS/Infineon/XMC4800_series/Include" -I"C:/Users/guan-ming.dennis-won/Documents/XMC_ESC/ETHCAT_SSC_XMC48" -I"C:/Users/guan-ming.dennis-won/Documents/XMC_ESC/ETHCAT_SSC_XMC48/Dave/Generated" -I"C:/Users/guan-ming.dennis-won/Documents/XMC_ESC/ETHCAT_SSC_XMC48/Libraries" -Os -ffunction-sections -fdata-sections -Wall -std=gnu99 -mfloat-abi=softfp -Wa,-adhlns="Libraries/XMCLib/src/xmc_common.o.lst" -pipe -c -fmessage-length=0 -MMD -MP -MF"Libraries/XMCLib/src/xmc_common.d" -MT"Libraries/XMCLib/src/xmc_common.d Libraries/XMCLib/src/xmc_common.o" -mcpu=cortex-m4 -mfpu=fpv4-sp-d16 -mthumb -o "Libraries/XMCLib/src/xmc_common.o" "../Libraries/XMCLib/src/xmc_common.c" 
'Finished building: ../Libraries/XMCLib/src/xmc_common.c'

'Building file: ../Libraries/XMCLib/src/xmc_dac.c'
'Invoking: ARM-GCC C Compiler'
"C:/Infineon/Tools/DAVE IDE/4.5.0.202105191637/eclipse/ARM-GCC-49/bin/arm-none-eabi-gcc" -MMD -MT "Libraries/XMCLib/src/xmc_dac.o" -DXMC4800_F144x2048 -I"C:/Users/guan-ming.dennis-won/Documents/XMC_ESC/ETHCAT_SSC_XMC48/Libraries/XMCLib/inc" -I"C:/Users/guan-ming.dennis-won/Documents/XMC_ESC/ETHCAT_SSC_XMC48/Libraries/CMSIS/Include" -I"C:/Users/guan-ming.dennis-won/Documents/XMC_ESC/ETHCAT_SSC_XMC48/Libraries/CMSIS/Infineon/XMC4800_series/Include" -I"C:/Users/guan-ming.dennis-won/Documents/XMC_ESC/ETHCAT_SSC_XMC48" -I"C:/Users/guan-ming.dennis-won/Documents/XMC_ESC/ETHCAT_SSC_XMC48/Dave/Generated" -I"C:/Users/guan-ming.dennis-won/Documents/XMC_ESC/ETHCAT_SSC_XMC48/Libraries" -Os -ffunction-sections -fdata-sections -Wall -std=gnu99 -mfloat-abi=softfp -Wa,-adhlns="Libraries/XMCLib/src/xmc_dac.o.lst" -pipe -c -fmessage-length=0 -MMD -MP -MF"Libraries/XMCLib/src/xmc_dac.d" -MT"Libraries/XMCLib/src/xmc_dac.d Libraries/XMCLib/src/xmc_dac.o" -mcpu=cortex-m4 -mfpu=fpv4-sp-d16 -mthumb -o "Libraries/XMCLib/src/xmc_dac.o" "../Libraries/XMCLib/src/xmc_dac.c" 
'Finished building: ../Libraries/XMCLib/src/xmc_dac.c'

'Building file: ../Libraries/XMCLib/src/xmc_dma.c'
'Invoking: ARM-GCC C Compiler'
"C:/Infineon/Tools/DAVE IDE/4.5.0.202105191637/eclipse/ARM-GCC-49/bin/arm-none-eabi-gcc" -MMD -MT "Libraries/XMCLib/src/xmc_dma.o" -DXMC4800_F144x2048 -I"C:/Users/guan-ming.dennis-won/Documents/XMC_ESC/ETHCAT_SSC_XMC48/Libraries/XMCLib/inc" -I"C:/Users/guan-ming.dennis-won/Documents/XMC_ESC/ETHCAT_SSC_XMC48/Libraries/CMSIS/Include" -I"C:/Users/guan-ming.dennis-won/Documents/XMC_ESC/ETHCAT_SSC_XMC48/Libraries/CMSIS/Infineon/XMC4800_series/Include" -I"C:/Users/guan-ming.dennis-won/Documents/XMC_ESC/ETHCAT_SSC_XMC48" -I"C:/Users/guan-ming.dennis-won/Documents/XMC_ESC/ETHCAT_SSC_XMC48/Dave/Generated" -I"C:/Users/guan-ming.dennis-won/Documents/XMC_ESC/ETHCAT_SSC_XMC48/Libraries" -Os -ffunction-sections -fdata-sections -Wall -std=gnu99 -mfloat-abi=softfp -Wa,-adhlns="Libraries/XMCLib/src/xmc_dma.o.lst" -pipe -c -fmessage-length=0 -MMD -MP -MF"Libraries/XMCLib/src/xmc_dma.d" -MT"Libraries/XMCLib/src/xmc_dma.d Libraries/XMCLib/src/xmc_dma.o" -mcpu=cortex-m4 -mfpu=fpv4-sp-d16 -mthumb -o "Libraries/XMCLib/src/xmc_dma.o" "../Libraries/XMCLib/src/xmc_dma.c" 
'Finished building: ../Libraries/XMCLib/src/xmc_dma.c'

'Building file: ../Libraries/XMCLib/src/xmc_dsd.c'
'Invoking: ARM-GCC C Compiler'
[...]
'Finished building: ../Dave/Generated/EVENT_GENERATOR/event_generator.c'

'Building file: ../Dave/Generated/EVENT_GENERATOR/event_generator_conf.c'
'Invoking: ARM-GCC C Compiler'
"C:/Infineon/Tools/DAVE IDE/4.5.0.202105191637/eclipse/ARM-GCC-49/bin/arm-none-eabi-gcc" -MMD -MT "Dave/Generated/EVENT_GENERATOR/event_generator_conf.o" -DXMC4800_F144x2048 -I"C:/Users/guan-ming.dennis-won/Documents/XMC_ESC/ETHCAT_SSC_XMC48/Libraries/XMCLib/inc" -I"C:/Users/guan-ming.dennis-won/Documents/XMC_ESC/ETHCAT_SSC_XMC48/Libraries/CMSIS/Include" -I"C:/Users/guan-ming.dennis-won/Documents/XMC_ESC/ETHCAT_SSC_XMC48/Libraries/CMSIS/Infineon/XMC4800_series/Include" -I"C:/Users/guan-ming.dennis-won/Documents/XMC_ESC/ETHCAT_SSC_XMC48" -I"C:/Users/guan-ming.dennis-won/Documents/XMC_ESC/ETHCAT_SSC_XMC48/Dave/Generated" -I"C:/Users/guan-ming.dennis-won/Documents/XMC_ESC/ETHCAT_SSC_XMC48/Libraries" -Os -ffunction-sections -fdata-sections -Wall -std=gnu99 -mfloat-abi=softfp -Wa,-adhlns="Dave/Generated/EVENT_GENERATOR/event_generator_conf.o.lst" -pipe -c -fmessage-length=0 -MMD -MP -MF"Dave/Generated/EVENT_GENERATOR/event_generator_conf.d" -MT"Dave/Generated/EVENT_GENERATOR/event_generator_conf.d Dave/Generated/EVENT_GENERATOR/event_generator_conf.o" -mcpu=cortex-m4 -mfpu=fpv4-sp-d16 -mthumb -o "Dave/Generated/EVENT_GENERATOR/event_generator_conf.o" "../Dave/Generated/EVENT_GENERATOR/event_generator_conf.c" 
'Finished building: ../Dave/Generated/EVENT_GENERATOR/event_generator_conf.c'

'Building file: ../Dave/Generated/EVENT_DETECTOR/event_detector.c'
'Invoking: ARM-GCC C Compiler'
"C:/Infineon/Tools/DAVE IDE/4.5.0.202105191637/eclipse/ARM-GCC-49/bin/arm-none-eabi-gcc" -MMD -MT "Dave/Generated/EVENT_DETECTOR/event_detector.o" -DXMC4800_F144x2048 -I"C:/Users/guan-ming.dennis-won/Documents/XMC_ESC/ETHCAT_SSC_XMC48/Libraries/XMCLib/inc" -I"C:/Users/guan-ming.dennis-won/Documents/XMC_ESC/ETHCAT_SSC_XMC48/Libraries/CMSIS/Include" -I"C:/Users/guan-ming.dennis-won/Documents/XMC_ESC/ETHCAT_SSC_XMC48/Libraries/CMSIS/Infineon/XMC4800_series/Include" -I"C:/Users/guan-ming.dennis-won/Documents/XMC_ESC/ETHCAT_SSC_XMC48" -I"C:/Users/guan-ming.dennis-won/Documents/XMC_ESC/ETHCAT_SSC_XMC48/Dave/Generated" -I"C:/Users/guan-ming.dennis-won/Documents/XMC_ESC/ETHCAT_SSC_XMC48/Libraries" -Os -ffunction-sections -fdata-sections -Wall -std=gnu99 -mfloat-abi=softfp -Wa,-adhlns="Dave/Generated/EVENT_DETECTOR/event_detector.o.lst" -pipe -c -fmessage-length=0 -MMD -MP -MF"Dave/Generated/EVENT_DETECTOR/event_detector.d" -MT"Dave/Generated/EVENT_DETECTOR/event_detector.d Dave/Generated/EVENT_DETECTOR/event_detector.o" -mcpu=cortex-m4 -mfpu=fpv4-sp-d16 -mthumb -o "Dave/Generated/EVENT_DETECTOR/event_detector.o" "../Dave/Generated/EVENT_DETECTOR/event_detector.c" 
'Finished building: ../Dave/Generated/EVENT_DETECTOR/event_detector.c'

'Building file: ../Dave/Generated/EVENT_DETECTOR/event_detector_conf.c'
'Invoking: ARM-GCC C Compiler'
"C:/Infineon/Tools/DAVE IDE/4.5.0.202105191637/eclipse/ARM-GCC-49/bin/arm-none-eabi-gcc" -MMD -MT "Dave/Generated/EVENT_DETECTOR/event_detector_conf.o" -DXMC4800_F144x2048 -I"C:/Users/guan-ming.dennis-won/Documents/XMC_ESC/ETHCAT_SSC_XMC48/Libraries/XMCLib/inc" -I"C:/Users/guan-ming.dennis-won/Documents/XMC_ESC/ETHCAT_SSC_XMC48/Libraries/CMSIS/Include" -I"C:/Users/guan-ming.dennis-won/Documents/XMC_ESC/ETHCAT_SSC_XMC48/Libraries/CMSIS/Infineon/XMC4800_series/Include" -I"C:/Users/guan-ming.dennis-won/Documents/XMC_ESC/ETHCAT_SSC_XMC48" -I"C:/Users/guan-ming.dennis-won/Documents/XMC_ESC/ETHCAT_SSC_XMC48/Dave/Generated" -I"C:/Users/guan-ming.dennis-won/Documents/XMC_ESC/ETHCAT_SSC_XMC48/Libraries" -Os -ffunction-sections -fdata-sections -Wall -std=gnu99 -mfloat-abi=softfp -Wa,-adhlns="Dave/Generated/EVENT_DETECTOR/event_detector_conf.o.lst" -pipe -c -fmessage-length=0 -MMD -MP -MF"Dave/Generated/EVENT_DETECTOR/event_detector_conf.d" -MT"Dave/Generated/EVENT_DETECTOR/event_detector_conf.d Dave/Generated/EVENT_DETECTOR/event_detector_conf.o" -mcpu=cortex-m4 -mfpu=fpv4-sp-d16 -mthumb -o "Dave/Generated/EVENT_DETECTOR/event_detector_conf.o" "../Dave/Generated/EVENT_DETECTOR/event_detector_conf.c" 
'Finished building: ../Dave/Generated/EVENT_DETECTOR/event_detector_conf.c'

'Building file: ../Dave/Generated/ECAT_SSC/ecat_ssc.c'
'Invoking: ARM-GCC C Compiler'
"C:/Infineon/Tools/DAVE IDE/4.5.0.202105191637/eclipse/ARM-GCC-49/bin/arm-none-eabi-gcc" -MMD -MT "Dave/Generated/ECAT_SSC/ecat_ssc.o" -DXMC4800_F144x2048 -I"C:/Users/guan-ming.dennis-won/Documents/XMC_ESC/ETHCAT_SSC_XMC48/Libraries/XMCLib/inc" -I"C:/Users/guan-ming.dennis-won/Documents/XMC_ESC/ETHCAT_SSC_XMC48/Libraries/CMSIS/Include" -I"C:/Users/guan-ming.dennis-won/Documents/XMC_ESC/ETHCAT_SSC_XMC48/Libraries/CMSIS/Infineon/XMC4800_series/Include" -I"C:/Users/guan-ming.dennis-won/Documents/XMC_ESC/ETHCAT_SSC_XMC48" -I"C:/Users/guan-ming.dennis-won/Documents/XMC_ESC/ETHCAT_SSC_XMC48/Dave/Generated" -I"C:/Users/guan-ming.dennis-won/Documents/XMC_ESC/ETHCAT_SSC_XMC48/Libraries" -Os -ffunction-sections -fdata-sections -Wall -std=gnu99 -mfloat-abi=softfp -Wa,-adhlns="Dave/Generated/ECAT_SSC/ecat_ssc.o.lst" -pipe -c -fmessage-length=0 -MMD -MP -MF"Dave/Generated/ECAT_SSC/ecat_ssc.d" -MT"Dave/Generated/ECAT_SSC/ecat_ssc.d Dave/Generated/ECAT_SSC/ecat_ssc.o" -mcpu=cortex-m4 -mfpu=fpv4-sp-d16 -mthumb -o "Dave/Generated/ECAT_SSC/ecat_ssc.o" "../Dave/Generated/ECAT_SSC/ecat_ssc.c" 
'Finished building: ../Dave/Generated/ECAT_SSC/ecat_ssc.c'

'Building file: ../Dave/Generated/ECAT_SSC/ecat_ssc_conf.c'
'Invoking: ARM-GCC C Compiler'
"C:/Infineon/Tools/DAVE IDE/4.5.0.202105191637/eclipse/ARM-GCC-49/bin/arm-none-eabi-gcc" -MMD -MT "Dave/Generated/ECAT_SSC/ecat_ssc_conf.o" -DXMC4800_F144x2048 -I"C:/Users/guan-ming.dennis-won/Documents/XMC_ESC/ETHCAT_SSC_XMC48/Libraries/XMCLib/inc" -I"C:/Users/guan-ming.dennis-won/Documents/XMC_ESC/ETHCAT_SSC_XMC48/Libraries/CMSIS/Include" -I"C:/Users/guan-ming.dennis-won/Documents/XMC_ESC/ETHCAT_SSC_XMC48/Libraries/CMSIS/Infineon/XMC4800_series/Include" -I"C:/Users/guan-ming.dennis-won/Documents/XMC_ESC/ETHCAT_SSC_XMC48" -I"C:/Users/guan-ming.dennis-won/Documents/XMC_ESC/ETHCAT_SSC_XMC48/Dave/Generated" -I"C:/Users/guan-ming.dennis-won/Documents/XMC_ESC/ETHCAT_SSC_XMC48/Libraries" -Os -ffunction-sections -fdata-sections -Wall -std=gnu99 -mfloat-abi=softfp -Wa,-adhlns="Dave/Generated/ECAT_SSC/ecat_ssc_conf.o.lst" -pipe -c -fmessage-length=0 -MMD -MP -MF"Dave/Generated/ECAT_SSC/ecat_ssc_conf.d" -MT"Dave/Generated/ECAT_SSC/ecat_ssc_conf.d Dave/Generated/ECAT_SSC/ecat_ssc_conf.o" -mcpu=cortex-m4 -mfpu=fpv4-sp-d16 -mthumb -o "Dave/Generated/ECAT_SSC/ecat_ssc_conf.o" "../Dave/Generated/ECAT_SSC/ecat_ssc_conf.c" 
'Finished building: ../Dave/Generated/ECAT_SSC/ecat_ssc_conf.c'

'Building file: ../Dave/Generated/ECAT_SSC/xmc_eschw.c'
'Invoking: ARM-GCC C Compiler'
"C:/Infineon/Tools/DAVE IDE/4.5.0.202105191637/eclipse/ARM-GCC-49/bin/arm-none-eabi-gcc" -MMD -MT "Dave/Generated/ECAT_SSC/xmc_eschw.o" -DXMC4800_F144x2048 -I"C:/Users/guan-ming.dennis-won/Documents/XMC_ESC/ETHCAT_SSC_XMC48/Libraries/XMCLib/inc" -I"C:/Users/guan-ming.dennis-won/Documents/XMC_ESC/ETHCAT_SSC_XMC48/Libraries/CMSIS/Include" -I"C:/Users/guan-ming.dennis-won/Documents/XMC_ESC/ETHCAT_SSC_XMC48/Libraries/CMSIS/Infineon/XMC4800_series/Include" -I"C:/Users/guan-ming.dennis-won/Documents/XMC_ESC/ETHCAT_SSC_XMC48" -I"C:/Users/guan-ming.dennis-won/Documents/XMC_ESC/ETHCAT_SSC_XMC48/Dave/Generated" -I"C:/Users/guan-ming.dennis-won/Documents/XMC_ESC/ETHCAT_SSC_XMC48/Libraries" -Os -ffunction-sections -fdata-sections -Wall -std=gnu99 -mfloat-abi=softfp -Wa,-adhlns="Dave/Generated/ECAT_SSC/xmc_eschw.o.lst" -pipe -c -fmessage-length=0 -MMD -MP -MF"Dave/Generated/ECAT_SSC/xmc_eschw.d" -MT"Dave/Generated/ECAT_SSC/xmc_eschw.d Dave/Generated/ECAT_SSC/xmc_eschw.o" -mcpu=cortex-m4 -mfpu=fpv4-sp-d16 -mthumb -o "Dave/Generated/ECAT_SSC/xmc_eschw.o" "../Dave/Generated/ECAT_SSC/xmc_eschw.c" 
'Finished building: ../Dave/Generated/ECAT_SSC/xmc_eschw.c'

'Building file: ../Dave/Generated/DIGITAL_IO/digital_io.c'
'Invoking: ARM-GCC C Compiler'
"C:/Infineon/Tools/DAVE IDE/4.5.0.202105191637/eclipse/ARM-GCC-49/bin/arm-none-eabi-gcc" -MMD -MT "Dave/Generated/DIGITAL_IO/digital_io.o" -DXMC4800_F144x2048 -I"C:/Users/guan-ming.dennis-won/Documents/XMC_ESC/ETHCAT_SSC_XMC48/Libraries/XMCLib/inc" -I"C:/Users/guan-ming.dennis-won/Documents/XMC_ESC/ETHCAT_SSC_XMC48/Libraries/CMSIS/Include" -I"C:/Users/guan-ming.dennis-won/Documents/XMC_ESC/ETHCAT_SSC_XMC48/Libraries/CMSIS/Infineon/XMC4800_series/Include" -I"C:/Users/guan-ming.dennis-won/Documents/XMC_ESC/ETHCAT_SSC_XMC48" -I"C:/Users/guan-ming.dennis-won/Documents/XMC_ESC/ETHCAT_SSC_XMC48/Dave/Generated" -I"C:/Users/guan-ming.dennis-won/Documents/XMC_ESC/ETHCAT_SSC_XMC48/Libraries" -Os -ffunction-sections -fdata-sections -Wall -std=gnu99 -mfloat-abi=softfp -Wa,-adhlns="Dave/Generated/DIGITAL_IO/digital_io.o.lst" -pipe -c -fmessage-length=0 -MMD -MP -MF"Dave/Generated/DIGITAL_IO/digital_io.d" -MT"Dave/Generated/DIGITAL_IO/digital_io.d Dave/Generated/DIGITAL_IO/digital_io.o" -mcpu=cortex-m4 -mfpu=fpv4-sp-d16 -mthumb -o "Dave/Generated/DIGITAL_IO/digital_io.o" "../Dave/Generated/DIGITAL_IO/digital_io.c" 
'Finished building: ../Dave/Generated/DIGITAL_IO/digital_io.c'

'Building file: ../Dave/Generated/DIGITAL_IO/digital_io_conf.c'
'Invoking: ARM-GCC C Compiler'
"C:/Infineon/Tools/DAVE IDE/4.5.0.202105191637/eclipse/ARM-GCC-49/bin/arm-none-eabi-gcc" -MMD -MT "Dave/Generated/DIGITAL_IO/digital_io_conf.o" -DXMC4800_F144x2048 -I"C:/Users/guan-ming.dennis-won/Documents/XMC_ESC/ETHCAT_SSC_XMC48/Libraries/XMCLib/inc" -I"C:/Users/guan-ming.dennis-won/Documents/XMC_ESC/ETHCAT_SSC_XMC48/Libraries/CMSIS/Include" -I"C:/Users/guan-ming.dennis-won/Documents/XMC_ESC/ETHCAT_SSC_XMC48/Libraries/CMSIS/Infineon/XMC4800_series/Include" -I"C:/Users/guan-ming.dennis-won/Documents/XMC_ESC/ETHCAT_SSC_XMC48" -I"C:/Users/guan-ming.dennis-won/Documents/XMC_ESC/ETHCAT_SSC_XMC48/Dave/Generated" -I"C:/Users/guan-ming.dennis-won/Documents/XMC_ESC/ETHCAT_SSC_XMC48/Libraries" -Os -ffunction-sections -fdata-sections -Wall -std=gnu99 -mfloat-abi=softfp -Wa,-adhlns="Dave/Generated/DIGITAL_IO/digital_io_conf.o.lst" -pipe -c -fmessage-length=0 -MMD -MP -MF"Dave/Generated/DIGITAL_IO/digital_io_conf.d" -MT"Dave/Generated/DIGITAL_IO/digital_io_conf.d Dave/Generated/DIGITAL_IO/digital_io_conf.o" -mcpu=cortex-m4 -mfpu=fpv4-sp-d16 -mthumb -o "Dave/Generated/DIGITAL_IO/digital_io_conf.o" "../Dave/Generated/DIGITAL_IO/digital_io_conf.c" 
'Finished building: ../Dave/Generated/DIGITAL_IO/digital_io_conf.c'

'Building file: ../Dave/Generated/CPU_CTRL_XMC4/cpu_ctrl_xmc4.c'
'Invoking: ARM-GCC C Compiler'
"C:/Infineon/Tools/DAVE IDE/4.5.0.202105191637/eclipse/ARM-GCC-49/bin/arm-none-eabi-gcc" -MMD -MT "Dave/Generated/CPU_CTRL_XMC4/cpu_ctrl_xmc4.o" -DXMC4800_F144x2048 -I"C:/Users/guan-ming.dennis-won/Documents/XMC_ESC/ETHCAT_SSC_XMC48/Libraries/XMCLib/inc" -I"C:/Users/guan-ming.dennis-won/Documents/XMC_ESC/ETHCAT_SSC_XMC48/Libraries/CMSIS/Include" -I"C:/Users/guan-ming.dennis-won/Documents/XMC_ESC/ETHCAT_SSC_XMC48/Libraries/CMSIS/Infineon/XMC4800_series/Include" -I"C:/Users/guan-ming.dennis-won/Documents/XMC_ESC/ETHCAT_SSC_XMC48" -I"C:/Users/guan-ming.dennis-won/Documents/XMC_ESC/ETHCAT_SSC_XMC48/Dave/Generated" -I"C:/Users/guan-ming.dennis-won/Documents/XMC_ESC/ETHCAT_SSC_XMC48/Libraries" -Os -ffunction-sections -fdata-sections -Wall -std=gnu99 -mfloat-abi=softfp -Wa,-adhlns="Dave/Generated/CPU_CTRL_XMC4/cpu_ctrl_xmc4.o.lst" -pipe -c -fmessage-length=0 -MMD -MP -MF"Dave/Generated/CPU_CTRL_XMC4/cpu_ctrl_xmc4.d" -MT"Dave/Generated/CPU_CTRL_XMC4/cpu_ctrl_xmc4.d Dave/Generated/CPU_CTRL_XMC4/cpu_ctrl_xmc4.o" -mcpu=cortex-m4 -mfpu=fpv4-sp-d16 -mthumb -o "Dave/Generated/CPU_CTRL_XMC4/cpu_ctrl_xmc4.o" "../Dave/Generated/CPU_CTRL_XMC4/cpu_ctrl_xmc4.c" 
'Finished building: ../Dave/Generated/CPU_CTRL_XMC4/cpu_ctrl_xmc4.c'

'Building file: ../Dave/Generated/CPU_CTRL_XMC4/cpu_ctrl_xmc4_conf.c'
'Invoking: ARM-GCC C Compiler'
"C:/Infineon/Tools/DAVE IDE/4.5.0.202105191637/eclipse/ARM-GCC-49/bin/arm-none-eabi-gcc" -MMD -MT "Dave/Generated/CPU_CTRL_XMC4/cpu_ctrl_xmc4_conf.o" -DXMC4800_F144x2048 -I"C:/Users/guan-ming.dennis-won/Documents/XMC_ESC/ETHCAT_SSC_XMC48/Libraries/XMCLib/inc" -I"C:/Users/guan-ming.dennis-won/Documents/XMC_ESC/ETHCAT_SSC_XMC48/Libraries/CMSIS/Include" -I"C:/Users/guan-ming.dennis-won/Documents/XMC_ESC/ETHCAT_SSC_XMC48/Libraries/CMSIS/Infineon/XMC4800_series/Include" -I"C:/Users/guan-ming.dennis-won/Documents/XMC_ESC/ETHCAT_SSC_XMC48" -I"C:/Users/guan-ming.dennis-won/Documents/XMC_ESC/ETHCAT_SSC_XMC48/Dave/Generated" -I"C:/Users/guan-ming.dennis-won/Documents/XMC_ESC/ETHCAT_SSC_XMC48/Libraries" -Os -ffunction-sections -fdata-sections -Wall -std=gnu99 -mfloat-abi=softfp -Wa,-adhlns="Dave/Generated/CPU_CTRL_XMC4/cpu_ctrl_xmc4_conf.o.lst" -pipe -c -fmessage-length=0 -MMD -MP -MF"Dave/Generated/CPU_CTRL_XMC4/cpu_ctrl_xmc4_conf.d" -MT"Dave/Generated/CPU_CTRL_XMC4/cpu_ctrl_xmc4_conf.d Dave/Generated/CPU_CTRL_XMC4/cpu_ctrl_xmc4_conf.o" -mcpu=cortex-m4 -mfpu=fpv4-sp-d16 -mthumb -o "Dave/Generated/CPU_CTRL_XMC4/cpu_ctrl_xmc4_conf.o" "../Dave/Generated/CPU_CTRL_XMC4/cpu_ctrl_xmc4_conf.c" 
'Finished building: ../Dave/Generated/CPU_CTRL_XMC4/cpu_ctrl_xmc4_conf.c'

'Building file: ../Dave/Generated/CLOCK_XMC4/clock_xmc4.c'
'Invoking: ARM-GCC C Compiler'
"C:/Infineon/Tools/DAVE IDE/4.5.0.202105191637/eclipse/ARM-GCC-49/bin/arm-none-eabi-gcc" -MMD -MT "Dave/Generated/CLOCK_XMC4/clock_xmc4.o" -DXMC4800_F144x2048 -I"C:/Users/guan-ming.dennis-won/Documents/XMC_ESC/ETHCAT_SSC_XMC48/Libraries/XMCLib/inc" -I"C:/Users/guan-ming.dennis-won/Documents/XMC_ESC/ETHCAT_SSC_XMC48/Libraries/CMSIS/Include" -I"C:/Users/guan-ming.dennis-won/Documents/XMC_ESC/ETHCAT_SSC_XMC48/Libraries/CMSIS/Infineon/XMC4800_series/Include" -I"C:/Users/guan-ming.dennis-won/Documents/XMC_ESC/ETHCAT_SSC_XMC48" -I"C:/Users/guan-ming.dennis-won/Documents/XMC_ESC/ETHCAT_SSC_XMC48/Dave/Generated" -I"C:/Users/guan-ming.dennis-won/Documents/XMC_ESC/ETHCAT_SSC_XMC48/Libraries" -Os -ffunction-sections -fdata-sections -Wall -std=gnu99 -mfloat-abi=softfp -Wa,-adhlns="Dave/Generated/CLOCK_XMC4/clock_xmc4.o.lst" -pipe -c -fmessage-length=0 -MMD -MP -MF"Dave/Generated/CLOCK_XMC4/clock_xmc4.d" -MT"Dave/Generated/CLOCK_XMC4/clock_xmc4.d Dave/Generated/CLOCK_XMC4/clock_xmc4.o" -mcpu=cortex-m4 -mfpu=fpv4-sp-d16 -mthumb -o "Dave/Generated/CLOCK_XMC4/clock_xmc4.o" "../Dave/Generated/CLOCK_XMC4/clock_xmc4.c" 
'Finished building: ../Dave/Generated/CLOCK_XMC4/clock_xmc4.c'

'Building file: ../Dave/Generated/CLOCK_XMC4/clock_xmc4_conf.c'
'Invoking: ARM-GCC C Compiler'
"C:/Infineon/Tools/DAVE IDE/4.5.0.202105191637/eclipse/ARM-GCC-49/bin/arm-none-eabi-gcc" -MMD -MT "Dave/Generated/CLOCK_XMC4/clock_xmc4_conf.o" -DXMC4800_F144x2048 -I"C:/Users/guan-ming.dennis-won/Documents/XMC_ESC/ETHCAT_SSC_XMC48/Libraries/XMCLib/inc" -I"C:/Users/guan-ming.dennis-won/Documents/XMC_ESC/ETHCAT_SSC_XMC48/Libraries/CMSIS/Include" -I"C:/Users/guan-ming.dennis-won/Documents/XMC_ESC/ETHCAT_SSC_XMC48/Libraries/CMSIS/Infineon/XMC4800_series/Include" -I"C:/Users/guan-ming.dennis-won/Documents/XMC_ESC/ETHCAT_SSC_XMC48" -I"C:/Users/guan-ming.dennis-won/Documents/XMC_ESC/ETHCAT_SSC_XMC48/Dave/Generated" -I"C:/Users/guan-ming.dennis-won/Documents/XMC_ESC/ETHCAT_SSC_XMC48/Libraries" -Os -ffunction-sections -fdata-sections -Wall -std=gnu99 -mfloat-abi=softfp -Wa,-adhlns="Dave/Generated/CLOCK_XMC4/clock_xmc4_conf.o.lst" -pipe -c -fmessage-length=0 -MMD -MP -MF"Dave/Generated/CLOCK_XMC4/clock_xmc4_conf.d" -MT"Dave/Generated/CLOCK_XMC4/clock_xmc4_conf.d Dave/Generated/CLOCK_XMC4/clock_xmc4_conf.o" -mcpu=cortex-m4 -mfpu=fpv4-sp-d16 -mthumb -o "Dave/Generated/CLOCK_XMC4/clock_xmc4_conf.o" "../Dave/Generated/CLOCK_XMC4/clock_xmc4_conf.c" 
'Finished building: ../Dave/Generated/CLOCK_XMC4/clock_xmc4_conf.c'

'Building file: ../Dave/Generated/DAVE.c'
'Invoking: ARM-GCC C Compiler'
"C:/Infineon/Tools/DAVE IDE/4.5.0.202105191637/eclipse/ARM-GCC-49/bin/arm-none-eabi-gcc" -MMD -MT "Dave/Generated/DAVE.o" -DXMC4800_F144x2048 -I"C:/Users/guan-ming.dennis-won/Documents/XMC_ESC/ETHCAT_SSC_XMC48/Libraries/XMCLib/inc" -I"C:/Users/guan-ming.dennis-won/Documents/XMC_ESC/ETHCAT_SSC_XMC48/Libraries/CMSIS/Include" -I"C:/Users/guan-ming.dennis-won/Documents/XMC_ESC/ETHCAT_SSC_XMC48/Libraries/CMSIS/Infineon/XMC4800_series/Include" -I"C:/Users/guan-ming.dennis-won/Documents/XMC_ESC/ETHCAT_SSC_XMC48" -I"C:/Users/guan-ming.dennis-won/Documents/XMC_ESC/ETHCAT_SSC_XMC48/Dave/Generated" -I"C:/Users/guan-ming.dennis-won/Documents/XMC_ESC/ETHCAT_SSC_XMC48/Libraries" -Os -ffunction-sections -fdata-sections -Wall -std=gnu99 -mfloat-abi=softfp -Wa,-adhlns="Dave/Generated/DAVE.o.lst" -pipe -c -fmessage-length=0 -MMD -MP -MF"Dave/Generated/DAVE.d" -MT"Dave/Generated/DAVE.d Dave/Generated/DAVE.o" -mcpu=cortex-m4 -mfpu=fpv4-sp-d16 -mthumb -o "Dave/Generated/DAVE.o" "../Dave/Generated/DAVE.c" 
'Finished building: ../Dave/Generated/DAVE.c'

'Building file: ../main.c'
'Invoking: ARM-GCC C Compiler'
"C:/Infineon/Tools/DAVE IDE/4.5.0.202105191637/eclipse/ARM-GCC-49/bin/arm-none-eabi-gcc" -MMD -MT "main.o" -DXMC4800_F144x2048 -I"C:/Users/guan-ming.dennis-won/Documents/XMC_ESC/ETHCAT_SSC_XMC48/Libraries/XMCLib/inc" -I"C:/Users/guan-ming.dennis-won/Documents/XMC_ESC/ETHCAT_SSC_XMC48/Libraries/CMSIS/Include" -I"C:/Users/guan-ming.dennis-won/Documents/XMC_ESC/ETHCAT_SSC_XMC48/Libraries/CMSIS/Infineon/XMC4800_series/Include" -I"C:/Users/guan-ming.dennis-won/Documents/XMC_ESC/ETHCAT_SSC_XMC48" -I"C:/Users/guan-ming.dennis-won/Documents/XMC_ESC/ETHCAT_SSC_XMC48/Dave/Generated" -I"C:/Users/guan-ming.dennis-won/Documents/XMC_ESC/ETHCAT_SSC_XMC48/Libraries" -Os -ffunction-sections -fdata-sections -Wall -std=gnu99 -mfloat-abi=softfp -Wa,-adhlns="main.o.lst" -pipe -c -fmessage-length=0 -MMD -MP -MF"main.d" -MT"main.d main.o" -mcpu=cortex-m4 -mfpu=fpv4-sp-d16 -mthumb -o "main.o" "../main.c" 
'Finished building: ../main.c'

'Building target: ETHCAT_SSC_XMC48.elf'
'Invoking: ARM-GCC C Linker'
"C:/Infineon/Tools/DAVE IDE/4.5.0.202105191637/eclipse/ARM-GCC-49/bin/arm-none-eabi-gcc" -T"../linker_script.ld" -nostartfiles -Xlinker --gc-sections -specs=nano.specs -specs=nosys.specs -Wl,-Map,"ETHCAT_SSC_XMC48.map" -mfloat-abi=softfp -mfpu=fpv4-sp-d16 -mcpu=cortex-m4 -mthumb -o "ETHCAT_SSC_XMC48.elf" "@objects.rsp"  -lm
'Finished building target: ETHCAT_SSC_XMC48.elf'

'Invoking: ARM-GCC Create Flash Image'
"C:/Infineon/Tools/DAVE IDE/4.5.0.202105191637/eclipse/ARM-GCC-49/bin/arm-none-eabi-objcopy" -O ihex "ETHCAT_SSC_XMC48.elf" "ETHCAT_SSC_XMC48.hex"
'Finished building: ETHCAT_SSC_XMC48.hex'

'Invoking: ARM-GCC Create Listing'
"C:/Infineon/Tools/DAVE IDE/4.5.0.202105191637/eclipse/ARM-GCC-49/bin/arm-none-eabi-objdump" -h -S "ETHCAT_SSC_XMC48.elf" > "ETHCAT_SSC_XMC48.lst"
'Finished building: ETHCAT_SSC_XMC48.lst'

'Invoking: ARM-GCC Print Size'
"C:/Infineon/Tools/DAVE IDE/4.5.0.202105191637/eclipse/ARM-GCC-49/bin/arm-none-eabi-size" --format=berkeley "ETHCAT_SSC_XMC48.elf"
   text	   data	    bss	    dec	    hex	filename
  26448	   3232	   6964	  36644	   8f24	ETHCAT_SSC_XMC48.elf
'Finished building: ETHCAT_SSC_XMC48.siz'

00:52:10 **** Incremental Build of configuration Release for project ETHCAT_SSC_XMC48 ****
"\"C:\\Infineon\\Tools\\DAVE IDE\\4.5.0.202105191637\\eclipse\\ARM-GCC-49\\bin\\make\"" --output-sync -j8 all 
'Invoking: ARM-GCC Print Size'
"C:/Infineon/Tools/DAVE IDE/4.5.0.202105191637/eclipse/ARM-GCC-49/bin/arm-none-eabi-size" --format=berkeley "ETHCAT_SSC_XMC48.elf"
   text	   data	    bss	    dec	    hex	filename
  26448	   3232	   6964	  36644	   8f24	ETHCAT_SSC_XMC48.elf
'Finished building: ETHCAT_SSC_XMC48.siz'

